Component: ARM Compiler 5.06 update 4 (build 422) Tool: armlink [4d35d2]

==============================================================================

Section Cross References

    main.o(i.main) refers to coreboard_bsp.o(i.Coreboard_BSP_Init) for Coreboard_BSP_Init
    stm32h7xx_it.o(i.MemManage_Handler) refers to led_bsp.o(i.Bsp_LED_Off) for Bsp_LED_Off
    stm32h7xx_it.o(i.MemManage_Handler) refers to led_bsp.o(i.Bsp_LED_On) for Bsp_LED_On
    stm32h7xx_it.o(i.MemManage_Handler) refers to printf8.o(i.__0printf$8) for __2printf
    stm32h7xx_it.o(i.MemManage_Handler) refers to software_timer_bsp.o(i.Bsp_Delay_ms) for Bsp_Delay_ms
    user_lib.o(i.CRC16_Modbus) refers to user_lib.o(.constdata) for s_CRCHi
    user_lib.o(i.CaculTwoPoint) refers to ldiv.o(.text) for __aeabi_ldivmod
    user_lib.o(i.int_to_str) refers to user_lib.o(i.mem_set) for mem_set
    user_dbg.o(i.usmart_cmd_rec) refers to user_dbg_str.o(i.usmart_get_fname) for usmart_get_fname
    user_dbg.o(i.usmart_cmd_rec) refers to user_dbg_str.o(i.usmart_strcmp) for usmart_strcmp
    user_dbg.o(i.usmart_cmd_rec) refers to user_dbg_str.o(i.usmart_get_fparam) for usmart_get_fparam
    user_dbg.o(i.usmart_cmd_rec) refers to user_dbg_config.o(.data) for usmart_dev
    user_dbg.o(i.usmart_exe) refers to user_dbg_str.o(i.usmart_get_fname) for usmart_get_fname
    user_dbg.o(i.usmart_exe) refers to printf8.o(i.__0printf$8) for __2printf
    user_dbg.o(i.usmart_exe) refers to user_dbg_str.o(i.usmart_get_parmpos) for usmart_get_parmpos
    user_dbg.o(i.usmart_exe) refers to user_dbg.o(i.usmart_reset_runtime) for usmart_reset_runtime
    user_dbg.o(i.usmart_exe) refers to user_dbg.o(i.usmart_get_runtime) for usmart_get_runtime
    user_dbg.o(i.usmart_exe) refers to user_dbg_config.o(.data) for usmart_dev
    user_dbg.o(i.usmart_get_runtime) refers to hardware_timer_bsp.o(.bss) for TIM4_Handler
    user_dbg.o(i.usmart_get_runtime) refers to user_dbg_config.o(.data) for usmart_dev
    user_dbg.o(i.usmart_init) refers to hardware_timer_bsp.o(i.Bsp_InitHardTimer_TIM4) for Bsp_InitHardTimer_TIM4
    user_dbg.o(i.usmart_init) refers to user_dbg_config.o(.data) for usmart_dev
    user_dbg.o(i.usmart_reset_runtime) refers to hardware_timer_bsp.o(.bss) for TIM4_Handler
    user_dbg.o(i.usmart_reset_runtime) refers to user_dbg_config.o(.data) for usmart_dev
    user_dbg.o(i.usmart_scan) refers to user_dbg.o(i.usmart_sys_cmd_exe) for usmart_sys_cmd_exe
    user_dbg.o(i.usmart_scan) refers to printf8.o(i.__0printf$8) for __2printf
    user_dbg.o(i.usmart_scan) refers to usart1_bsp.o(.data) for USART_RX_STA
    user_dbg.o(i.usmart_scan) refers to usart1_bsp.o(.bss) for USART_RX_BUF
    user_dbg.o(i.usmart_scan) refers to user_dbg_config.o(.data) for usmart_dev
    user_dbg.o(i.usmart_sys_cmd_exe) refers to user_dbg_str.o(i.usmart_get_cmdname) for usmart_get_cmdname
    user_dbg.o(i.usmart_sys_cmd_exe) refers to user_dbg_str.o(i.usmart_strcmp) for usmart_strcmp
    user_dbg.o(i.usmart_sys_cmd_exe) refers to printf8.o(i.__0printf$8) for __2printf
    user_dbg.o(i.usmart_sys_cmd_exe) refers to user_dbg_str.o(i.usmart_get_fname) for usmart_get_fname
    user_dbg.o(i.usmart_sys_cmd_exe) refers to user_dbg_str.o(i.usmart_get_aparm) for usmart_get_aparm
    user_dbg.o(i.usmart_sys_cmd_exe) refers to user_dbg_str.o(i.usmart_str2num) for usmart_str2num
    user_dbg.o(i.usmart_sys_cmd_exe) refers to user_dbg.o(.data) for sys_cmd_tab
    user_dbg.o(i.usmart_sys_cmd_exe) refers to user_dbg.o(.conststring) for .conststring
    user_dbg.o(i.usmart_sys_cmd_exe) refers to user_dbg_config.o(.data) for usmart_dev
    user_dbg.o(.data) refers to user_dbg.o(.conststring) for .conststring
    user_dbg_str.o(i.usmart_get_fname) refers to user_dbg_str.o(i.usmart_strcmp) for usmart_strcmp
    user_dbg_str.o(i.usmart_get_fname) refers to user_dbg_str.o(i.usmart_search_nextc) for usmart_search_nextc
    user_dbg_str.o(i.usmart_get_fparam) refers to user_dbg_str.o(i.usmart_get_aparm) for usmart_get_aparm
    user_dbg_str.o(i.usmart_get_fparam) refers to user_dbg_str.o(i.usmart_str2num) for usmart_str2num
    user_dbg_str.o(i.usmart_get_fparam) refers to user_dbg_str.o(i.usmart_get_parmpos) for usmart_get_parmpos
    user_dbg_str.o(i.usmart_get_fparam) refers to user_dbg_str.o(i.usmart_strlen) for usmart_strlen
    user_dbg_str.o(i.usmart_get_fparam) refers to user_dbg_str.o(i.usmart_strcopy) for usmart_strcopy
    user_dbg_str.o(i.usmart_get_fparam) refers to user_dbg_config.o(.data) for usmart_dev
    user_dbg_str.o(i.usmart_get_parmpos) refers to user_dbg_config.o(.data) for usmart_dev
    user_dbg_str.o(i.usmart_str2num) refers to user_dbg_str.o(i.usmart_pow) for usmart_pow
    user_dbg_config.o(.data) refers to software_timer_bsp.o(i.Bsp_Delay_ms) for Bsp_Delay_ms
    user_dbg_config.o(.data) refers to user_dbg_config.o(.conststring) for .conststring
    user_dbg_config.o(.data) refers to software_timer_bsp.o(i.Bsp_Delay_us) for Bsp_Delay_us
[...]
    uwTickPrio                               0x240002e8   Data           4  stm32h7xx_hal.o(.data)
    uwTickFreq                               0x240002ec   Data           1  stm32h7xx_hal.o(.data)
    .bss                                     0x240002f0   Section      248  adc_bsp.o(.bss)
    .bss                                     0x240003e8   Section      200  coreboard_bsp.o(.bss)
    .bss                                     0x240004b0   Section       56  dac_bsp.o(.bss)
    sConfig                                  0x240004c4   Data          36  dac_bsp.o(.bss)
    .bss                                     0x240004e8   Section      800  hardware_timer_bsp.o(.bss)
    .bss                                     0x24000808   Section      386  lcd_bsp.o(.bss)
    .bss                                     0x2400098c   Section      306  rtc_bsp.o(.bss)
    .bss                                     0x24000ac0   Section       52  sdram_bsp.o(.bss)
    .bss                                     0x24000af4   Section       48  software_timer_bsp.o(.bss)
    s_tTmr                                   0x24000af4   Data          48  software_timer_bsp.o(.bss)
    .bss                                     0x24000b24   Section      328  usart1_bsp.o(.bss)
    .bss                                     0x24000c6c   Section       36  wdg_bsp.o(.bss)
    STACK                                    0x24000c90   Section    12288  startup_stm32h743xx.o(STACK)
    .ARM.__AT_0xC0000000                     0xc0000000   Section    2048000  lcd_bsp.o(.ARM.__AT_0xC0000000)

    Global Symbols

    Symbol Name                              Value     Ov Type        Size  Object(Section)

    BuildAttributes$$THM_ISAv4$E$P$D$K$B$S$7EM$VFPv5_D16$PE$PLD8$A:L22UL41UL21$X:L11$S22US41US21$IEEE1$IW$USESV6$~STKCKD$USESV7$~SHL$OSPACE$ROPI$EBA8$MICROLIB$REQ8$PRES8$EABIv2 0x00000000   Number         0  anon$$obj.o ABSOLUTE
    __ARM_use_no_argv                        0x00000000   Number         0  main.o ABSOLUTE
    _printf_a                                0x00000000   Number         0  stubs.o ABSOLUTE
    _printf_c                                0x00000000   Number         0  stubs.o ABSOLUTE
    _printf_charcount                        0x00000000   Number         0  stubs.o ABSOLUTE
    _printf_d                                0x00000000   Number         0  stubs.o ABSOLUTE
    _printf_e                                0x00000000   Number         0  stubs.o ABSOLUTE
    _printf_f                                0x00000000   Number         0  stubs.o ABSOLUTE
    _printf_flags                            0x00000000   Number         0  stubs.o ABSOLUTE
    _printf_fp_dec                           0x00000000   Number         0  stubs.o ABSOLUTE
    _printf_fp_hex                           0x00000000   Number         0  stubs.o ABSOLUTE
    _printf_g                                0x00000000   Number         0  stubs.o ABSOLUTE
    _printf_i                                0x00000000   Number         0  stubs.o ABSOLUTE
    _printf_int_dec                          0x00000000   Number         0  stubs.o ABSOLUTE
    _printf_l                                0x00000000   Number         0  stubs.o ABSOLUTE
    _printf_lc                               0x00000000   Number         0  stubs.o ABSOLUTE
    _printf_ll                               0x00000000   Number         0  stubs.o ABSOLUTE
    _printf_lld                              0x00000000   Number         0  stubs.o ABSOLUTE
    _printf_lli                              0x00000000   Number         0  stubs.o ABSOLUTE
    _printf_llo                              0x00000000   Number         0  stubs.o ABSOLUTE
    _printf_llu                              0x00000000   Number         0  stubs.o ABSOLUTE
    _printf_llx                              0x00000000   Number         0  stubs.o ABSOLUTE
    _printf_longlong_dec                     0x00000000   Number         0  stubs.o ABSOLUTE
    _printf_longlong_hex                     0x00000000   Number         0  stubs.o ABSOLUTE
    _printf_longlong_oct                     0x00000000   Number         0  stubs.o ABSOLUTE
    _printf_ls                               0x00000000   Number         0  stubs.o ABSOLUTE
    _printf_mbtowc                           0x00000000   Number         0  stubs.o ABSOLUTE
    _printf_n                                0x00000000   Number         0  stubs.o ABSOLUTE
    _printf_o                                0x00000000   Number         0  stubs.o ABSOLUTE
    _printf_p                                0x00000000   Number         0  stubs.o ABSOLUTE
    _printf_percent                          0x00000000   Number         0  stubs.o ABSOLUTE
    _printf_pre_padding                      0x00000000   Number         0  stubs.o ABSOLUTE
    _printf_return_value                     0x00000000   Number         0  stubs.o ABSOLUTE
    _printf_s                                0x00000000   Number         0  stubs.o ABSOLUTE
    _printf_sizespec                         0x00000000   Number         0  stubs.o ABSOLUTE
    _printf_str                              0x00000000   Number         0  stubs.o ABSOLUTE
    _printf_truncate_signed                  0x00000000   Number         0  stubs.o ABSOLUTE
    _printf_truncate_unsigned                0x00000000   Number         0  stubs.o ABSOLUTE
    _printf_u                                0x00000000   Number         0  stubs.o ABSOLUTE
    _printf_wc                               0x00000000   Number         0  stubs.o ABSOLUTE
    _printf_wctomb                           0x00000000   Number         0  stubs.o ABSOLUTE
    _printf_widthprec                        0x00000000   Number         0  stubs.o ABSOLUTE
    _printf_x                                0x00000000   Number         0  stubs.o ABSOLUTE
    __cpp_initialize__aeabi_                  - Undefined Weak Reference
    __cxa_finalize                            - Undefined Weak Reference
    _clock_init                               - Undefined Weak Reference
    _microlib_exit                            - Undefined Weak Reference
    __Vectors_Size                           0x00000298   Number         0  startup_stm32h743xx.o ABSOLUTE
    __Vectors                                0x08000000   Data           4  startup_stm32h743xx.o(RESET)
    __Vectors_End                            0x08000298   Data           0  startup_stm32h743xx.o(RESET)
    __main                                   0x08000299   Thumb Code     0  entry.o(.ARM.Collect$$$$00000000)
    _main_stk                                0x08000299   Thumb Code     0  entry2.o(.ARM.Collect$$$$00000001)
    _main_scatterload                        0x0800029d   Thumb Code     0  entry5.o(.ARM.Collect$$$$00000004)
    __main_after_scatterload                 0x080002a1   Thumb Code     0  entry5.o(.ARM.Collect$$$$00000004)
    _main_clock                              0x080002a1   Thumb Code     0  entry7b.o(.ARM.Collect$$$$00000008)
    _main_cpp_init                           0x080002a1   Thumb Code     0  entry8b.o(.ARM.Collect$$$$0000000A)
    _main_init                               0x080002a1   Thumb Code     0  entry9a.o(.ARM.Collect$$$$0000000B)
    __rt_final_cpp                           0x080002a9   Thumb Code     0  entry10a.o(.ARM.Collect$$$$0000000D)
    __rt_final_exit                          0x080002a9   Thumb Code     0  entry11a.o(.ARM.Collect$$$$0000000F)
    Reset_Handler                            0x080002ad   Thumb Code     8  startup_stm32h743xx.o(.text)
    SVC_Handler                              0x080002bf   Thumb Code     2  startup_stm32h743xx.o(.text)
    ADC3_IRQHandler                          0x080002c7   Thumb Code     0  startup_stm32h743xx.o(.text)
    ADC_IRQHandler                           0x080002c7   Thumb Code     0  startup_stm32h743xx.o(.text)
    BDMA_Channel0_IRQHandler                 0x080002c7   Thumb Code     0  startup_stm32h743xx.o(.text)
    BDMA_Channel1_IRQHandler                 0x080002c7   Thumb Code     0  startup_stm32h743xx.o(.text)
    BDMA_Channel2_IRQHandler                 0x080002c7   Thumb Code     0  startup_stm32h743xx.o(.text)
    BDMA_Channel3_IRQHandler                 0x080002c7   Thumb Code     0  startup_stm32h743xx.o(.text)
    BDMA_Channel4_IRQHandler                 0x080002c7   Thumb Code     0  startup_stm32h743xx.o(.text)
    BDMA_Channel5_IRQHandler                 0x080002c7   Thumb Code     0  startup_stm32h743xx.o(.text)
    BDMA_Channel6_IRQHandler                 0x080002c7   Thumb Code     0  startup_stm32h743xx.o(.text)
    BDMA_Channel7_IRQHandler                 0x080002c7   Thumb Code     0  startup_stm32h743xx.o(.text)
    CEC_IRQHandler                           0x080002c7   Thumb Code     0  startup_stm32h743xx.o(.text)
    COMP1_IRQHandler                         0x080002c7   Thumb Code     0  startup_stm32h743xx.o(.text)
    CRS_IRQHandler                           0x080002c7   Thumb Code     0  startup_stm32h743xx.o(.text)
    DCMI_IRQHandler                          0x080002c7   Thumb Code     0  startup_stm32h743xx.o(.text)
    DFSDM1_FLT0_IRQHandler                   0x080002c7   Thumb Code     0  startup_stm32h743xx.o(.text)
    DFSDM1_FLT1_IRQHandler                   0x080002c7   Thumb Code     0  startup_stm32h743xx.o(.text)
    DFSDM1_FLT2_IRQHandler                   0x080002c7   Thumb Code     0  startup_stm32h743xx.o(.text)
    DFSDM1_FLT3_IRQHandler                   0x080002c7   Thumb Code     0  startup_stm32h743xx.o(.text)
    DMA1_Stream0_IRQHandler                  0x080002c7   Thumb Code     0  startup_stm32h743xx.o(.text)
    DMA1_Stream1_IRQHandler                  0x080002c7   Thumb Code     0  startup_stm32h743xx.o(.text)
    DMA1_Stream2_IRQHandler                  0x080002c7   Thumb Code     0  startup_stm32h743xx.o(.text)
    DMA1_Stream3_IRQHandler                  0x080002c7   Thumb Code     0  startup_stm32h743xx.o(.text)
    DMA1_Stream4_IRQHandler                  0x080002c7   Thumb Code     0  startup_stm32h743xx.o(.text)
    DMA1_Stream6_IRQHandler                  0x080002c7   Thumb Code     0  startup_stm32h743xx.o(.text)
    DMA1_Stream7_IRQHandler                  0x080002c7   Thumb Code     0  startup_stm32h743xx.o(.text)
    DMA2D_IRQHandler                         0x080002c7   Thumb Code     0  startup_stm32h743xx.o(.text)
    DMA2_Stream0_IRQHandler                  0x080002c7   Thumb Code     0  startup_stm32h743xx.o(.text)
    DMA2_Stream1_IRQHandler                  0x080002c7   Thumb Code     0  startup_stm32h743xx.o(.text)
    DMA2_Stream2_IRQHandler                  0x080002c7   Thumb Code     0  startup_stm32h743xx.o(.text)
    DMA2_Stream3_IRQHandler                  0x080002c7   Thumb Code     0  startup_stm32h743xx.o(.text)
    DMA2_Stream4_IRQHandler                  0x080002c7   Thumb Code     0  startup_stm32h743xx.o(.text)
    DMA2_Stream5_IRQHandler                  0x080002c7   Thumb Code     0  startup_stm32h743xx.o(.text)
    DMA2_Stream6_IRQHandler                  0x080002c7   Thumb Code     0  startup_stm32h743xx.o(.text)
    DMA2_Stream7_IRQHandler                  0x080002c7   Thumb Code     0  startup_stm32h743xx.o(.text)
    DMAMUX1_OVR_IRQHandler                   0x080002c7   Thumb Code     0  startup_stm32h743xx.o(.text)
    DMAMUX2_OVR_IRQHandler                   0x080002c7   Thumb Code     0  startup_stm32h743xx.o(.text)
    ETH_IRQHandler                           0x080002c7   Thumb Code     0  startup_stm32h743xx.o(.text)
    ETH_WKUP_IRQHandler                      0x080002c7   Thumb Code     0  startup_stm32h743xx.o(.text)
    EXTI0_IRQHandler                         0x080002c7   Thumb Code     0  startup_stm32h743xx.o(.text)
    EXTI15_10_IRQHandler                     0x080002c7   Thumb Code     0  startup_stm32h743xx.o(.text)
    EXTI1_IRQHandler                         0x080002c7   Thumb Code     0  startup_stm32h743xx.o(.text)
    EXTI2_IRQHandler                         0x080002c7   Thumb Code     0  startup_stm32h743xx.o(.text)
    EXTI3_IRQHandler                         0x080002c7   Thumb Code     0  startup_stm32h743xx.o(.text)
    EXTI4_IRQHandler                         0x080002c7   Thumb Code     0  startup_stm32h743xx.o(.text)
    EXTI9_5_IRQHandler                       0x080002c7   Thumb Code     0  startup_stm32h743xx.o(.text)
    FDCAN1_IT0_IRQHandler                    0x080002c7   Thumb Code     0  startup_stm32h743xx.o(.text)
    FDCAN1_IT1_IRQHandler                    0x080002c7   Thumb Code     0  startup_stm32h743xx.o(.text)
    FDCAN2_IT0_IRQHandler                    0x080002c7   Thumb Code     0  startup_stm32h743xx.o(.text)
    FDCAN2_IT1_IRQHandler                    0x080002c7   Thumb Code     0  startup_stm32h743xx.o(.text)
    FDCAN_CAL_IRQHandler                     0x080002c7   Thumb Code     0  startup_stm32h743xx.o(.text)
    FLASH_IRQHandler                         0x080002c7   Thumb Code     0  startup_stm32h743xx.o(.text)
    FMC_IRQHandler                           0x080002c7   Thumb Code     0  startup_stm32h743xx.o(.text)
    FPU_IRQHandler                           0x080002c7   Thumb Code     0  startup_stm32h743xx.o(.text)
    HRTIM1_FLT_IRQHandler                    0x080002c7   Thumb Code     0  startup_stm32h743xx.o(.text)
    HRTIM1_Master_IRQHandler                 0x080002c7   Thumb Code     0  startup_stm32h743xx.o(.text)
    HRTIM1_TIMA_IRQHandler                   0x080002c7   Thumb Code     0  startup_stm32h743xx.o(.text)
    HRTIM1_TIMB_IRQHandler                   0x080002c7   Thumb Code     0  startup_stm32h743xx.o(.text)
    HRTIM1_TIMC_IRQHandler                   0x080002c7   Thumb Code     0  startup_stm32h743xx.o(.text)
    HRTIM1_TIMD_IRQHandler                   0x080002c7   Thumb Code     0  startup_stm32h743xx.o(.text)
    HRTIM1_TIME_IRQHandler                   0x080002c7   Thumb Code     0  startup_stm32h743xx.o(.text)
    HSEM1_IRQHandler                         0x080002c7   Thumb Code     0  startup_stm32h743xx.o(.text)
    I2C1_ER_IRQHandler                       0x080002c7   Thumb Code     0  startup_stm32h743xx.o(.text)
    I2C1_EV_IRQHandler                       0x080002c7   Thumb Code     0  startup_stm32h743xx.o(.text)
    I2C2_ER_IRQHandler                       0x080002c7   Thumb Code     0  startup_stm32h743xx.o(.text)
    I2C2_EV_IRQHandler                       0x080002c7   Thumb Code     0  startup_stm32h743xx.o(.text)
    I2C3_ER_IRQHandler                       0x080002c7   Thumb Code     0  startup_stm32h743xx.o(.text)
    I2C3_EV_IRQHandler                       0x080002c7   Thumb Code     0  startup_stm32h743xx.o(.text)
    I2C4_ER_IRQHandler                       0x080002c7   Thumb Code     0  startup_stm32h743xx.o(.text)
    I2C4_EV_IRQHandler                       0x080002c7   Thumb Code     0  startup_stm32h743xx.o(.text)
    JPEG_IRQHandler                          0x080002c7   Thumb Code     0  startup_stm32h743xx.o(.text)
    LPTIM1_IRQHandler                        0x080002c7   Thumb Code     0  startup_stm32h743xx.o(.text)
    LPTIM2_IRQHandler                        0x080002c7   Thumb Code     0  startup_stm32h743xx.o(.text)
    LPTIM3_IRQHandler                        0x080002c7   Thumb Code     0  startup_stm32h743xx.o(.text)
    LPTIM4_IRQHandler                        0x080002c7   Thumb Code     0  startup_stm32h743xx.o(.text)
    LPTIM5_IRQHandler                        0x080002c7   Thumb Code     0  startup_stm32h743xx.o(.text)
    LPUART1_IRQHandler                       0x080002c7   Thumb Code     0  startup_stm32h743xx.o(.text)
    LTDC_ER_IRQHandler                       0x080002c7   Thumb Code     0  startup_stm32h743xx.o(.text)
    LTDC_IRQHandler                          0x080002c7   Thumb Code     0  startup_stm32h743xx.o(.text)
    MDIOS_IRQHandler                         0x080002c7   Thumb Code     0  startup_stm32h743xx.o(.text)
    MDIOS_WKUP_IRQHandler                    0x080002c7   Thumb Code     0  startup_stm32h743xx.o(.text)
    MDMA_IRQHandler                          0x080002c7   Thumb Code     0  startup_stm32h743xx.o(.text)
    OTG_FS_EP1_IN_IRQHandler                 0x080002c7   Thumb Code     0  startup_stm32h743xx.o(.text)
    OTG_FS_EP1_OUT_IRQHandler                0x080002c7   Thumb Code     0  startup_stm32h743xx.o(.text)
    OTG_FS_IRQHandler                        0x080002c7   Thumb Code     0  startup_stm32h743xx.o(.text)
    OTG_FS_WKUP_IRQHandler                   0x080002c7   Thumb Code     0  startup_stm32h743xx.o(.text)
    OTG_HS_EP1_IN_IRQHandler                 0x080002c7   Thumb Code     0  startup_stm32h743xx.o(.text)
    OTG_HS_EP1_OUT_IRQHandler                0x080002c7   Thumb Code     0  startup_stm32h743xx.o(.text)
    OTG_HS_IRQHandler                        0x080002c7   Thumb Code     0  startup_stm32h743xx.o(.text)
    OTG_HS_WKUP_IRQHandler                   0x080002c7   Thumb Code     0  startup_stm32h743xx.o(.text)
    PVD_AVD_IRQHandler                       0x080002c7   Thumb Code     0  startup_stm32h743xx.o(.text)
    QUADSPI_IRQHandler                       0x080002c7   Thumb Code     0  startup_stm32h743xx.o(.text)
    RCC_IRQHandler                           0x080002c7   Thumb Code     0  startup_stm32h743xx.o(.text)
    RNG_IRQHandler                           0x080002c7   Thumb Code     0  startup_stm32h743xx.o(.text)
    SAI1_IRQHandler                          0x080002c7   Thumb Code     0  startup_stm32h743xx.o(.text)
    SAI2_IRQHandler                          0x080002c7   Thumb Code     0  startup_stm32h743xx.o(.text)
    SAI3_IRQHandler                          0x080002c7   Thumb Code     0  startup_stm32h743xx.o(.text)
    SAI4_IRQHandler                          0x080002c7   Thumb Code     0  startup_stm32h743xx.o(.text)
    SDMMC1_IRQHandler                        0x080002c7   Thumb Code     0  startup_stm32h743xx.o(.text)
    SDMMC2_IRQHandler                        0x080002c7   Thumb Code     0  startup_stm32h743xx.o(.text)
    SPDIF_RX_IRQHandler                      0x080002c7   Thumb Code     0  startup_stm32h743xx.o(.text)
    SPI1_IRQHandler                          0x080002c7   Thumb Code     0  startup_stm32h743xx.o(.text)
    SPI2_IRQHandler                          0x080002c7   Thumb Code     0  startup_stm32h743xx.o(.text)
    SPI3_IRQHandler                          0x080002c7   Thumb Code     0  startup_stm32h743xx.o(.text)
    SPI4_IRQHandler                          0x080002c7   Thumb Code     0  startup_stm32h743xx.o(.text)
    SPI5_IRQHandler                          0x080002c7   Thumb Code     0  startup_stm32h743xx.o(.text)
    SPI6_IRQHandler                          0x080002c7   Thumb Code     0  startup_stm32h743xx.o(.text)
    SWPMI1_IRQHandler                        0x080002c7   Thumb Code     0  startup_stm32h743xx.o(.text)
    TIM15_IRQHandler                         0x080002c7   Thumb Code     0  startup_stm32h743xx.o(.text)
    TIM16_IRQHandler                         0x080002c7   Thumb Code     0  startup_stm32h743xx.o(.text)
    TIM17_IRQHandler                         0x080002c7   Thumb Code     0  startup_stm32h743xx.o(.text)
    TIM1_BRK_IRQHandler                      0x080002c7   Thumb Code     0  startup_stm32h743xx.o(.text)
    TIM1_TRG_COM_IRQHandler                  0x080002c7   Thumb Code     0  startup_stm32h743xx.o(.text)
    TIM1_UP_IRQHandler                       0x080002c7   Thumb Code     0  startup_stm32h743xx.o(.text)
    TIM2_IRQHandler                          0x080002c7   Thumb Code     0  startup_stm32h743xx.o(.text)
    TIM3_IRQHandler                          0x080002c7   Thumb Code     0  startup_stm32h743xx.o(.text)
    TIM7_IRQHandler                          0x080002c7   Thumb Code     0  startup_stm32h743xx.o(.text)
    TIM8_BRK_TIM12_IRQHandler                0x080002c7   Thumb Code     0  startup_stm32h743xx.o(.text)
    TIM8_CC_IRQHandler                       0x080002c7   Thumb Code     0  startup_stm32h743xx.o(.text)
    TIM8_TRG_COM_TIM14_IRQHandler            0x080002c7   Thumb Code     0  startup_stm32h743xx.o(.text)
    TIM8_UP_TIM13_IRQHandler                 0x080002c7   Thumb Code     0  startup_stm32h743xx.o(.text)
    UART4_IRQHandler                         0x080002c7   Thumb Code     0  startup_stm32h743xx.o(.text)
    UART5_IRQHandler                         0x080002c7   Thumb Code     0  startup_stm32h743xx.o(.text)
    UART7_IRQHandler                         0x080002c7   Thumb Code     0  startup_stm32h743xx.o(.text)
    UART8_IRQHandler                         0x080002c7   Thumb Code     0  startup_stm32h743xx.o(.text)
    USART2_IRQHandler                        0x080002c7   Thumb Code     0  startup_stm32h743xx.o(.text)
    USART3_IRQHandler                        0x080002c7   Thumb Code     0  startup_stm32h743xx.o(.text)
    USART6_IRQHandler                        0x080002c7   Thumb Code     0  startup_stm32h743xx.o(.text)
    WAKEUP_PIN_IRQHandler                    0x080002c7   Thumb Code     0  startup_stm32h743xx.o(.text)
    __aeabi_uldivmod                         0x080002d1   Thumb Code    98  uldiv.o(.text)
    __aeabi_memcpy                           0x08000333   Thumb Code    36  memcpya.o(.text)
    __aeabi_memcpy4                          0x08000333   Thumb Code     0  memcpya.o(.text)
    __aeabi_memcpy8                          0x08000333   Thumb Code     0  memcpya.o(.text)
    __aeabi_llsl                             0x08000357   Thumb Code    30  llshl.o(.text)
    _ll_shift_l                              0x08000357   Thumb Code     0  llshl.o(.text)
    __aeabi_llsr                             0x08000375   Thumb Code    32  llushr.o(.text)
    _ll_ushift_r                             0x08000375   Thumb Code     0  llushr.o(.text)
    __scatterload                            0x08000395   Thumb Code    28  init.o(.text)
    __scatterload_rt2                        0x08000395   Thumb Code     0  init.o(.text)
    __decompress                             0x080003b9   Thumb Code     0  __dczerorl2.o(.text)
    __decompress1                            0x080003b9   Thumb Code    86  __dczerorl2.o(.text)
    ADC_ConversionStop                       0x08000411   Thumb Code   256  stm32h7xx_hal_adc.o(i.ADC_ConversionStop)
    ADC_DMAConvCplt                          0x08000515   Thumb Code   138  stm32h7xx_hal_adc.o(i.ADC_DMAConvCplt)
    ADC_DMAError                             0x0800059f   Thumb Code    30  stm32h7xx_hal_adc.o(i.ADC_DMAError)
    ADC_DMAHalfConvCplt                      0x080005bd   Thumb Code    14  stm32h7xx_hal_adc.o(i.ADC_DMAHalfConvCplt)
    ADC_Disable                              0x080005cb   Thumb Code   152  stm32h7xx_hal_adc.o(i.ADC_Disable)
    ADC_Enable                               0x08000665   Thumb Code   154  stm32h7xx_hal_adc.o(i.ADC_Enable)
    BSP_Idle                                 0x08000705   Thumb Code     2  coreboard_bsp.o(i.BSP_Idle)
    BSP_RunPer10ms                           0x08000709   Thumb Code    32  coreboard_bsp.o(i.BSP_RunPer10ms)
    BSP_RunPer1ms                            0x0800072d   Thumb Code     2  coreboard_bsp.o(i.BSP_RunPer1ms)
    Bsp_Delay_ms                             0x08000731   Thumb Code    58  software_timer_bsp.o(i.Bsp_Delay_ms)
    Bsp_Delay_us                             0x08000775   Thumb Code    68  software_timer_bsp.o(i.Bsp_Delay_us)
    Bsp_InitHardTimer_TIM2                   0x080007bd   Thumb Code   154  hardware_timer_bsp.o(i.Bsp_InitHardTimer_TIM2)
    Bsp_InitHardTimer_TIM4                   0x08000869   Thumb Code    88  hardware_timer_bsp.o(i.Bsp_InitHardTimer_TIM4)
    Bsp_InitLed                              0x080008cd   Thumb Code   262  led_bsp.o(i.Bsp_InitLed)
    Bsp_InitSoftTimer                        0x080009e9   Thumb Code    70  software_timer_bsp.o(i.Bsp_InitSoftTimer)
    Bsp_InitUsart1                           0x08000a39   Thumb Code    54  usart1_bsp.o(i.Bsp_InitUsart1)
    Bsp_Init_ADC3_MULTI_CHANNEL              0x08000a7d   Thumb Code   290  adc_bsp.o(i.Bsp_Init_ADC3_MULTI_CHANNEL)
    Bsp_LCD_Clear                            0x08000bb1   Thumb Code    58  lcd_bsp.o(i.Bsp_LCD_Clear)
    Bsp_LCD_Display_Dir                      0x08000bf9   Thumb Code   376  lcd_bsp.o(i.Bsp_LCD_Display_Dir)
    Bsp_LCD_DrawLine                         0x08000d79   Thumb Code   176  lcd_bsp.o(i.Bsp_LCD_DrawLine)
    Bsp_LCD_DrawPoint                        0x08000e29   Thumb Code    48  lcd_bsp.o(i.Bsp_LCD_DrawPoint)
    Bsp_LCD_DrawRectangle                    0x08000e65   Thumb Code    60  lcd_bsp.o(i.Bsp_LCD_DrawRectangle)
    Bsp_LCD_Draw_Circle                      0x08000ea1   Thumb Code   152  lcd_bsp.o(i.Bsp_LCD_Draw_Circle)
    Bsp_LCD_Fast_DrawPoint                   0x08000f39   Thumb Code   278  lcd_bsp.o(i.Bsp_LCD_Fast_DrawPoint)
    Bsp_LCD_Fill                             0x0800105d   Thumb Code   104  lcd_bsp.o(i.Bsp_LCD_Fill)
    Bsp_LCD_ReadPoint                        0x080010cd   Thumb Code   196  lcd_bsp.o(i.Bsp_LCD_ReadPoint)
    Bsp_LCD_Scan_Dir                         0x08001199   Thumb Code   624  lcd_bsp.o(i.Bsp_LCD_Scan_Dir)
    Bsp_LCD_SetCursor                        0x0800140d   Thumb Code   306  lcd_bsp.o(i.Bsp_LCD_SetCursor)
    Bsp_LCD_ShowChar                         0x08001545   Thumb Code   288  lcd_bsp.o(i.Bsp_LCD_ShowChar)
    Bsp_LCD_ShowNum                          0x08001681   Thumb Code   148  lcd_bsp.o(i.Bsp_LCD_ShowNum)
    Bsp_LCD_ShowString                       0x08001715   Thumb Code   102  lcd_bsp.o(i.Bsp_LCD_ShowString)
    Bsp_LCD_ShowxNum                         0x0800177b   Thumb Code   190  lcd_bsp.o(i.Bsp_LCD_ShowxNum)
    Bsp_LCD_WriteRAM_Prepare                 0x08001839   Thumb Code    10  lcd_bsp.o(i.Bsp_LCD_WriteRAM_Prepare)
    Bsp_LCD_WriteReg                         0x0800184d   Thumb Code    10  lcd_bsp.o(i.Bsp_LCD_WriteReg)
    Bsp_LED_Off                              0x0800185d   Thumb Code   132  led_bsp.o(i.Bsp_LED_Off)
    Bsp_LED_On                               0x080018f1   Thumb Code   132  led_bsp.o(i.Bsp_LED_On)
    Bsp_LED_Toggled                          0x08001985   Thumb Code   120  led_bsp.o(i.Bsp_LED_Toggled)
    Bsp_LTDC_Clear                           0x08001a0d   Thumb Code    32  lcd_bsp.o(i.Bsp_LTDC_Clear)
    Bsp_LTDC_Clk_Set                         0x08001a31   Thumb Code    46  lcd_bsp.o(i.Bsp_LTDC_Clk_Set)
    Bsp_LTDC_Display_Dir                     0x08001a61   Thumb Code    40  lcd_bsp.o(i.Bsp_LTDC_Display_Dir)
    Bsp_LTDC_Draw_Point                      0x08001a8d   Thumb Code    70  lcd_bsp.o(i.Bsp_LTDC_Draw_Point)
    Bsp_LTDC_Fill                            0x08001add   Thumb Code   310  lcd_bsp.o(i.Bsp_LTDC_Fill)
    Bsp_LTDC_Layer_Parameter_Config          0x08001c25   Thumb Code   114  lcd_bsp.o(i.Bsp_LTDC_Layer_Parameter_Config)
    Bsp_LTDC_Layer_Switch                    0x08001ca1   Thumb Code    76  lcd_bsp.o(i.Bsp_LTDC_Layer_Switch)
    Bsp_LTDC_Layer_Window_Config             0x08001cf1   Thumb Code    44  lcd_bsp.o(i.Bsp_LTDC_Layer_Window_Config)
    Bsp_LTDC_PanelID_Read                    0x08001d21   Thumb Code   198  lcd_bsp.o(i.Bsp_LTDC_PanelID_Read)
    Bsp_LTDC_Read_Point                      0x08001df5   Thumb Code    72  lcd_bsp.o(i.Bsp_LTDC_Read_Point)
    Bsp_LTDC_Select_Layer                    0x08001e45   Thumb Code     6  lcd_bsp.o(i.Bsp_LTDC_Select_Layer)
    Bsp_LTDC_Switch                          0x08001e51   Thumb Code    42  lcd_bsp.o(i.Bsp_LTDC_Switch)
    Bsp_Lcd_RD_DATA                          0x08001e81   Thumb Code    14  lcd_bsp.o(i.Bsp_Lcd_RD_DATA)
    Bsp_Lcd_WR_DATA                          0x08001e95   Thumb Code    18  lcd_bsp.o(i.Bsp_Lcd_WR_DATA)
    Bsp_Lcd_WR_REG                           0x08001ead   Thumb Code    18  lcd_bsp.o(i.Bsp_Lcd_WR_REG)
    Bsp_RGB_LCD_Init                         0x08001ec5   Thumb Code   990  lcd_bsp.o(i.Bsp_RGB_LCD_Init)
    Bsp_RTC_GetAlarm                         0x080022c1   Thumb Code    18  rtc_bsp.o(i.Bsp_RTC_GetAlarm)
    Bsp_RTC_GetDate                          0x080022dd   Thumb Code    14  rtc_bsp.o(i.Bsp_RTC_GetDate)
    Bsp_RTC_GetTime                          0x080022f5   Thumb Code    14  rtc_bsp.o(i.Bsp_RTC_GetTime)
    Bsp_RTC_Init                             0x0800230d   Thumb Code   100  rtc_bsp.o(i.Bsp_RTC_Init)
    Bsp_RTC_Set_AlarmA                       0x08002379   Thumb Code   110  rtc_bsp.o(i.Bsp_RTC_Set_AlarmA)
    Bsp_RTC_Set_Date                         0x080023ed   Thumb Code    38  rtc_bsp.o(i.Bsp_RTC_Set_Date)
    Bsp_RTC_Set_Time                         0x08002419   Thumb Code    58  rtc_bsp.o(i.Bsp_RTC_Set_Time)
    Bsp_SDRAM_Init                           0x08002459   Thumb Code    94  sdram_bsp.o(i.Bsp_SDRAM_Init)
    Bsp_SDRAM_Initialization_Sequence        0x080024c1   Thumb Code    78  sdram_bsp.o(i.Bsp_SDRAM_Initialization_Sequence)
    Bsp_SDRAM_Send_Cmd                       0x08002515   Thumb Code    68  sdram_bsp.o(i.Bsp_SDRAM_Send_Cmd)
    Bsp_SetTIM2Compare1                      0x0800255d   Thumb Code   146  pwm_bsp.o(i.Bsp_SetTIM2Compare1)
    BusFault_Handler                         0x08002699   Thumb Code     4  stm32h7xx_it.o(i.BusFault_Handler)
    Coreboard_BSP_Init                       0x080026b9   Thumb Code   384  coreboard_bsp.o(i.Coreboard_BSP_Init)
    DMA1_Stream5_IRQHandler                  0x08002909   Thumb Code    12  dac_bsp.o(i.DMA1_Stream5_IRQHandler)
    DebugMon_Handler                         0x08002b79   Thumb Code     2  stm32h7xx_it.o(i.DebugMon_Handler)
    Error_Handler                            0x08002b7b   Thumb Code    16  coreboard_bsp.o(i.Error_Handler)
    FMC_SDRAM_Init                           0x08002b8b   Thumb Code   116  stm32h7xx_ll_fmc.o(i.FMC_SDRAM_Init)
    FMC_SDRAM_ProgramRefreshRate             0x08002bff   Thumb Code    14  stm32h7xx_ll_fmc.o(i.FMC_SDRAM_ProgramRefreshRate)
    FMC_SDRAM_SendCommand                    0x08002c0d   Thumb Code    38  stm32h7xx_ll_fmc.o(i.FMC_SDRAM_SendCommand)
    FMC_SDRAM_Timing_Init                    0x08002c35   Thumb Code   152  stm32h7xx_ll_fmc.o(i.FMC_SDRAM_Timing_Init)
    GetInfo_Calendar                         0x08002cd1   Thumb Code   106  rtc_bsp.o(i.GetInfo_Calendar)
    GetInfo_CoreBoard                        0x08002de5   Thumb Code   126  coreboard_bsp.o(i.GetInfo_CoreBoard)
    HAL_ADCEx_Calibration_Start              0x08002ef9   Thumb Code   188  stm32h7xx_hal_adc_ex.o(i.HAL_ADCEx_Calibration_Start)
    HAL_ADC_ConfigChannel                    0x08002fb5   Thumb Code  1722  stm32h7xx_hal_adc.o(i.HAL_ADC_ConfigChannel)
    HAL_ADC_ConvCpltCallback                 0x0800368d   Thumb Code     8  adc_dualmode_bsp.o(i.HAL_ADC_ConvCpltCallback)
    HAL_ADC_ConvHalfCpltCallback             0x08003699   Thumb Code     8  adc_dualmode_bsp.o(i.HAL_ADC_ConvHalfCpltCallback)
    HAL_ADC_DeInit                           0x080036a5   Thumb Code   716  stm32h7xx_hal_adc.o(i.HAL_ADC_DeInit)
    HAL_ADC_ErrorCallback                    0x08003991   Thumb Code    18  adc_dualmode_bsp.o(i.HAL_ADC_ErrorCallback)
    HAL_ADC_Init                             0x080039a5   Thumb Code   820  stm32h7xx_hal_adc.o(i.HAL_ADC_Init)
    HAL_ADC_MspDeInit                        0x08003cfd   Thumb Code    60  adc_bsp.o(i.HAL_ADC_MspDeInit)
    HAL_ADC_MspInit                          0x08003d45   Thumb Code   232  adc_bsp.o(i.HAL_ADC_MspInit)
    HAL_ADC_Start_DMA                        0x08003e3d   Thumb Code   314  stm32h7xx_hal_adc.o(i.HAL_ADC_Start_DMA)
    HAL_DACEx_DMAUnderrunCallbackCh2         0x08003f91   Thumb Code     2  stm32h7xx_hal_dac_ex.o(i.HAL_DACEx_DMAUnderrunCallbackCh2)
    HAL_DAC_DMAUnderrunCallbackCh1           0x08003f93   Thumb Code     2  stm32h7xx_hal_dac.o(i.HAL_DAC_DMAUnderrunCallbackCh1)
    HAL_DAC_IRQHandler                       0x08003f95   Thumb Code   138  stm32h7xx_hal_dac.o(i.HAL_DAC_IRQHandler)
    HAL_DMA_Abort_IT                         0x08004021   Thumb Code   236  stm32h7xx_hal_dma.o(i.HAL_DMA_Abort_IT)
    HAL_DMA_DeInit                           0x08004119   Thumb Code   276  stm32h7xx_hal_dma.o(i.HAL_DMA_DeInit)
    HAL_DMA_IRQHandler                       0x08004239   Thumb Code  1094  stm32h7xx_hal_dma.o(i.HAL_DMA_IRQHandler)
    HAL_DMA_Init                             0x08004685   Thumb Code   512  stm32h7xx_hal_dma.o(i.HAL_DMA_Init)
    HAL_DMA_Start_IT                         0x08004895   Thumb Code   328  stm32h7xx_hal_dma.o(i.HAL_DMA_Start_IT)
    HAL_EnableCompensationCell               0x080049e5   Thumb Code    14  stm32h7xx_hal.o(i.HAL_EnableCompensationCell)
    HAL_GPIO_DeInit                          0x080049f9   Thumb Code   338  stm32h7xx_hal_gpio.o(i.HAL_GPIO_DeInit)
    HAL_GPIO_Init                            0x08004b7d   Thumb Code   534  stm32h7xx_hal_gpio.o(i.HAL_GPIO_Init)
    HAL_GPIO_ReadPin                         0x08004dc9   Thumb Code    16  stm32h7xx_hal_gpio.o(i.HAL_GPIO_ReadPin)
    HAL_GPIO_TogglePin                       0x08004dd9   Thumb Code     8  stm32h7xx_hal_gpio.o(i.HAL_GPIO_TogglePin)
    HAL_GPIO_WritePin                        0x08004de1   Thumb Code    10  stm32h7xx_hal_gpio.o(i.HAL_GPIO_WritePin)
    HAL_GetTick                              0x08004ded   Thumb Code     6  stm32h7xx_hal.o(i.HAL_GetTick)
    HAL_Init                                 0x08004df9   Thumb Code    28  stm32h7xx_hal.o(i.HAL_Init)
    HAL_InitTick                             0x08004e15   Thumb Code    64  stm32h7xx_hal.o(i.HAL_InitTick)
    HAL_LTDC_ConfigLayer                     0x08004e61   Thumb Code    94  stm32h7xx_hal_ltdc.o(i.HAL_LTDC_ConfigLayer)
    HAL_LTDC_Init                            0x08004ec1   Thumb Code   278  stm32h7xx_hal_ltdc.o(i.HAL_LTDC_Init)
    HAL_LTDC_MspInit                         0x08004fdd   Thumb Code   300  lcd_bsp.o(i.HAL_LTDC_MspInit)
    HAL_LTDC_SetWindowPosition               0x08005121   Thumb Code   108  stm32h7xx_hal_ltdc.o(i.HAL_LTDC_SetWindowPosition)
    HAL_LTDC_SetWindowSize                   0x0800518d   Thumb Code   108  stm32h7xx_hal_ltdc.o(i.HAL_LTDC_SetWindowSize)
    HAL_MspInit                              0x080051f9   Thumb Code     2  stm32h7xx_hal.o(i.HAL_MspInit)
    HAL_NVIC_EnableIRQ                       0x080051fb   Thumb Code    32  stm32h7xx_hal_cortex.o(i.HAL_NVIC_EnableIRQ)
    HAL_NVIC_SetPriority                     0x0800521b   Thumb Code   124  stm32h7xx_hal_cortex.o(i.HAL_NVIC_SetPriority)
    HAL_NVIC_SetPriorityGrouping             0x08005299   Thumb Code    32  stm32h7xx_hal_cortex.o(i.HAL_NVIC_SetPriorityGrouping)
    HAL_PWR_EnableBkUpAccess                 0x080052c1   Thumb Code    14  stm32h7xx_hal_pwr.o(i.HAL_PWR_EnableBkUpAccess)
    HAL_RCCEx_GetD1SysClockFreq              0x080052d5   Thumb Code    44  stm32h7xx_hal_rcc_ex.o(i.HAL_RCCEx_GetD1SysClockFreq)
    HAL_RCCEx_GetD3PCLK1Freq                 0x0800530d   Thumb Code    34  stm32h7xx_hal_rcc_ex.o(i.HAL_RCCEx_GetD3PCLK1Freq)
    HAL_RCCEx_GetPLL2ClockFreq               0x08005339   Thumb Code   532  stm32h7xx_hal_rcc_ex.o(i.HAL_RCCEx_GetPLL2ClockFreq)
    HAL_RCCEx_GetPLL3ClockFreq               0x08005565   Thumb Code   532  stm32h7xx_hal_rcc_ex.o(i.HAL_RCCEx_GetPLL3ClockFreq)
    HAL_RCCEx_PeriphCLKConfig                0x08005791   Thumb Code  3204  stm32h7xx_hal_rcc_ex.o(i.HAL_RCCEx_PeriphCLKConfig)
    HAL_RCC_ClockConfig                      0x08006419   Thumb Code   574  stm32h7xx_hal_rcc.o(i.HAL_RCC_ClockConfig)
    HAL_RCC_GetHCLKFreq                      0x08006669   Thumb Code    42  stm32h7xx_hal_rcc.o(i.HAL_RCC_GetHCLKFreq)
    HAL_RCC_GetPCLK1Freq                     0x080066a1   Thumb Code    34  stm32h7xx_hal_rcc.o(i.HAL_RCC_GetPCLK1Freq)
    HAL_RCC_GetPCLK2Freq                     0x080066cd   Thumb Code    36  stm32h7xx_hal_rcc.o(i.HAL_RCC_GetPCLK2Freq)
    HAL_RCC_GetSysClockFreq                  0x080066f9   Thumb Code   556  stm32h7xx_hal_rcc.o(i.HAL_RCC_GetSysClockFreq)
    HAL_RCC_OscConfig                        0x0800693d   Thumb Code  1724  stm32h7xx_hal_rcc.o(i.HAL_RCC_OscConfig)
    HAL_RTCEx_AlarmBEventCallback            0x08007001   Thumb Code     2  stm32h7xx_hal_rtc_ex.o(i.HAL_RTCEx_AlarmBEventCallback)
    HAL_RTCEx_BKUPRead                       0x08007003   Thumb Code    18  stm32h7xx_hal_rtc_ex.o(i.HAL_RTCEx_BKUPRead)
    HAL_RTCEx_BKUPWrite                      0x08007015   Thumb Code    18  stm32h7xx_hal_rtc_ex.o(i.HAL_RTCEx_BKUPWrite)
    HAL_RTCEx_GetTimeStamp                   0x08007029   Thumb Code   182  stm32h7xx_hal_rtc_ex.o(i.HAL_RTCEx_GetTimeStamp)
    HAL_RTCEx_Tamper1EventCallback           0x080070ed   Thumb Code    54  rtc_bsp.o(i.HAL_RTCEx_Tamper1EventCallback)
    HAL_RTCEx_Tamper2EventCallback           0x08007129   Thumb Code     2  stm32h7xx_hal_rtc_ex.o(i.HAL_RTCEx_Tamper2EventCallback)
    HAL_RTCEx_Tamper3EventCallback           0x0800712b   Thumb Code     2  stm32h7xx_hal_rtc_ex.o(i.HAL_RTCEx_Tamper3EventCallback)
    HAL_RTCEx_TamperTimeStampIRQHandler      0x0800712d   Thumb Code   212  stm32h7xx_hal_rtc_ex.o(i.HAL_RTCEx_TamperTimeStampIRQHandler)
    HAL_RTCEx_TimeStampEventCallback         0x08007215   Thumb Code    18  rtc_bsp.o(i.HAL_RTCEx_TimeStampEventCallback)
    HAL_RTCEx_WakeUpTimerEventCallback       0x08007235   Thumb Code     2  rtc_bsp.o(i.HAL_RTCEx_WakeUpTimerEventCallback)
    HAL_RTCEx_WakeUpTimerIRQHandler          0x08007239   Thumb Code    52  stm32h7xx_hal_rtc_ex.o(i.HAL_RTCEx_WakeUpTimerIRQHandler)
    HAL_RTC_AlarmAEventCallback              0x08007271   Thumb Code     2  rtc_bsp.o(i.HAL_RTC_AlarmAEventCallback)
    HAL_RTC_AlarmIRQHandler                  0x08007275   Thumb Code   104  stm32h7xx_hal_rtc.o(i.HAL_RTC_AlarmIRQHandler)
    HAL_RTC_GetAlarm                         0x080072e1   Thumb Code   154  stm32h7xx_hal_rtc.o(i.HAL_RTC_GetAlarm)
    HAL_RTC_GetDate                          0x0800737d   Thumb Code    72  stm32h7xx_hal_rtc.o(i.HAL_RTC_GetDate)
    HAL_RTC_GetTime                          0x080073c9   Thumb Code    92  stm32h7xx_hal_rtc.o(i.HAL_RTC_GetTime)
    HAL_RTC_Init                             0x08007429   Thumb Code   190  stm32h7xx_hal_rtc.o(i.HAL_RTC_Init)
    HAL_RTC_MspInit                          0x080074ed   Thumb Code    92  rtc_bsp.o(i.HAL_RTC_MspInit)
    HAL_RTC_SetAlarm_IT                      0x0800754d   Thumb Code   564  stm32h7xx_hal_rtc.o(i.HAL_RTC_SetAlarm_IT)
    HAL_RTC_SetDate                          0x08007785   Thumb Code   288  stm32h7xx_hal_rtc.o(i.HAL_RTC_SetDate)
    HAL_RTC_SetTime                          0x080078a9   Thumb Code   322  stm32h7xx_hal_rtc.o(i.HAL_RTC_SetTime)
    HAL_RTC_WaitForSynchro                   0x080079f1   Thumb Code    58  stm32h7xx_hal_rtc.o(i.HAL_RTC_WaitForSynchro)
    HAL_SDRAM_Init                           0x08007a2d   Thumb Code    76  stm32h7xx_hal_sdram.o(i.HAL_SDRAM_Init)
    HAL_SDRAM_MspInit                        0x08007a7d   Thumb Code   290  sdram_bsp.o(i.HAL_SDRAM_MspInit)
    HAL_SDRAM_ProgramRefreshRate             0x08007bb9   Thumb Code    40  stm32h7xx_hal_sdram.o(i.HAL_SDRAM_ProgramRefreshRate)
    HAL_SDRAM_SendCommand                    0x08007be1   Thumb Code    58  stm32h7xx_hal_sdram.o(i.HAL_SDRAM_SendCommand)
    HAL_SYSTICK_CLKSourceConfig              0x08007c1b   Thumb Code    40  stm32h7xx_hal_cortex.o(i.HAL_SYSTICK_CLKSourceConfig)
    HAL_SYSTICK_Config                       0x08007c43   Thumb Code    52  stm32h7xx_hal_cortex.o(i.HAL_SYSTICK_Config)
    HAL_TIMEx_BreakCallback                  0x08007c77   Thumb Code     2  stm32h7xx_hal_tim_ex.o(i.HAL_TIMEx_BreakCallback)
    HAL_TIMEx_CommutationCallback            0x08007c79   Thumb Code     2  stm32h7xx_hal_tim_ex.o(i.HAL_TIMEx_CommutationCallback)
    HAL_TIM_Base_Init                        0x08007c7b   Thumb Code    52  stm32h7xx_hal_tim.o(i.HAL_TIM_Base_Init)
    HAL_TIM_Base_MspInit                     0x08007cb1   Thumb Code   182  hardware_timer_bsp.o(i.HAL_TIM_Base_MspInit)
    HAL_TIM_Base_Start_IT                    0x08007d79   Thumb Code    30  stm32h7xx_hal_tim.o(i.HAL_TIM_Base_Start_IT)
    HAL_TIM_IC_CaptureCallback               0x08007d99   Thumb Code   150  hardware_timer_bsp.o(i.HAL_TIM_IC_CaptureCallback)
    HAL_TIM_IRQHandler                       0x08007e45   Thumb Code   440  stm32h7xx_hal_tim.o(i.HAL_TIM_IRQHandler)
    HAL_TIM_OC_DelayElapsedCallback          0x08007ffd   Thumb Code    66  hardware_timer_bsp.o(i.HAL_TIM_OC_DelayElapsedCallback)
    HAL_TIM_PWM_ConfigChannel                0x08008055   Thumb Code   372  stm32h7xx_hal_tim.o(i.HAL_TIM_PWM_ConfigChannel)
    HAL_TIM_PWM_Init                         0x080081c9   Thumb Code    52  stm32h7xx_hal_tim.o(i.HAL_TIM_PWM_Init)
    HAL_TIM_PWM_MspInit                      0x080081fd   Thumb Code    98  hardware_timer_bsp.o(i.HAL_TIM_PWM_MspInit)
    HAL_TIM_PWM_PulseFinishedCallback        0x08008269   Thumb Code     2  stm32h7xx_hal_tim.o(i.HAL_TIM_PWM_PulseFinishedCallback)
    HAL_TIM_PWM_Start                        0x0800826d   Thumb Code    92  stm32h7xx_hal_tim.o(i.HAL_TIM_PWM_Start)
    HAL_TIM_PeriodElapsedCallback            0x080082dd   Thumb Code     2  hardware_timer_bsp.o(i.HAL_TIM_PeriodElapsedCallback)
    HAL_TIM_ReadCapturedValue                0x080082df   Thumb Code    84  stm32h7xx_hal_tim.o(i.HAL_TIM_ReadCapturedValue)
    HAL_TIM_TriggerCallback                  0x08008333   Thumb Code     2  stm32h7xx_hal_tim.o(i.HAL_TIM_TriggerCallback)
    HAL_UARTEx_WakeupCallback                0x08008335   Thumb Code     2  stm32h7xx_hal_uart_ex.o(i.HAL_UARTEx_WakeupCallback)
    HAL_UART_ErrorCallback                   0x08008337   Thumb Code     2  stm32h7xx_hal_uart.o(i.HAL_UART_ErrorCallback)
    HAL_UART_GetState                        0x08008339   Thumb Code    20  stm32h7xx_hal_uart.o(i.HAL_UART_GetState)
    HAL_UART_IRQHandler                      0x0800834d   Thumb Code   434  stm32h7xx_hal_uart.o(i.HAL_UART_IRQHandler)
    HAL_UART_Init                            0x08008509   Thumb Code   120  stm32h7xx_hal_uart.o(i.HAL_UART_Init)
    HAL_UART_MspInit                         0x08008581   Thumb Code   186  usart1_bsp.o(i.HAL_UART_MspInit)
    HAL_UART_Receive_IT                      0x08008645   Thumb Code   224  stm32h7xx_hal_uart.o(i.HAL_UART_Receive_IT)
    HAL_UART_RxCpltCallback                  0x08008725   Thumb Code   120  usart1_bsp.o(i.HAL_UART_RxCpltCallback)
    HAL_UART_TxCpltCallback                  0x080087ad   Thumb Code     2  stm32h7xx_hal_uart.o(i.HAL_UART_TxCpltCallback)
    HAL_WWDG_EarlyWakeupCallback             0x080087af   Thumb Code     2  wdg_bsp.o(i.HAL_WWDG_EarlyWakeupCallback)
    HAL_WWDG_IRQHandler                      0x080087b1   Thumb Code    40  stm32h7xx_hal_wwdg.o(i.HAL_WWDG_IRQHandler)
    HardFault_Handler                        0x080087d9   Thumb Code    38  stm32h7xx_it.o(i.HardFault_Handler)
    LCD_Pow                                  0x08008831   Thumb Code    22  lcd_bsp.o(i.LCD_Pow)
    MemManage_Handler                        0x08008a59   Thumb Code   100  stm32h7xx_it.o(i.MemManage_Handler)
    NMI_Handler                              0x08008af1   Thumb Code     2  stm32h7xx_it.o(i.NMI_Handler)
    PendSV_Handler                           0x08008af3   Thumb Code     2  stm32h7xx_it.o(i.PendSV_Handler)
    RTC_Alarm_IRQHandler                     0x08008ce5   Thumb Code    10  rtc_bsp.o(i.RTC_Alarm_IRQHandler)
    RTC_Bcd2ToByte                           0x08008cf5   Thumb Code    22  stm32h7xx_hal_rtc.o(i.RTC_Bcd2ToByte)
    RTC_ByteToBcd2                           0x08008d0b   Thumb Code    26  stm32h7xx_hal_rtc.o(i.RTC_ByteToBcd2)
    RTC_EnterInitMode                        0x08008d25   Thumb Code    62  stm32h7xx_hal_rtc.o(i.RTC_EnterInitMode)
    RTC_WKUP_IRQHandler                      0x08008d65   Thumb Code    10  rtc_bsp.o(i.RTC_WKUP_IRQHandler)
    SysTick_Handler                          0x08008e8d   Thumb Code   110  software_timer_bsp.o(i.SysTick_Handler)
    SystemInit                               0x08009001   Thumb Code   130  system_stm32h7xx.o(i.SystemInit)
    TAMP_STAMP_IRQHandler                    0x08009095   Thumb Code    16  rtc_bsp.o(i.TAMP_STAMP_IRQHandler)
    TIM1_CC_IRQHandler                       0x080090ad   Thumb Code    10  hardware_timer_bsp.o(i.TIM1_CC_IRQHandler)
    TIM4_IRQHandler                          0x080090bd   Thumb Code    58  hardware_timer_bsp.o(i.TIM4_IRQHandler)
    TIM5_IRQHandler                          0x08009101   Thumb Code    10  hardware_timer_bsp.o(i.TIM5_IRQHandler)
    TIM6_DAC_IRQHandler                      0x08009111   Thumb Code    10  hardware_timer_bsp.o(i.TIM6_DAC_IRQHandler)
    TIM_Base_SetConfig                       0x08009121   Thumb Code   172  stm32h7xx_hal_tim.o(i.TIM_Base_SetConfig)
    TIM_CCxChannelCmd                        0x080091ed   Thumb Code    28  stm32h7xx_hal_tim.o(i.TIM_CCxChannelCmd)
    TIM_OC1_SetConfig                        0x08009209   Thumb Code   152  stm32h7xx_hal_tim.o(i.TIM_OC1_SetConfig)
    TIM_OC2_SetConfig                        0x080092b9   Thumb Code   162  stm32h7xx_hal_tim.o(i.TIM_OC2_SetConfig)
    TIM_OC3_SetConfig                        0x08009375   Thumb Code   160  stm32h7xx_hal_tim.o(i.TIM_OC3_SetConfig)
    TIM_OC4_SetConfig                        0x08009429   Thumb Code    98  stm32h7xx_hal_tim.o(i.TIM_OC4_SetConfig)
    UART_AdvFeatureConfig                    0x08009585   Thumb Code   234  stm32h7xx_hal_uart.o(i.UART_AdvFeatureConfig)
    UART_CheckIdleState                      0x0800966f   Thumb Code   116  stm32h7xx_hal_uart.o(i.UART_CheckIdleState)
    UART_SetConfig                           0x080097c5   Thumb Code  2452  stm32h7xx_hal_uart.o(i.UART_SetConfig)
    UART_WaitOnFlagUntilTimeout              0x0800a1eb   Thumb Code   108  stm32h7xx_hal_uart.o(i.UART_WaitOnFlagUntilTimeout)
    USART1_IRQHandler                        0x0800a259   Thumb Code    66  usart1_bsp.o(i.USART1_IRQHandler)
    UsageFault_Handler                       0x0800a2a9   Thumb Code     4  stm32h7xx_it.o(i.UsageFault_Handler)
    WWDG_IRQHandler                          0x0800a2ad   Thumb Code    10  wdg_bsp.o(i.WWDG_IRQHandler)
    __0printf$8                              0x0800a2bd   Thumb Code    22  printf8.o(i.__0printf$8)
    __1printf$8                              0x0800a2bd   Thumb Code     0  printf8.o(i.__0printf$8)
    __2printf                                0x0800a2bd   Thumb Code     0  printf8.o(i.__0printf$8)
    __0sprintf$8                             0x0800a2dd   Thumb Code    34  printf8.o(i.__0sprintf$8)
    __1sprintf$8                             0x0800a2dd   Thumb Code     0  printf8.o(i.__0sprintf$8)
    __2sprintf                               0x0800a2dd   Thumb Code     0  printf8.o(i.__0sprintf$8)
    __scatterload_copy                       0x0800a33d   Thumb Code    14  handlers.o(i.__scatterload_copy)
    __scatterload_null                       0x0800a34b   Thumb Code     2  handlers.o(i.__scatterload_null)
    __scatterload_zeroinit                   0x0800a34d   Thumb Code    14  handlers.o(i.__scatterload_zeroinit)
    fputc                                    0x0800a7cd   Thumb Code    22  usart1_bsp.o(i.fputc)
    main                                     0x0800a7e9   Thumb Code    10  main.o(i.main)
    opt_delay                                0x0800a7f3   Thumb Code    14  lcd_bsp.o(i.opt_delay)
    usmart_cmd_rec                           0x0800a801   Thumb Code   170  user_dbg.o(i.usmart_cmd_rec)
    usmart_exe                               0x0800a8b1   Thumb Code   632  user_dbg.o(i.usmart_exe)
    usmart_get_aparm                         0x0800ab85   Thumb Code   212  user_dbg_str.o(i.usmart_get_aparm)
    usmart_get_cmdname                       0x0800ac59   Thumb Code    54  user_dbg_str.o(i.usmart_get_cmdname)
    usmart_get_fname                         0x0800ac91   Thumb Code   440  user_dbg_str.o(i.usmart_get_fname)
    usmart_get_fparam                        0x0800ae51   Thumb Code   262  user_dbg_str.o(i.usmart_get_fparam)
    usmart_get_parmpos                       0x0800af5d   Thumb Code    26  user_dbg_str.o(i.usmart_get_parmpos)
    usmart_get_runtime                       0x0800af7d   Thumb Code    58  user_dbg.o(i.usmart_get_runtime)
    usmart_init                              0x0800afc1   Thumb Code    22  user_dbg.o(i.usmart_init)
    usmart_pow                               0x0800afdd   Thumb Code    22  user_dbg_str.o(i.usmart_pow)
    usmart_reset_runtime                     0x0800aff5   Thumb Code    44  user_dbg.o(i.usmart_reset_runtime)
    usmart_scan                              0x0800b029   Thumb Code   122  user_dbg.o(i.usmart_scan)
    usmart_search_nextc                      0x0800b0fd   Thumb Code    22  user_dbg_str.o(i.usmart_search_nextc)
    usmart_str2num                           0x0800b113   Thumb Code   262  user_dbg_str.o(i.usmart_str2num)
    usmart_strcmp                            0x0800b219   Thumb Code    34  user_dbg_str.o(i.usmart_strcmp)
    usmart_strcopy                           0x0800b23b   Thumb Code    22  user_dbg_str.o(i.usmart_strcopy)
    usmart_strlen                            0x0800b251   Thumb Code    24  user_dbg_str.o(i.usmart_strlen)
    usmart_sys_cmd_exe                       0x0800b269   Thumb Code   596  user_dbg.o(i.usmart_sys_cmd_exe)
    asc2_1206                                0x0800b6b4   Data        1140  lcd_bsp.o(.constdata)
    asc2_1608                                0x0800bb28   Data        1520  lcd_bsp.o(.constdata)
    asc2_2412                                0x0800c118   Data        3420  lcd_bsp.o(.constdata)
    asc2_3216                                0x0800ce74   Data       12160  lcd_bsp.o(.constdata)
    GPIO_PIN                                 0x0800fe24   Data          24  led_bsp.o(.constdata)
    D1CorePrescTable                         0x0800fe6c   Data          16  system_stm32h7xx.o(.constdata)
    Region$$Table$$Base                      0x08010704   Number         0  anon$$obj.o(Region$$Table)
    Region$$Table$$Limit                     0x08010724   Number         0  anon$$obj.o(Region$$Table)
    sys_cmd_tab                              0x24000004   Data          28  user_dbg.o(.data)
    usmart_nametab                           0x24000024   Data         216  user_dbg_config.o(.data)
    usmart_dev                               0x240000fc   Data         244  user_dbg_config.o(.data)
    ubADCConversionComplete                  0x240001f1   Data           1  adc_dualmode_bsp.o(.data)
    uwFrequency                              0x240001f8   Data           4  hardware_timer_bsp.o(.data)
    uwDiffCapture                            0x240001fc   Data           4  hardware_timer_bsp.o(.data)
    uwIC2Value1                              0x24000200   Data           4  hardware_timer_bsp.o(.data)
    uwIC2Value2                              0x24000204   Data           4  hardware_timer_bsp.o(.data)
    uhCaptureIndex                           0x24000208   Data           2  hardware_timer_bsp.o(.data)
    ltdc_framebuf                            0x24000220   Data           8  lcd_bsp.o(.data)
    POINT_COLOR                              0x24000228   Data           4  lcd_bsp.o(.data)
    BACK_COLOR                               0x2400022c   Data           4  lcd_bsp.o(.data)
    RTC_DateStruct                           0x24000231   Data           4  rtc_bsp.o(.data)
    TamperStatus                             0x24000235   Data           1  rtc_bsp.o(.data)
    aBKPDataReg                              0x24000238   Data         128  rtc_bsp.o(.data)
    g_iRunTime                               0x240002c8   Data           4  software_timer_bsp.o(.data)
    USART_RX_STA                             0x240002d2   Data           2  usart1_bsp.o(.data)
    aRxBuffer                                0x240002d4   Data           1  usart1_bsp.o(.data)
    __stdout                                 0x240002d8   Data           4  usart1_bsp.o(.data)
    SystemCoreClock                          0x240002dc   Data           4  system_stm32h7xx.o(.data)
    SystemD2Clock                            0x240002e0   Data           4  system_stm32h7xx.o(.data)
    ADC1_Handler                             0x240002f0   Data         100  adc_bsp.o(.bss)
    ADC3_Handler                             0x24000354   Data         100  adc_bsp.o(.bss)
    sConfig                                  0x240003b8   Data          28  adc_bsp.o(.bss)
    ADCxConvertedData                        0x240003d4   Data          20  adc_bsp.o(.bss)
    CoreBoard_Infor                          0x240003e8   Data         200  coreboard_bsp.o(.bss)
    DAC_Handler                              0x240004b0   Data          20  dac_bsp.o(.bss)
    TIM1_Handler                             0x240004e8   Data          64  hardware_timer_bsp.o(.bss)
    TIM2_Handler                             0x24000528   Data          64  hardware_timer_bsp.o(.bss)
    TIM3_Handler                             0x24000568   Data          64  hardware_timer_bsp.o(.bss)
    TIM4_Handler                             0x240005a8   Data          64  hardware_timer_bsp.o(.bss)
    TIM5_Handler                             0x240005e8   Data          64  hardware_timer_bsp.o(.bss)
    TIM6_Handler                             0x24000628   Data          64  hardware_timer_bsp.o(.bss)
    HRTIM_Handler                            0x24000668   Data         220  hardware_timer_bsp.o(.bss)
    sOCConfig                                0x24000744   Data          28  hardware_timer_bsp.o(.bss)
    Master_Timer_Config                      0x24000760   Data          12  hardware_timer_bsp.o(.bss)
    PWMCConfig                               0x2400076c   Data          28  hardware_timer_bsp.o(.bss)
    sICConfig                                0x24000788   Data          16  hardware_timer_bsp.o(.bss)
    sMasterConfig                            0x24000798   Data          12  hardware_timer_bsp.o(.bss)
    HRTime_Base_Config_Master                0x240007a4   Data          16  hardware_timer_bsp.o(.bss)
    HRTimer_Config_Master                    0x240007b4   Data          84  hardware_timer_bsp.o(.bss)
    LTDC_Handler                             0x24000808   Data         168  lcd_bsp.o(.bss)
    DMA2D_Handler                            0x240008b0   Data          96  lcd_bsp.o(.bss)
    lcdltdc                                  0x24000910   Data          32  lcd_bsp.o(.bss)
    SRAM_Handler                             0x24000930   Data          76  lcd_bsp.o(.bss)
    lcddev                                   0x2400097c   Data          14  lcd_bsp.o(.bss)
    RTC_Handler                              0x2400098c   Data          36  rtc_bsp.o(.bss)
    RTC_TimeStruct                           0x240009b0   Data          20  rtc_bsp.o(.bss)
    RTC_AlarmStruct                          0x240009c4   Data          40  rtc_bsp.o(.bss)
    RTC_TamperStruct                         0x240009ec   Data          40  rtc_bsp.o(.bss)
    aShowTime                                0x24000a14   Data          40  rtc_bsp.o(.bss)
    aShowDate                                0x24000a3c   Data          40  rtc_bsp.o(.bss)
    aShowWeek                                0x24000a64   Data          10  rtc_bsp.o(.bss)
    aShowTimeStamp                           0x24000a6e   Data          40  rtc_bsp.o(.bss)
    aShowDateStamp                           0x24000a96   Data          40  rtc_bsp.o(.bss)
    SDRAM_Handler                            0x24000ac0   Data          52  sdram_bsp.o(.bss)
    UartHandle                               0x24000b24   Data         128  usart1_bsp.o(.bss)
    USART_RX_BUF                             0x24000ba4   Data         200  usart1_bsp.o(.bss)
    IWDG_Handler                             0x24000c6c   Data          16  wdg_bsp.o(.bss)
    WWDG_Handler                             0x24000c7c   Data          20  wdg_bsp.o(.bss)
    __initial_sp                             0x24003c90   Data           0  startup_stm32h743xx.o(STACK)
    ltdc_lcd_framebuf                        0xc0000000   Data       2048000  lcd_bsp.o(.ARM.__AT_0xC0000000)



==============================================================================

Memory Map of the image

  Image Entry point : 0x08000299

  Load Region LR_IROM1 (Base: 0x08000000, Size: 0x00010a14, Max: 0x00200000, ABSOLUTE, COMPRESSED[0x00010858])

    Execution Region ER_IROM1 (Base: 0x08000000, Size: 0x00010724, Max: 0x00200000, ABSOLUTE)

    Base Addr    Size         Type   Attr      Idx    E Section Name        Object

    0x08000000   0x00000298   Data   RO        16130    RESET               startup_stm32h743xx.o
    0x08000298   0x00000000   Code   RO        16156  * .ARM.Collect$$$$00000000  mc_w.l(entry.o)
    0x08000298   0x00000004   Code   RO        16430    .ARM.Collect$$$$00000001  mc_w.l(entry2.o)
    0x0800029c   0x00000004   Code   RO        16433    .ARM.Collect$$$$00000004  mc_w.l(entry5.o)
    0x080002a0   0x00000000   Code   RO        16435    .ARM.Collect$$$$00000008  mc_w.l(entry7b.o)
    0x080002a0   0x00000000   Code   RO        16437    .ARM.Collect$$$$0000000A  mc_w.l(entry8b.o)
    0x080002a0   0x00000008   Code   RO        16438    .ARM.Collect$$$$0000000B  mc_w.l(entry9a.o)
    0x080002a8   0x00000000   Code   RO        16440    .ARM.Collect$$$$0000000D  mc_w.l(entry10a.o)
    0x080002a8   0x00000000   Code   RO        16442    .ARM.Collect$$$$0000000F  mc_w.l(entry11a.o)
    0x080002a8   0x00000004   Code   RO        16431    .ARM.Collect$$$$00002712  mc_w.l(entry2.o)
    0x080002ac   0x00000024   Code   RO        16131    .text               startup_stm32h743xx.o
    0x080002d0   0x00000062   Code   RO        16159    .text               mc_w.l(uldiv.o)
    0x08000332   0x00000024   Code   RO        16163    .text               mc_w.l(memcpya.o)
    0x08000356   0x0000001e   Code   RO        16446    .text               mc_w.l(llshl.o)
    0x08000374   0x00000020   Code   RO        16448    .text               mc_w.l(llushr.o)
    0x08000394   0x00000024   Code   RO        16461    .text               mc_w.l(init.o)
    0x080003b8   0x00000056   Code   RO        16475    .text               mc_w.l(__dczerorl2.o)
    0x0800040e   0x00000002   PAD
    0x08000410   0x00000104   Code   RO         2572    i.ADC_ConversionStop  stm32h7xx_hal_adc.o
    0x08000514   0x0000008a   Code   RO         2573    i.ADC_DMAConvCplt   stm32h7xx_hal_adc.o
    0x0800059e   0x0000001e   Code   RO         2574    i.ADC_DMAError      stm32h7xx_hal_adc.o
    0x080005bc   0x0000000e   Code   RO         2575    i.ADC_DMAHalfConvCplt  stm32h7xx_hal_adc.o
    0x080005ca   0x00000098   Code   RO         2576    i.ADC_Disable       stm32h7xx_hal_adc.o
    0x08000662   0x00000002   PAD
    0x08000664   0x000000a0   Code   RO         2577    i.ADC_Enable        stm32h7xx_hal_adc.o
    0x08000704   0x00000002   Code   RO          835    i.BSP_Idle          coreboard_bsp.o
    0x08000706   0x00000002   PAD
    0x08000708   0x00000024   Code   RO          836    i.BSP_RunPer10ms    coreboard_bsp.o
    0x0800072c   0x00000002   Code   RO          837    i.BSP_RunPer1ms     coreboard_bsp.o
    0x0800072e   0x00000002   PAD
    0x08000730   0x00000044   Code   RO         1987    i.Bsp_Delay_ms      software_timer_bsp.o
    0x08000774   0x00000048   Code   RO         1988    i.Bsp_Delay_us      software_timer_bsp.o
    0x080007bc   0x000000ac   Code   RO         1098    i.Bsp_InitHardTimer_TIM2  hardware_timer_bsp.o
    0x08000868   0x00000064   Code   RO         1100    i.Bsp_InitHardTimer_TIM4  hardware_timer_bsp.o
    0x080008cc   0x0000011c   Code   RO         1586    i.Bsp_InitLed       led_bsp.o
    0x080009e8   0x00000050   Code   RO         1990    i.Bsp_InitSoftTimer  software_timer_bsp.o
    0x08000a38   0x00000044   Code   RO         2077    i.Bsp_InitUsart1    usart1_bsp.o
    0x08000a7c   0x00000134   Code   RO          715    i.Bsp_Init_ADC3_MULTI_CHANNEL  adc_bsp.o
    0x08000bb0   0x00000048   Code   RO         1264    i.Bsp_LCD_Clear     lcd_bsp.o
    0x08000bf8   0x00000180   Code   RO         1268    i.Bsp_LCD_Display_Dir  lcd_bsp.o
    0x08000d78   0x000000b0   Code   RO         1269    i.Bsp_LCD_DrawLine  lcd_bsp.o
    0x08000e28   0x0000003c   Code   RO         1270    i.Bsp_LCD_DrawPoint  lcd_bsp.o
    0x08000e64   0x0000003c   Code   RO         1271    i.Bsp_LCD_DrawRectangle  lcd_bsp.o
    0x08000ea0   0x00000098   Code   RO         1272    i.Bsp_LCD_Draw_Circle  lcd_bsp.o
    0x08000f38   0x00000124   Code   RO         1273    i.Bsp_LCD_Fast_DrawPoint  lcd_bsp.o
    0x0800105c   0x00000070   Code   RO         1274    i.Bsp_LCD_Fill      lcd_bsp.o
    0x080010cc   0x000000cc   Code   RO         1276    i.Bsp_LCD_ReadPoint  lcd_bsp.o
    0x08001198   0x00000274   Code   RO         1279    i.Bsp_LCD_Scan_Dir  lcd_bsp.o
    0x0800140c   0x00000138   Code   RO         1280    i.Bsp_LCD_SetCursor  lcd_bsp.o
    0x08001544   0x0000013c   Code   RO         1282    i.Bsp_LCD_ShowChar  lcd_bsp.o
    0x08001680   0x00000094   Code   RO         1283    i.Bsp_LCD_ShowNum   lcd_bsp.o
    0x08001714   0x00000066   Code   RO         1284    i.Bsp_LCD_ShowString  lcd_bsp.o
    0x0800177a   0x000000be   Code   RO         1285    i.Bsp_LCD_ShowxNum  lcd_bsp.o
    0x08001838   0x00000014   Code   RO         1287    i.Bsp_LCD_WriteRAM_Prepare  lcd_bsp.o
    0x0800184c   0x00000010   Code   RO         1288    i.Bsp_LCD_WriteReg  lcd_bsp.o
    0x0800185c   0x00000094   Code   RO         1587    i.Bsp_LED_Off       led_bsp.o
    0x080018f0   0x00000094   Code   RO         1588    i.Bsp_LED_On        led_bsp.o
    0x08001984   0x00000088   Code   RO         1589    i.Bsp_LED_Toggled   led_bsp.o
    0x08001a0c   0x00000024   Code   RO         1289    i.Bsp_LTDC_Clear    lcd_bsp.o
    0x08001a30   0x0000002e   Code   RO         1290    i.Bsp_LTDC_Clk_Set  lcd_bsp.o
    0x08001a5e   0x00000002   PAD
    0x08001a60   0x0000002c   Code   RO         1292    i.Bsp_LTDC_Display_Dir  lcd_bsp.o
    0x08001a8c   0x00000050   Code   RO         1293    i.Bsp_LTDC_Draw_Point  lcd_bsp.o
    0x08001adc   0x00000148   Code   RO         1294    i.Bsp_LTDC_Fill     lcd_bsp.o
    0x08001c24   0x0000007c   Code   RO         1295    i.Bsp_LTDC_Layer_Parameter_Config  lcd_bsp.o
    0x08001ca0   0x00000050   Code   RO         1296    i.Bsp_LTDC_Layer_Switch  lcd_bsp.o
    0x08001cf0   0x00000030   Code   RO         1297    i.Bsp_LTDC_Layer_Window_Config  lcd_bsp.o
    0x08001d20   0x000000d4   Code   RO         1298    i.Bsp_LTDC_PanelID_Read  lcd_bsp.o
    0x08001df4   0x00000050   Code   RO         1299    i.Bsp_LTDC_Read_Point  lcd_bsp.o
    0x08001e44   0x0000000c   Code   RO         1300    i.Bsp_LTDC_Select_Layer  lcd_bsp.o
    0x08001e50   0x00000030   Code   RO         1301    i.Bsp_LTDC_Switch   lcd_bsp.o
    0x08001e80   0x00000014   Code   RO         1303    i.Bsp_Lcd_RD_DATA   lcd_bsp.o
    0x08001e94   0x00000018   Code   RO         1304    i.Bsp_Lcd_WR_DATA   lcd_bsp.o
    0x08001eac   0x00000018   Code   RO         1305    i.Bsp_Lcd_WR_REG    lcd_bsp.o
    0x08001ec4   0x000003fc   Code   RO         1306    i.Bsp_RGB_LCD_Init  lcd_bsp.o
    0x080022c0   0x0000001c   Code   RO         1755    i.Bsp_RTC_GetAlarm  rtc_bsp.o
    0x080022dc   0x00000018   Code   RO         1756    i.Bsp_RTC_GetDate   rtc_bsp.o
    0x080022f4   0x00000018   Code   RO         1757    i.Bsp_RTC_GetTime   rtc_bsp.o
    0x0800230c   0x0000006c   Code   RO         1758    i.Bsp_RTC_Init      rtc_bsp.o
    0x08002378   0x00000074   Code   RO         1759    i.Bsp_RTC_Set_AlarmA  rtc_bsp.o
    0x080023ec   0x0000002c   Code   RO         1761    i.Bsp_RTC_Set_Date  rtc_bsp.o
    0x08002418   0x00000040   Code   RO         1763    i.Bsp_RTC_Set_Time  rtc_bsp.o
    0x08002458   0x00000068   Code   RO         1926    i.Bsp_SDRAM_Init    sdram_bsp.o
    0x080024c0   0x00000054   Code   RO         1927    i.Bsp_SDRAM_Initialization_Sequence  sdram_bsp.o
    0x08002514   0x00000048   Code   RO         1928    i.Bsp_SDRAM_Send_Cmd  sdram_bsp.o
    0x0800255c   0x00000120   Code   RO         1670    i.Bsp_SetTIM2Compare1  pwm_bsp.o
    0x0800267c   0x0000001c   Code   RO         1991    i.Bsp_SoftTimerDec  software_timer_bsp.o
    0x08002698   0x00000004   Code   RO          387    i.BusFault_Handler  stm32h7xx_it.o
    0x0800269c   0x0000001c   Code   RO          840    i.CPU_CACHE_Enable  coreboard_bsp.o
    0x080026b8   0x00000250   Code   RO          841    i.Coreboard_BSP_Init  coreboard_bsp.o
    0x08002908   0x00000010   Code   RO         1002    i.DMA1_Stream5_IRQHandler  dac_bsp.o
    0x08002918   0x00000034   Code   RO         4259    i.DMA_CalcBaseAndBitshift  stm32h7xx_hal_dma.o
    0x0800294c   0x00000074   Code   RO         4260    i.DMA_CalcDMAMUXChannelBaseAndMask  stm32h7xx_hal_dma.o
    0x080029c0   0x00000054   Code   RO         4261    i.DMA_CalcDMAMUXRequestGenBaseAndMask  stm32h7xx_hal_dma.o
    0x08002a14   0x000000ae   Code   RO         4262    i.DMA_CheckFifoParam  stm32h7xx_hal_dma.o
    0x08002ac2   0x00000002   PAD
    0x08002ac4   0x000000b4   Code   RO         4263    i.DMA_SetConfig     stm32h7xx_hal_dma.o
    0x08002b78   0x00000002   Code   RO          388    i.DebugMon_Handler  stm32h7xx_it.o
    0x08002b7a   0x00000010   Code   RO          842    i.Error_Handler     coreboard_bsp.o
    0x08002b8a   0x00000074   Code   RO        15414    i.FMC_SDRAM_Init    stm32h7xx_ll_fmc.o
    0x08002bfe   0x0000000e   Code   RO        15415    i.FMC_SDRAM_ProgramRefreshRate  stm32h7xx_ll_fmc.o
    0x08002c0c   0x00000026   Code   RO        15416    i.FMC_SDRAM_SendCommand  stm32h7xx_ll_fmc.o
    0x08002c32   0x00000002   PAD
    0x08002c34   0x0000009c   Code   RO        15418    i.FMC_SDRAM_Timing_Init  stm32h7xx_ll_fmc.o
    0x08002cd0   0x00000114   Code   RO         1768    i.GetInfo_Calendar  rtc_bsp.o
    0x08002de4   0x00000114   Code   RO          843    i.GetInfo_CoreBoard  coreboard_bsp.o
    0x08002ef8   0x000000bc   Code   RO         2762    i.HAL_ADCEx_Calibration_Start  stm32h7xx_hal_adc_ex.o
    0x08002fb4   0x000006d8   Code   RO         2579    i.HAL_ADC_ConfigChannel  stm32h7xx_hal_adc.o
    0x0800368c   0x0000000c   Code   RO          786    i.HAL_ADC_ConvCpltCallback  adc_dualmode_bsp.o
    0x08003698   0x0000000c   Code   RO          787    i.HAL_ADC_ConvHalfCpltCallback  adc_dualmode_bsp.o
    0x080036a4   0x000002ec   Code   RO         2582    i.HAL_ADC_DeInit    stm32h7xx_hal_adc.o
    0x08003990   0x00000012   Code   RO          788    i.HAL_ADC_ErrorCallback  adc_dualmode_bsp.o
    0x080039a2   0x00000002   PAD
    0x080039a4   0x00000358   Code   RO         2588    i.HAL_ADC_Init      stm32h7xx_hal_adc.o
    0x08003cfc   0x00000048   Code   RO          717    i.HAL_ADC_MspDeInit  adc_bsp.o
    0x08003d44   0x000000f8   Code   RO          718    i.HAL_ADC_MspInit   adc_bsp.o
    0x08003e3c   0x00000154   Code   RO         2595    i.HAL_ADC_Start_DMA  stm32h7xx_hal_adc.o
    0x08003f90   0x00000002   Code   RO         3590    i.HAL_DACEx_DMAUnderrunCallbackCh2  stm32h7xx_hal_dac_ex.o
    0x08003f92   0x00000002   Code   RO         3448    i.HAL_DAC_DMAUnderrunCallbackCh1  stm32h7xx_hal_dac.o
    0x08003f94   0x0000008a   Code   RO         3454    i.HAL_DAC_IRQHandler  stm32h7xx_hal_dac.o
    0x0800401e   0x00000002   PAD
    0x08004020   0x000000f8   Code   RO         4265    i.HAL_DMA_Abort_IT  stm32h7xx_hal_dma.o
    0x08004118   0x00000120   Code   RO         4266    i.HAL_DMA_DeInit    stm32h7xx_hal_dma.o
    0x08004238   0x0000044c   Code   RO         4269    i.HAL_DMA_IRQHandler  stm32h7xx_hal_dma.o
    0x08004684   0x00000210   Code   RO         4270    i.HAL_DMA_Init      stm32h7xx_hal_dma.o
    0x08004894   0x00000150   Code   RO         4274    i.HAL_DMA_Start_IT  stm32h7xx_hal_dma.o
    0x080049e4   0x00000014   Code   RO         2273    i.HAL_EnableCompensationCell  stm32h7xx_hal.o
    0x080049f8   0x00000184   Code   RO         5949    i.HAL_GPIO_DeInit   stm32h7xx_hal_gpio.o
    0x08004b7c   0x0000024c   Code   RO         5952    i.HAL_GPIO_Init     stm32h7xx_hal_gpio.o
    0x08004dc8   0x00000010   Code   RO         5954    i.HAL_GPIO_ReadPin  stm32h7xx_hal_gpio.o
    0x08004dd8   0x00000008   Code   RO         5955    i.HAL_GPIO_TogglePin  stm32h7xx_hal_gpio.o
    0x08004de0   0x0000000a   Code   RO         5956    i.HAL_GPIO_WritePin  stm32h7xx_hal_gpio.o
    0x08004dea   0x00000002   PAD
    0x08004dec   0x0000000c   Code   RO         2280    i.HAL_GetTick       stm32h7xx_hal.o
    0x08004df8   0x0000001c   Code   RO         2284    i.HAL_Init          stm32h7xx_hal.o
    0x08004e14   0x0000004c   Code   RO         2285    i.HAL_InitTick      stm32h7xx_hal.o
    0x08004e60   0x0000005e   Code   RO         8733    i.HAL_LTDC_ConfigLayer  stm32h7xx_hal_ltdc.o
    0x08004ebe   0x00000002   PAD
    0x08004ec0   0x0000011c   Code   RO         8750    i.HAL_LTDC_Init     stm32h7xx_hal_ltdc.o
    0x08004fdc   0x00000144   Code   RO         1307    i.HAL_LTDC_MspInit  lcd_bsp.o
    0x08005120   0x0000006c   Code   RO         8765    i.HAL_LTDC_SetWindowPosition  stm32h7xx_hal_ltdc.o
    0x0800518c   0x0000006c   Code   RO         8767    i.HAL_LTDC_SetWindowSize  stm32h7xx_hal_ltdc.o
    0x080051f8   0x00000002   Code   RO         2287    i.HAL_MspInit       stm32h7xx_hal.o
    0x080051fa   0x00000020   Code   RO         3160    i.HAL_NVIC_EnableIRQ  stm32h7xx_hal_cortex.o
    0x0800521a   0x0000007c   Code   RO         3166    i.HAL_NVIC_SetPriority  stm32h7xx_hal_cortex.o
    0x08005296   0x00000002   PAD
    0x08005298   0x00000028   Code   RO         3167    i.HAL_NVIC_SetPriorityGrouping  stm32h7xx_hal_cortex.o
    0x080052c0   0x00000014   Code   RO        10243    i.HAL_PWR_EnableBkUpAccess  stm32h7xx_hal_pwr.o
    0x080052d4   0x00000038   Code   RO        10970    i.HAL_RCCEx_GetD1SysClockFreq  stm32h7xx_hal_rcc_ex.o
    0x0800530c   0x0000002c   Code   RO        10971    i.HAL_RCCEx_GetD3PCLK1Freq  stm32h7xx_hal_rcc_ex.o
    0x08005338   0x0000022c   Code   RO        10973    i.HAL_RCCEx_GetPLL2ClockFreq  stm32h7xx_hal_rcc_ex.o
    0x08005564   0x0000022c   Code   RO        10974    i.HAL_RCCEx_GetPLL3ClockFreq  stm32h7xx_hal_rcc_ex.o
    0x08005790   0x00000c88   Code   RO        10978    i.HAL_RCCEx_PeriphCLKConfig  stm32h7xx_hal_rcc_ex.o
    0x08006418   0x00000250   Code   RO        10861    i.HAL_RCC_ClockConfig  stm32h7xx_hal_rcc.o
    0x08006668   0x00000038   Code   RO        10865    i.HAL_RCC_GetHCLKFreq  stm32h7xx_hal_rcc.o
    0x080066a0   0x0000002c   Code   RO        10867    i.HAL_RCC_GetPCLK1Freq  stm32h7xx_hal_rcc.o
    0x080066cc   0x0000002c   Code   RO        10868    i.HAL_RCC_GetPCLK2Freq  stm32h7xx_hal_rcc.o
    0x080066f8   0x00000244   Code   RO        10869    i.HAL_RCC_GetSysClockFreq  stm32h7xx_hal_rcc.o
    0x0800693c   0x000006c4   Code   RO        10872    i.HAL_RCC_OscConfig  stm32h7xx_hal_rcc.o
    0x08007000   0x00000002   Code   RO        11352    i.HAL_RTCEx_AlarmBEventCallback  stm32h7xx_hal_rtc_ex.o
    0x08007002   0x00000012   Code   RO        11353    i.HAL_RTCEx_BKUPRead  stm32h7xx_hal_rtc_ex.o
    0x08007014   0x00000012   Code   RO        11354    i.HAL_RTCEx_BKUPWrite  stm32h7xx_hal_rtc_ex.o
    0x08007026   0x00000002   PAD
    0x08007028   0x000000c4   Code   RO        11363    i.HAL_RTCEx_GetTimeStamp  stm32h7xx_hal_rtc_ex.o
    0x080070ec   0x0000003c   Code   RO         1769    i.HAL_RTCEx_Tamper1EventCallback  rtc_bsp.o
    0x08007128   0x00000002   Code   RO        11383    i.HAL_RTCEx_Tamper2EventCallback  stm32h7xx_hal_rtc_ex.o
    0x0800712a   0x00000002   Code   RO        11384    i.HAL_RTCEx_Tamper3EventCallback  stm32h7xx_hal_rtc_ex.o
    0x0800712c   0x000000e8   Code   RO        11385    i.HAL_RTCEx_TamperTimeStampIRQHandler  stm32h7xx_hal_rtc_ex.o
    0x08007214   0x00000020   Code   RO         1770    i.HAL_RTCEx_TimeStampEventCallback  rtc_bsp.o
    0x08007234   0x00000002   Code   RO         1771    i.HAL_RTCEx_WakeUpTimerEventCallback  rtc_bsp.o
    0x08007236   0x00000002   PAD
    0x08007238   0x00000038   Code   RO        11388    i.HAL_RTCEx_WakeUpTimerIRQHandler  stm32h7xx_hal_rtc_ex.o
    0x08007270   0x00000002   Code   RO         1772    i.HAL_RTC_AlarmAEventCallback  rtc_bsp.o
    0x08007272   0x00000002   PAD
    0x08007274   0x0000006c   Code   RO        11213    i.HAL_RTC_AlarmIRQHandler  stm32h7xx_hal_rtc.o
    0x080072e0   0x0000009a   Code   RO        11216    i.HAL_RTC_GetAlarm  stm32h7xx_hal_rtc.o
    0x0800737a   0x00000002   PAD
    0x0800737c   0x0000004c   Code   RO        11217    i.HAL_RTC_GetDate   stm32h7xx_hal_rtc.o
    0x080073c8   0x00000060   Code   RO        11219    i.HAL_RTC_GetTime   stm32h7xx_hal_rtc.o
    0x08007428   0x000000c4   Code   RO        11220    i.HAL_RTC_Init      stm32h7xx_hal_rtc.o
    0x080074ec   0x00000060   Code   RO         1773    i.HAL_RTC_MspInit   rtc_bsp.o
    0x0800754c   0x00000238   Code   RO        11225    i.HAL_RTC_SetAlarm_IT  stm32h7xx_hal_rtc.o
    0x08007784   0x00000124   Code   RO        11226    i.HAL_RTC_SetDate   stm32h7xx_hal_rtc.o
    0x080078a8   0x00000148   Code   RO        11227    i.HAL_RTC_SetTime   stm32h7xx_hal_rtc.o
    0x080079f0   0x0000003a   Code   RO        11228    i.HAL_RTC_WaitForSynchro  stm32h7xx_hal_rtc.o
    0x08007a2a   0x00000002   PAD
    0x08007a2c   0x00000050   Code   RO        12193    i.HAL_SDRAM_Init    stm32h7xx_hal_sdram.o
    0x08007a7c   0x0000013c   Code   RO         1929    i.HAL_SDRAM_MspInit  sdram_bsp.o
    0x08007bb8   0x00000028   Code   RO        12196    i.HAL_SDRAM_ProgramRefreshRate  stm32h7xx_hal_sdram.o
    0x08007be0   0x0000003a   Code   RO        12202    i.HAL_SDRAM_SendCommand  stm32h7xx_hal_sdram.o
    0x08007c1a   0x00000028   Code   RO         3169    i.HAL_SYSTICK_CLKSourceConfig  stm32h7xx_hal_cortex.o
    0x08007c42   0x00000034   Code   RO         3171    i.HAL_SYSTICK_Config  stm32h7xx_hal_cortex.o
    0x08007c76   0x00000002   Code   RO        14376    i.HAL_TIMEx_BreakCallback  stm32h7xx_hal_tim_ex.o
    0x08007c78   0x00000002   Code   RO        14377    i.HAL_TIMEx_CommutationCallback  stm32h7xx_hal_tim_ex.o
    0x08007c7a   0x00000034   Code   RO        13721    i.HAL_TIM_Base_Init  stm32h7xx_hal_tim.o
    0x08007cae   0x00000002   PAD
    0x08007cb0   0x000000c8   Code   RO         1107    i.HAL_TIM_Base_MspInit  hardware_timer_bsp.o
    0x08007d78   0x0000001e   Code   RO        13726    i.HAL_TIM_Base_Start_IT  stm32h7xx_hal_tim.o
    0x08007d96   0x00000002   PAD
    0x08007d98   0x000000ac   Code   RO         1108    i.HAL_TIM_IC_CaptureCallback  hardware_timer_bsp.o
    0x08007e44   0x000001b8   Code   RO        13763    i.HAL_TIM_IRQHandler  stm32h7xx_hal_tim.o
    0x08007ffc   0x00000058   Code   RO         1110    i.HAL_TIM_OC_DelayElapsedCallback  hardware_timer_bsp.o
    0x08008054   0x00000174   Code   RO        13787    i.HAL_TIM_PWM_ConfigChannel  stm32h7xx_hal_tim.o
    0x080081c8   0x00000034   Code   RO        13790    i.HAL_TIM_PWM_Init  stm32h7xx_hal_tim.o
    0x080081fc   0x0000006c   Code   RO         1111    i.HAL_TIM_PWM_MspInit  hardware_timer_bsp.o
    0x08008268   0x00000002   Code   RO        13793    i.HAL_TIM_PWM_PulseFinishedCallback  stm32h7xx_hal_tim.o
    0x0800826a   0x00000002   PAD
    0x0800826c   0x00000070   Code   RO        13794    i.HAL_TIM_PWM_Start  stm32h7xx_hal_tim.o
    0x080082dc   0x00000002   Code   RO         1112    i.HAL_TIM_PeriodElapsedCallback  hardware_timer_bsp.o
    0x080082de   0x00000054   Code   RO        13801    i.HAL_TIM_ReadCapturedValue  stm32h7xx_hal_tim.o
    0x08008332   0x00000002   Code   RO        13804    i.HAL_TIM_TriggerCallback  stm32h7xx_hal_tim.o
    0x08008334   0x00000002   Code   RO        14993    i.HAL_UARTEx_WakeupCallback  stm32h7xx_hal_uart_ex.o
    0x08008336   0x00000002   Code   RO        14657    i.HAL_UART_ErrorCallback  stm32h7xx_hal_uart.o
    0x08008338   0x00000014   Code   RO        14659    i.HAL_UART_GetState  stm32h7xx_hal_uart.o
    0x0800834c   0x000001bc   Code   RO        14660    i.HAL_UART_IRQHandler  stm32h7xx_hal_uart.o
    0x08008508   0x00000078   Code   RO        14661    i.HAL_UART_Init     stm32h7xx_hal_uart.o
    0x08008580   0x000000c4   Code   RO         2079    i.HAL_UART_MspInit  usart1_bsp.o
    0x08008644   0x000000e0   Code   RO        14666    i.HAL_UART_Receive_IT  stm32h7xx_hal_uart.o
    0x08008724   0x00000088   Code   RO         2080    i.HAL_UART_RxCpltCallback  usart1_bsp.o
    0x080087ac   0x00000002   Code   RO        14672    i.HAL_UART_TxCpltCallback  stm32h7xx_hal_uart.o
    0x080087ae   0x00000002   Code   RO         2152    i.HAL_WWDG_EarlyWakeupCallback  wdg_bsp.o
    0x080087b0   0x00000028   Code   RO        15318    i.HAL_WWDG_IRQHandler  stm32h7xx_hal_wwdg.o
    0x080087d8   0x00000058   Code   RO          389    i.HardFault_Handler  stm32h7xx_it.o
    0x08008830   0x00000016   Code   RO         1310    i.LCD_Pow           lcd_bsp.o
    0x08008846   0x00000212   Code   RO         8769    i.LTDC_SetConfig    stm32h7xx_hal_ltdc.o
    0x08008a58   0x00000098   Code   RO          390    i.MemManage_Handler  stm32h7xx_it.o
    0x08008af0   0x00000002   Code   RO          391    i.NMI_Handler       stm32h7xx_it.o
    0x08008af2   0x00000002   Code   RO          392    i.PendSV_Handler    stm32h7xx_it.o
    0x08008af4   0x000000f8   Code   RO        10981    i.RCCEx_PLL2_Config  stm32h7xx_hal_rcc_ex.o
    0x08008bec   0x000000f8   Code   RO        10982    i.RCCEx_PLL3_Config  stm32h7xx_hal_rcc_ex.o
    0x08008ce4   0x00000010   Code   RO         1774    i.RTC_Alarm_IRQHandler  rtc_bsp.o
    0x08008cf4   0x00000016   Code   RO        11229    i.RTC_Bcd2ToByte    stm32h7xx_hal_rtc.o
    0x08008d0a   0x0000001a   Code   RO        11230    i.RTC_ByteToBcd2    stm32h7xx_hal_rtc.o
    0x08008d24   0x0000003e   Code   RO        11231    i.RTC_EnterInitMode  stm32h7xx_hal_rtc.o
    0x08008d62   0x00000002   PAD
    0x08008d64   0x00000010   Code   RO         1775    i.RTC_WKUP_IRQHandler  rtc_bsp.o
    0x08008d74   0x0000009c   Code   RO          844    i.SCB_EnableDCache  coreboard_bsp.o
    0x08008e10   0x0000007c   Code   RO          845    i.SCB_EnableICache  coreboard_bsp.o
    0x08008e8c   0x00000084   Code   RO         1995    i.SysTick_Handler   software_timer_bsp.o
    0x08008f10   0x000000f0   Code   RO          846    i.SystemClock_Config  coreboard_bsp.o
    0x08009000   0x00000094   Code   RO         2217    i.SystemInit        system_stm32h7xx.o
    0x08009094   0x00000018   Code   RO         1776    i.TAMP_STAMP_IRQHandler  rtc_bsp.o
    0x080090ac   0x00000010   Code   RO         1113    i.TIM1_CC_IRQHandler  hardware_timer_bsp.o
    0x080090bc   0x00000044   Code   RO         1115    i.TIM4_IRQHandler   hardware_timer_bsp.o
    0x08009100   0x00000010   Code   RO         1116    i.TIM5_IRQHandler   hardware_timer_bsp.o
    0x08009110   0x00000010   Code   RO         1117    i.TIM6_DAC_IRQHandler  hardware_timer_bsp.o
    0x08009120   0x000000cc   Code   RO        13805    i.TIM_Base_SetConfig  stm32h7xx_hal_tim.o
    0x080091ec   0x0000001c   Code   RO        13806    i.TIM_CCxChannelCmd  stm32h7xx_hal_tim.o
    0x08009208   0x000000b0   Code   RO        13814    i.TIM_OC1_SetConfig  stm32h7xx_hal_tim.o
    0x080092b8   0x000000bc   Code   RO        13815    i.TIM_OC2_SetConfig  stm32h7xx_hal_tim.o
    0x08009374   0x000000b4   Code   RO        13816    i.TIM_OC3_SetConfig  stm32h7xx_hal_tim.o
    0x08009428   0x00000078   Code   RO        13817    i.TIM_OC4_SetConfig  stm32h7xx_hal_tim.o
    0x080094a0   0x00000070   Code   RO        13818    i.TIM_OC5_SetConfig  stm32h7xx_hal_tim.o
    0x08009510   0x00000074   Code   RO        13819    i.TIM_OC6_SetConfig  stm32h7xx_hal_tim.o
    0x08009584   0x000000ea   Code   RO        14674    i.UART_AdvFeatureConfig  stm32h7xx_hal_uart.o
    0x0800966e   0x00000074   Code   RO        14675    i.UART_CheckIdleState  stm32h7xx_hal_uart.o
    0x080096e2   0x00000018   Code   RO        14676    i.UART_DMAAbortOnError  stm32h7xx_hal_uart.o
    0x080096fa   0x00000020   Code   RO        14686    i.UART_EndRxTransfer  stm32h7xx_hal_uart.o
    0x0800971a   0x00000020   Code   RO        14687    i.UART_EndTransmit_IT  stm32h7xx_hal_uart.o
    0x0800973a   0x0000008a   Code   RO        14689    i.UART_Receive_IT   stm32h7xx_hal_uart.o
    0x080097c4   0x000009a4   Code   RO        14690    i.UART_SetConfig    stm32h7xx_hal_uart.o
    0x0800a168   0x00000082   Code   RO        14691    i.UART_Transmit_IT  stm32h7xx_hal_uart.o
    0x0800a1ea   0x0000006c   Code   RO        14692    i.UART_WaitOnFlagUntilTimeout  stm32h7xx_hal_uart.o
    0x0800a256   0x00000002   PAD
    0x0800a258   0x00000050   Code   RO         2081    i.USART1_IRQHandler  usart1_bsp.o
    0x0800a2a8   0x00000004   Code   RO          393    i.UsageFault_Handler  stm32h7xx_it.o
    0x0800a2ac   0x00000010   Code   RO         2155    i.WWDG_IRQHandler   wdg_bsp.o
    0x0800a2bc   0x00000020   Code   RO        16376    i.__0printf$8       mc_w.l(printf8.o)
    0x0800a2dc   0x00000028   Code   RO        16378    i.__0sprintf$8      mc_w.l(printf8.o)
    0x0800a304   0x00000010   Code   RO         3173    i.__NVIC_GetPriorityGrouping  stm32h7xx_hal_cortex.o
    0x0800a314   0x00000028   Code   RO         3174    i.__NVIC_SetPriority  stm32h7xx_hal_cortex.o
    0x0800a33c   0x0000000e   Code   RO        16469    i.__scatterload_copy  mc_w.l(handlers.o)
    0x0800a34a   0x00000002   Code   RO        16470    i.__scatterload_null  mc_w.l(handlers.o)
    0x0800a34c   0x0000000e   Code   RO        16471    i.__scatterload_zeroinit  mc_w.l(handlers.o)
    0x0800a35a   0x00000006   Code   RO         1996    i.__set_PRIMASK     software_timer_bsp.o
    0x0800a360   0x00000410   Code   RO        16383    i._printf_core      mc_w.l(printf8.o)
    0x0800a770   0x00000024   Code   RO        16384    i._printf_post_padding  mc_w.l(printf8.o)
    0x0800a794   0x0000002e   Code   RO        16385    i._printf_pre_padding  mc_w.l(printf8.o)
    0x0800a7c2   0x0000000a   Code   RO        16387    i._sputc            mc_w.l(printf8.o)
    0x0800a7cc   0x0000001c   Code   RO         2083    i.fputc             usart1_bsp.o
    0x0800a7e8   0x0000000a   Code   RO            4    i.main              main.o
    0x0800a7f2   0x0000000e   Code   RO         1311    i.opt_delay         lcd_bsp.o
    0x0800a800   0x000000b0   Code   RO          529    i.usmart_cmd_rec    user_dbg.o
    0x0800a8b0   0x000002d4   Code   RO          530    i.usmart_exe        user_dbg.o
    0x0800ab84   0x000000d4   Code   RO          594    i.usmart_get_aparm  user_dbg_str.o
    0x0800ac58   0x00000036   Code   RO          595    i.usmart_get_cmdname  user_dbg_str.o
    0x0800ac8e   0x00000002   PAD
    0x0800ac90   0x000001c0   Code   RO          596    i.usmart_get_fname  user_dbg_str.o
    0x0800ae50   0x0000010c   Code   RO          597    i.usmart_get_fparam  user_dbg_str.o
    0x0800af5c   0x00000020   Code   RO          598    i.usmart_get_parmpos  user_dbg_str.o
    0x0800af7c   0x00000044   Code   RO          531    i.usmart_get_runtime  user_dbg.o
    0x0800afc0   0x0000001c   Code   RO          532    i.usmart_init       user_dbg.o
    0x0800afdc   0x00000016   Code   RO          599    i.usmart_pow        user_dbg_str.o
    0x0800aff2   0x00000002   PAD
    0x0800aff4   0x00000034   Code   RO          533    i.usmart_reset_runtime  user_dbg.o
    0x0800b028   0x000000d4   Code   RO          534    i.usmart_scan       user_dbg.o
    0x0800b0fc   0x00000016   Code   RO          600    i.usmart_search_nextc  user_dbg_str.o
    0x0800b112   0x00000106   Code   RO          601    i.usmart_str2num    user_dbg_str.o
    0x0800b218   0x00000022   Code   RO          602    i.usmart_strcmp     user_dbg_str.o
    0x0800b23a   0x00000016   Code   RO          603    i.usmart_strcopy    user_dbg_str.o
    0x0800b250   0x00000018   Code   RO          604    i.usmart_strlen     user_dbg_str.o
    0x0800b268   0x0000041c   Code   RO          535    i.usmart_sys_cmd_exe  user_dbg.o
    0x0800b684   0x00004770   Data   RO         1314    .constdata          lcd_bsp.o
    0x0800fdf4   0x00000048   Data   RO         1590    .constdata          led_bsp.o
    0x0800fe3c   0x00000040   Data   RO         2218    .constdata          system_stm32h7xx.o
    0x0800fe7c   0x00000038   Data   RO         4276    .constdata          stm32h7xx_hal_dma.o
    0x0800feb4   0x00000030   Data   RO        14693    .constdata          stm32h7xx_hal_uart.o
    0x0800fee4   0x00000164   Data   RO          537    .conststring        user_dbg.o
    0x08010048   0x000006ba   Data   RO          682    .conststring        user_dbg_config.o
    0x08010702   0x00000002   PAD
    0x08010704   0x00000020   Data   RO        16467    Region$$Table       anon$$obj.o


    Execution Region RW_IRAM1 (Base: 0x20000000, Size: 0x00000000, Max: 0x00020000, ABSOLUTE)

    **** No section assigned to this execution region ****


    Execution Region RW_IRAM2 (Base: 0x24000000, Size: 0x00003c90, Max: 0x00080000, ABSOLUTE, COMPRESSED[0x00000134])

    Base Addr    Size         Type   Attr      Idx    E Section Name        Object

    0x24000000   0x00000020   Data   RW          538    .data               user_dbg.o
    0x24000020   0x000001d0   Data   RW          683    .data               user_dbg_config.o
    0x240001f0   0x00000002   Data   RW          791    .data               adc_dualmode_bsp.o
    0x240001f2   0x00000001   Data   RW          849    .data               coreboard_bsp.o
    0x240001f3   0x00000001   PAD
    0x240001f4   0x00000028   Data   RW         1121    .data               hardware_timer_bsp.o
    0x2400021c   0x00000014   Data   RW         1315    .data               lcd_bsp.o
    0x24000230   0x00000088   Data   RW         1779    .data               rtc_bsp.o
    0x240002b8   0x00000015   Data   RW         2000    .data               software_timer_bsp.o
    0x240002cd   0x00000003   PAD
    0x240002d0   0x0000000c   Data   RW         2086    .data               usart1_bsp.o
    0x240002dc   0x00000008   Data   RW         2219    .data               system_stm32h7xx.o
    0x240002e4   0x00000009   Data   RW         2307    .data               stm32h7xx_hal.o
    0x240002ed   0x00000003   PAD
    0x240002f0   0x000000f8   Zero   RW          719    .bss                adc_bsp.o
    0x240003e8   0x000000c8   Zero   RW          847    .bss                coreboard_bsp.o
    0x240004b0   0x00000038   Zero   RW         1005    .bss                dac_bsp.o
    0x240004e8   0x00000320   Zero   RW         1119    .bss                hardware_timer_bsp.o
    0x24000808   0x00000182   Zero   RW         1313    .bss                lcd_bsp.o
    0x2400098a   0x00000002   PAD
    0x2400098c   0x00000132   Zero   RW         1777    .bss                rtc_bsp.o
    0x24000abe   0x00000002   PAD
    0x24000ac0   0x00000034   Zero   RW         1930    .bss                sdram_bsp.o
    0x24000af4   0x00000030   Zero   RW         1997    .bss                software_timer_bsp.o
    0x24000b24   0x00000148   Zero   RW         2084    .bss                usart1_bsp.o
    0x24000c6c   0x00000024   Zero   RW         2156    .bss                wdg_bsp.o
    0x24000c90   0x00003000   Zero   RW        16128    STACK               startup_stm32h743xx.o



  Load Region LR$$.ARM.__AT_0xC0000000 (Base: 0xc0000000, Size: 0x00000000, Max: 0x001f4000, ABSOLUTE)

    Execution Region ER$$.ARM.__AT_0xC0000000 (Base: 0xc0000000, Size: 0x001f4000, Max: 0x001f4000, ABSOLUTE, UNINIT)

    Base Addr    Size         Type   Attr      Idx    E Section Name        Object

    0xc0000000   0x001f4000   Zero   RW         1312    .ARM.__AT_0xC0000000  lcd_bsp.o


==============================================================================

Image component sizes


      Code (inc. data)   RO Data    RW Data    ZI Data      Debug   Object Name

       628         46          0          0        248       3408   adc_bsp.o
        42          8          0          2          0       3011   adc_dualmode_bsp.o
      1472        390          0          1        200      41678   coreboard_bsp.o
        16          4          0          0         56       1644   dac_bsp.o
       958        130          0         40        800       9689   hardware_timer_bsp.o
      5830        294      18288         20    2048386      33356   lcd_bsp.o
       716         94         72          0          0       3618   led_bsp.o
        10          0          0          0          0    1421638   main.o
       288        142          0          0          0        814   pwm_bsp.o
       932        270          0        136        306      11632   rtc_bsp.o
       576         46          0          0         52       4042   sdram_bsp.o
       386         46          0         21         48       9585   software_timer_bsp.o
        36          8        664          0      12288        808   startup_stm32h743xx.o
       138         24          0          9          0       3931   stm32h7xx_hal.o
      4450        142          0          0          0      10499   stm32h7xx_hal_adc.o
       188          0          0          0          0       1662   stm32h7xx_hal_adc_ex.o
       344         22          0          0          0      39501   stm32h7xx_hal_cortex.o
       140          0          0          0          0       1694   stm32h7xx_hal_dac.o
         2          0          0          0          0        991   stm32h7xx_hal_dac_ex.o
      3106        124         56          0          0      10379   stm32h7xx_hal_dma.o
      1010        104          0          0          0       4658   stm32h7xx_hal_gpio.o
      1124          6          0          0          0       4665   stm32h7xx_hal_ltdc.o
        20          6          0          0          0        547   stm32h7xx_hal_pwr.o
      3048         86          0          0          0       5952   stm32h7xx_hal_rcc.o
      4916        122          0          0          0       7351   stm32h7xx_hal_rcc_ex.o
      1986         32          0          0          0      10069   stm32h7xx_hal_rtc.o
       526         38          0          0          0       5934   stm32h7xx_hal_rtc_ex.o
       178          4          0          0          0       2740   stm32h7xx_hal_sdram.o
      2270        186          0          0          0      13063   stm32h7xx_hal_tim.o
         4          0          0          0          0       1714   stm32h7xx_hal_tim_ex.o
      4094        140         48          0          0      12792   stm32h7xx_hal_uart.o
         2          0          0          0          0        964   stm32h7xx_hal_uart_ex.o
        40          0          0          0          0        998   stm32h7xx_hal_wwdg.o
       254        102          0          0          0      38145   stm32h7xx_it.o
       324          4          0          0          0       3396   stm32h7xx_ll_fmc.o
       148         18         64          8          0       1502   system_stm32h7xx.o
       508         60          0         12        328       5663   usart1_bsp.o
      2312        688        356         32          0       5989   user_dbg.o
         0          0       1722        464          0       1764   user_dbg_config.o
      1400         20          0          0          0       9493   user_dbg_str.o
        18          6          0          0         36       4897   wdg_bsp.o

    ----------------------------------------------------------------------
     44486       3412      21304        752    2062752    1755876   Object Totals
         0          0         32          0          0          0   (incl. Generated)
        46          0          2          7          4          0   (incl. Padding)

    ----------------------------------------------------------------------

      Code (inc. data)   RO Data    RW Data    ZI Data      Debug   Library Member Name

        86          0          0          0          0          0   __dczerorl2.o
         0          0          0          0          0          0   entry.o
         0          0          0          0          0          0   entry10a.o
         0          0          0          0          0          0   entry11a.o
         8          4          0          0          0          0   entry2.o
         4          0          0          0          0          0   entry5.o
         0          0          0          0          0          0   entry7b.o
         0          0          0          0          0          0   entry8b.o
         8          4          0          0          0          0   entry9a.o
        30          0          0          0          0          0   handlers.o
        36          8          0          0          0         68   init.o
        30          0          0          0          0         68   llshl.o
        32          0          0          0          0         68   llushr.o
        36          0          0          0          0         68   memcpya.o
      1204         60          0          0          0        504   printf8.o
        98          0          0          0          0         92   uldiv.o

    ----------------------------------------------------------------------
      1574         76          0          0          0        868   Library Totals
         2          0          0          0          0          0   (incl. Padding)

    ----------------------------------------------------------------------

      Code (inc. data)   RO Data    RW Data    ZI Data      Debug   Library Name

      1572         76          0          0          0        868   mc_w.l

    ----------------------------------------------------------------------
      1574         76          0          0          0        868   Library Totals

    ----------------------------------------------------------------------

==============================================================================


      Code (inc. data)   RO Data    RW Data    ZI Data      Debug   

     46060       3488      21304        752    2062752    1732312   Grand Totals
     46060       3488      21304        308    2062752    1732312   ELF Image Totals (compressed)
     46060       3488      21304        308          0          0   ROM Totals

==============================================================================

    Total RO  Size (Code + RO Data)                67364 (  65.79kB)
    Total RW  Size (RW Data + ZI Data)           2063504 (2015.14kB)
    Total ROM Size (Code + RO Data + RW Data)      67672 (  66.09kB)

==============================================================================

