Component: ARM Compiler 5.06 update 4 (build 422) Tool: armlink [4d35d2]

==============================================================================

Section Cross References

    main.o(i.main) refers to coreboard_bsp.o(i.Coreboard_BSP_Init) for Coreboard_BSP_Init
    stm32h7xx_it.o(i.MemManage_Handler) refers to led_bsp.o(i.Bsp_LED_Off) for Bsp_LED_Off
    stm32h7xx_it.o(i.MemManage_Handler) refers to led_bsp.o(i.Bsp_LED_On) for Bsp_LED_On
    stm32h7xx_it.o(i.MemManage_Handler) refers to noretval__2printf.o(.text) for __2printf
    stm32h7xx_it.o(i.MemManage_Handler) refers to software_timer_bsp.o(i.Bsp_Delay_ms) for Bsp_Delay_ms
    user_lib.o(i.CRC16_Modbus) refers to user_lib.o(.constdata) for .constdata
    user_lib.o(i.CaculTwoPoint) refers to llsdiv.o(.text) for __aeabi_ldivmod
    user_lib.o(i.int_to_str) refers to user_lib.o(i.mem_set) for mem_set
    user_dbg.o(i.usmart_cmd_rec) refers to user_dbg_str.o(i.usmart_get_fname) for usmart_get_fname
    user_dbg.o(i.usmart_cmd_rec) refers to user_dbg_str.o(i.usmart_strcmp) for usmart_strcmp
    user_dbg.o(i.usmart_cmd_rec) refers to user_dbg_str.o(i.usmart_get_fparam) for usmart_get_fparam
    user_dbg.o(i.usmart_cmd_rec) refers to user_dbg_config.o(.data) for usmart_dev
    user_dbg.o(i.usmart_exe) refers to _printf_percent.o(.ARM.Collect$$_printf_percent$$00000000) for _printf_percent
    user_dbg.o(i.usmart_exe) refers to _printf_s.o(.ARM.Collect$$_printf_percent$$00000014) for _printf_s
    user_dbg.o(i.usmart_exe) refers to _printf_str.o(.text) for _printf_str
    user_dbg.o(i.usmart_exe) refers to _printf_c.o(.ARM.Collect$$_printf_percent$$00000013) for _printf_c
    user_dbg.o(i.usmart_exe) refers to _printf_d.o(.ARM.Collect$$_printf_percent$$00000009) for _printf_d
    user_dbg.o(i.usmart_exe) refers to _printf_dec.o(.text) for _printf_int_dec
    user_dbg.o(i.usmart_exe) refers to _printf_x.o(.ARM.Collect$$_printf_percent$$0000000C) for _printf_x
    user_dbg.o(i.usmart_exe) refers to _printf_hex_int.o(.text) for _printf_longlong_hex
    user_dbg.o(i.usmart_exe) refers to _printf_u.o(.ARM.Collect$$_printf_percent$$0000000A) for _printf_u
    user_dbg.o(i.usmart_exe) refers to _printf_pad.o(.text) for _printf_pre_padding
    user_dbg.o(i.usmart_exe) refers to user_dbg_str.o(i.usmart_get_fname) for usmart_get_fname
    user_dbg.o(i.usmart_exe) refers to noretval__2printf.o(.text) for __2printf
    user_dbg.o(i.usmart_exe) refers to user_dbg_str.o(i.usmart_get_parmpos) for usmart_get_parmpos
    user_dbg.o(i.usmart_exe) refers to user_dbg.o(i.usmart_reset_runtime) for usmart_reset_runtime
    user_dbg.o(i.usmart_exe) refers to user_dbg.o(i.usmart_get_runtime) for usmart_get_runtime
    user_dbg.o(i.usmart_exe) refers to user_dbg_config.o(.data) for usmart_dev
    user_dbg.o(i.usmart_get_runtime) refers to hardware_timer_bsp.o(.bss) for TIM4_Handler
    user_dbg.o(i.usmart_get_runtime) refers to user_dbg_config.o(.data) for usmart_dev
    user_dbg.o(i.usmart_init) refers to hardware_timer_bsp.o(i.Bsp_InitHardTimer_TIM4) for Bsp_InitHardTimer_TIM4
    user_dbg.o(i.usmart_init) refers to user_dbg_config.o(.data) for usmart_dev
    user_dbg.o(i.usmart_reset_runtime) refers to hardware_timer_bsp.o(.bss) for TIM4_Handler
    user_dbg.o(i.usmart_reset_runtime) refers to user_dbg_config.o(.data) for usmart_dev
    user_dbg.o(i.usmart_scan) refers to user_dbg.o(i.usmart_sys_cmd_exe) for usmart_sys_cmd_exe
    user_dbg.o(i.usmart_scan) refers to noretval__2printf.o(.text) for __2printf
    user_dbg.o(i.usmart_scan) refers to usart1_bsp.o(.data) for USART_RX_STA
    user_dbg.o(i.usmart_scan) refers to usart1_bsp.o(.bss) for USART_RX_BUF
    user_dbg.o(i.usmart_scan) refers to user_dbg_config.o(.data) for usmart_dev
    user_dbg.o(i.usmart_sys_cmd_exe) refers to _printf_percent.o(.ARM.Collect$$_printf_percent$$00000000) for _printf_percent
    user_dbg.o(i.usmart_sys_cmd_exe) refers to _printf_s.o(.ARM.Collect$$_printf_percent$$00000014) for _printf_s
    user_dbg.o(i.usmart_sys_cmd_exe) refers to _printf_str.o(.text) for _printf_str
    user_dbg.o(i.usmart_sys_cmd_exe) refers to _printf_pad.o(.text) for _printf_pre_padding
    user_dbg.o(i.usmart_sys_cmd_exe) refers to _printf_x.o(.ARM.Collect$$_printf_percent$$0000000C) for _printf_x
    user_dbg.o(i.usmart_sys_cmd_exe) refers to _printf_hex_int.o(.text) for _printf_longlong_hex
    user_dbg.o(i.usmart_sys_cmd_exe) refers to _printf_u.o(.ARM.Collect$$_printf_percent$$0000000A) for _printf_u
    user_dbg.o(i.usmart_sys_cmd_exe) refers to _printf_dec.o(.text) for _printf_int_dec
    user_dbg.o(i.usmart_sys_cmd_exe) refers to user_dbg_str.o(i.usmart_get_cmdname) for usmart_get_cmdname
    user_dbg.o(i.usmart_sys_cmd_exe) refers to user_dbg_str.o(i.usmart_strcmp) for usmart_strcmp
    user_dbg.o(i.usmart_sys_cmd_exe) refers to noretval__2printf.o(.text) for __2printf
    user_dbg.o(i.usmart_sys_cmd_exe) refers to user_dbg_str.o(i.usmart_get_fname) for usmart_get_fname
[...]
    DMA2_Stream0_IRQHandler                  0x080003b3   Thumb Code     0  startup_stm32h743xx.o(.text)
    DMA2_Stream1_IRQHandler                  0x080003b3   Thumb Code     0  startup_stm32h743xx.o(.text)
    DMA2_Stream2_IRQHandler                  0x080003b3   Thumb Code     0  startup_stm32h743xx.o(.text)
    DMA2_Stream3_IRQHandler                  0x080003b3   Thumb Code     0  startup_stm32h743xx.o(.text)
    DMA2_Stream4_IRQHandler                  0x080003b3   Thumb Code     0  startup_stm32h743xx.o(.text)
    DMA2_Stream5_IRQHandler                  0x080003b3   Thumb Code     0  startup_stm32h743xx.o(.text)
    DMA2_Stream6_IRQHandler                  0x080003b3   Thumb Code     0  startup_stm32h743xx.o(.text)
    DMA2_Stream7_IRQHandler                  0x080003b3   Thumb Code     0  startup_stm32h743xx.o(.text)
    DMAMUX1_OVR_IRQHandler                   0x080003b3   Thumb Code     0  startup_stm32h743xx.o(.text)
    DMAMUX2_OVR_IRQHandler                   0x080003b3   Thumb Code     0  startup_stm32h743xx.o(.text)
    ETH_IRQHandler                           0x080003b3   Thumb Code     0  startup_stm32h743xx.o(.text)
    ETH_WKUP_IRQHandler                      0x080003b3   Thumb Code     0  startup_stm32h743xx.o(.text)
    EXTI0_IRQHandler                         0x080003b3   Thumb Code     0  startup_stm32h743xx.o(.text)
    EXTI15_10_IRQHandler                     0x080003b3   Thumb Code     0  startup_stm32h743xx.o(.text)
    EXTI1_IRQHandler                         0x080003b3   Thumb Code     0  startup_stm32h743xx.o(.text)
    EXTI2_IRQHandler                         0x080003b3   Thumb Code     0  startup_stm32h743xx.o(.text)
    EXTI3_IRQHandler                         0x080003b3   Thumb Code     0  startup_stm32h743xx.o(.text)
    EXTI4_IRQHandler                         0x080003b3   Thumb Code     0  startup_stm32h743xx.o(.text)
    EXTI9_5_IRQHandler                       0x080003b3   Thumb Code     0  startup_stm32h743xx.o(.text)
    FDCAN1_IT0_IRQHandler                    0x080003b3   Thumb Code     0  startup_stm32h743xx.o(.text)
    FDCAN1_IT1_IRQHandler                    0x080003b3   Thumb Code     0  startup_stm32h743xx.o(.text)
    FDCAN2_IT0_IRQHandler                    0x080003b3   Thumb Code     0  startup_stm32h743xx.o(.text)
    FDCAN2_IT1_IRQHandler                    0x080003b3   Thumb Code     0  startup_stm32h743xx.o(.text)
    FDCAN_CAL_IRQHandler                     0x080003b3   Thumb Code     0  startup_stm32h743xx.o(.text)
    FLASH_IRQHandler                         0x080003b3   Thumb Code     0  startup_stm32h743xx.o(.text)
    FMC_IRQHandler                           0x080003b3   Thumb Code     0  startup_stm32h743xx.o(.text)
    FPU_IRQHandler                           0x080003b3   Thumb Code     0  startup_stm32h743xx.o(.text)
    HRTIM1_FLT_IRQHandler                    0x080003b3   Thumb Code     0  startup_stm32h743xx.o(.text)
    HRTIM1_Master_IRQHandler                 0x080003b3   Thumb Code     0  startup_stm32h743xx.o(.text)
    HRTIM1_TIMA_IRQHandler                   0x080003b3   Thumb Code     0  startup_stm32h743xx.o(.text)
    HRTIM1_TIMB_IRQHandler                   0x080003b3   Thumb Code     0  startup_stm32h743xx.o(.text)
    HRTIM1_TIMC_IRQHandler                   0x080003b3   Thumb Code     0  startup_stm32h743xx.o(.text)
    HRTIM1_TIMD_IRQHandler                   0x080003b3   Thumb Code     0  startup_stm32h743xx.o(.text)
    HRTIM1_TIME_IRQHandler                   0x080003b3   Thumb Code     0  startup_stm32h743xx.o(.text)
    HSEM1_IRQHandler                         0x080003b3   Thumb Code     0  startup_stm32h743xx.o(.text)
    I2C1_ER_IRQHandler                       0x080003b3   Thumb Code     0  startup_stm32h743xx.o(.text)
    I2C1_EV_IRQHandler                       0x080003b3   Thumb Code     0  startup_stm32h743xx.o(.text)
    I2C2_ER_IRQHandler                       0x080003b3   Thumb Code     0  startup_stm32h743xx.o(.text)
    I2C2_EV_IRQHandler                       0x080003b3   Thumb Code     0  startup_stm32h743xx.o(.text)
    I2C3_ER_IRQHandler                       0x080003b3   Thumb Code     0  startup_stm32h743xx.o(.text)
    I2C3_EV_IRQHandler                       0x080003b3   Thumb Code     0  startup_stm32h743xx.o(.text)
    I2C4_ER_IRQHandler                       0x080003b3   Thumb Code     0  startup_stm32h743xx.o(.text)
    I2C4_EV_IRQHandler                       0x080003b3   Thumb Code     0  startup_stm32h743xx.o(.text)
    JPEG_IRQHandler                          0x080003b3   Thumb Code     0  startup_stm32h743xx.o(.text)
    LPTIM1_IRQHandler                        0x080003b3   Thumb Code     0  startup_stm32h743xx.o(.text)
    LPTIM2_IRQHandler                        0x080003b3   Thumb Code     0  startup_stm32h743xx.o(.text)
    LPTIM3_IRQHandler                        0x080003b3   Thumb Code     0  startup_stm32h743xx.o(.text)
    LPTIM4_IRQHandler                        0x080003b3   Thumb Code     0  startup_stm32h743xx.o(.text)
    LPTIM5_IRQHandler                        0x080003b3   Thumb Code     0  startup_stm32h743xx.o(.text)
    LPUART1_IRQHandler                       0x080003b3   Thumb Code     0  startup_stm32h743xx.o(.text)
    LTDC_ER_IRQHandler                       0x080003b3   Thumb Code     0  startup_stm32h743xx.o(.text)
    LTDC_IRQHandler                          0x080003b3   Thumb Code     0  startup_stm32h743xx.o(.text)
    MDIOS_IRQHandler                         0x080003b3   Thumb Code     0  startup_stm32h743xx.o(.text)
    MDIOS_WKUP_IRQHandler                    0x080003b3   Thumb Code     0  startup_stm32h743xx.o(.text)
    MDMA_IRQHandler                          0x080003b3   Thumb Code     0  startup_stm32h743xx.o(.text)
    OTG_FS_EP1_IN_IRQHandler                 0x080003b3   Thumb Code     0  startup_stm32h743xx.o(.text)
    OTG_FS_EP1_OUT_IRQHandler                0x080003b3   Thumb Code     0  startup_stm32h743xx.o(.text)
    OTG_FS_IRQHandler                        0x080003b3   Thumb Code     0  startup_stm32h743xx.o(.text)
    OTG_FS_WKUP_IRQHandler                   0x080003b3   Thumb Code     0  startup_stm32h743xx.o(.text)
    OTG_HS_EP1_IN_IRQHandler                 0x080003b3   Thumb Code     0  startup_stm32h743xx.o(.text)
    OTG_HS_EP1_OUT_IRQHandler                0x080003b3   Thumb Code     0  startup_stm32h743xx.o(.text)
    OTG_HS_IRQHandler                        0x080003b3   Thumb Code     0  startup_stm32h743xx.o(.text)
    OTG_HS_WKUP_IRQHandler                   0x080003b3   Thumb Code     0  startup_stm32h743xx.o(.text)
    PVD_AVD_IRQHandler                       0x080003b3   Thumb Code     0  startup_stm32h743xx.o(.text)
    QUADSPI_IRQHandler                       0x080003b3   Thumb Code     0  startup_stm32h743xx.o(.text)
    RCC_IRQHandler                           0x080003b3   Thumb Code     0  startup_stm32h743xx.o(.text)
    SAI1_IRQHandler                          0x080003b3   Thumb Code     0  startup_stm32h743xx.o(.text)
    SAI2_IRQHandler                          0x080003b3   Thumb Code     0  startup_stm32h743xx.o(.text)
    SAI3_IRQHandler                          0x080003b3   Thumb Code     0  startup_stm32h743xx.o(.text)
    SAI4_IRQHandler                          0x080003b3   Thumb Code     0  startup_stm32h743xx.o(.text)
    SDMMC1_IRQHandler                        0x080003b3   Thumb Code     0  startup_stm32h743xx.o(.text)
    SDMMC2_IRQHandler                        0x080003b3   Thumb Code     0  startup_stm32h743xx.o(.text)
    SPDIF_RX_IRQHandler                      0x080003b3   Thumb Code     0  startup_stm32h743xx.o(.text)
    SPI1_IRQHandler                          0x080003b3   Thumb Code     0  startup_stm32h743xx.o(.text)
    SPI2_IRQHandler                          0x080003b3   Thumb Code     0  startup_stm32h743xx.o(.text)
    SPI3_IRQHandler                          0x080003b3   Thumb Code     0  startup_stm32h743xx.o(.text)
    SPI4_IRQHandler                          0x080003b3   Thumb Code     0  startup_stm32h743xx.o(.text)
    SPI5_IRQHandler                          0x080003b3   Thumb Code     0  startup_stm32h743xx.o(.text)
    SPI6_IRQHandler                          0x080003b3   Thumb Code     0  startup_stm32h743xx.o(.text)
    SWPMI1_IRQHandler                        0x080003b3   Thumb Code     0  startup_stm32h743xx.o(.text)
    TIM15_IRQHandler                         0x080003b3   Thumb Code     0  startup_stm32h743xx.o(.text)
    TIM16_IRQHandler                         0x080003b3   Thumb Code     0  startup_stm32h743xx.o(.text)
    TIM17_IRQHandler                         0x080003b3   Thumb Code     0  startup_stm32h743xx.o(.text)
    TIM1_BRK_IRQHandler                      0x080003b3   Thumb Code     0  startup_stm32h743xx.o(.text)
    TIM1_TRG_COM_IRQHandler                  0x080003b3   Thumb Code     0  startup_stm32h743xx.o(.text)
    TIM1_UP_IRQHandler                       0x080003b3   Thumb Code     0  startup_stm32h743xx.o(.text)
    TIM2_IRQHandler                          0x080003b3   Thumb Code     0  startup_stm32h743xx.o(.text)
    TIM3_IRQHandler                          0x080003b3   Thumb Code     0  startup_stm32h743xx.o(.text)
    TIM6_DAC_IRQHandler                      0x080003b3   Thumb Code     0  startup_stm32h743xx.o(.text)
    TIM7_IRQHandler                          0x080003b3   Thumb Code     0  startup_stm32h743xx.o(.text)
    TIM8_BRK_TIM12_IRQHandler                0x080003b3   Thumb Code     0  startup_stm32h743xx.o(.text)
    TIM8_CC_IRQHandler                       0x080003b3   Thumb Code     0  startup_stm32h743xx.o(.text)
    TIM8_TRG_COM_TIM14_IRQHandler            0x080003b3   Thumb Code     0  startup_stm32h743xx.o(.text)
    TIM8_UP_TIM13_IRQHandler                 0x080003b3   Thumb Code     0  startup_stm32h743xx.o(.text)
    UART4_IRQHandler                         0x080003b3   Thumb Code     0  startup_stm32h743xx.o(.text)
    UART5_IRQHandler                         0x080003b3   Thumb Code     0  startup_stm32h743xx.o(.text)
    UART7_IRQHandler                         0x080003b3   Thumb Code     0  startup_stm32h743xx.o(.text)
    UART8_IRQHandler                         0x080003b3   Thumb Code     0  startup_stm32h743xx.o(.text)
    USART2_IRQHandler                        0x080003b3   Thumb Code     0  startup_stm32h743xx.o(.text)
    USART3_IRQHandler                        0x080003b3   Thumb Code     0  startup_stm32h743xx.o(.text)
    USART6_IRQHandler                        0x080003b3   Thumb Code     0  startup_stm32h743xx.o(.text)
    WAKEUP_PIN_IRQHandler                    0x080003b3   Thumb Code     0  startup_stm32h743xx.o(.text)
    __user_initial_stackheap                 0x080003b5   Thumb Code     0  startup_stm32h743xx.o(.text)
    __aeabi_uldivmod                         0x080003d9   Thumb Code     0  lludivv7m.o(.text)
    _ll_udiv                                 0x080003d9   Thumb Code   238  lludivv7m.o(.text)
    __2printf                                0x080004c9   Thumb Code    20  noretval__2printf.o(.text)
    __2sprintf                               0x080004e1   Thumb Code    34  noretval__2sprintf.o(.text)
    _printf_pre_padding                      0x08000509   Thumb Code    44  _printf_pad.o(.text)
    _printf_post_padding                     0x08000535   Thumb Code    34  _printf_pad.o(.text)
    _printf_str                              0x08000557   Thumb Code    82  _printf_str.o(.text)
    _printf_int_dec                          0x080005a9   Thumb Code   104  _printf_dec.o(.text)
    _printf_int_hex                          0x08000621   Thumb Code    84  _printf_hex_int.o(.text)
    _printf_longlong_hex                     0x08000621   Thumb Code     0  _printf_hex_int.o(.text)
    __printf                                 0x08000679   Thumb Code   388  __printf_flags_ss_wp.o(.text)
    __aeabi_memcpy4                          0x08000801   Thumb Code     0  rt_memcpy_w.o(.text)
    __aeabi_memcpy8                          0x08000801   Thumb Code     0  rt_memcpy_w.o(.text)
    __rt_memcpy_w                            0x08000801   Thumb Code   100  rt_memcpy_w.o(.text)
    _memcpy_lastbytes_aligned                0x08000849   Thumb Code     0  rt_memcpy_w.o(.text)
    __use_two_region_memory                  0x08000865   Thumb Code     2  heapauxi.o(.text)
    __rt_heap_escrow$2region                 0x08000867   Thumb Code     2  heapauxi.o(.text)
    __rt_heap_expand$2region                 0x08000869   Thumb Code     2  heapauxi.o(.text)
    _printf_int_common                       0x0800086b   Thumb Code   178  _printf_intcommon.o(.text)
    _printf_char_common                      0x08000927   Thumb Code    32  _printf_char_common.o(.text)
    _sputc                                   0x0800094d   Thumb Code    10  _sputc.o(.text)
    _printf_cs_common                        0x08000957   Thumb Code    20  _printf_char.o(.text)
    _printf_char                             0x0800096b   Thumb Code    16  _printf_char.o(.text)
    _printf_string                           0x0800097b   Thumb Code     8  _printf_char.o(.text)
    _printf_char_file                        0x08000985   Thumb Code    32  _printf_char_file.o(.text)
    ferror                                   0x080009a9   Thumb Code     8  ferror.o(.text)
    __user_setup_stackheap                   0x080009b1   Thumb Code    74  sys_stackheap_outer.o(.text)
    exit                                     0x080009fb   Thumb Code    18  exit.o(.text)
    __user_libspace                          0x08000a0d   Thumb Code     8  libspace.o(.text)
    __user_perproc_libspace                  0x08000a0d   Thumb Code     0  libspace.o(.text)
    __user_perthread_libspace                0x08000a0d   Thumb Code     0  libspace.o(.text)
    BSP_Idle                                 0x08000a15   Thumb Code     4  coreboard_bsp.o(i.BSP_Idle)
    BSP_RunPer10ms                           0x08000a19   Thumb Code    36  coreboard_bsp.o(i.BSP_RunPer10ms)
    BSP_RunPer1ms                            0x08000a41   Thumb Code     2  coreboard_bsp.o(i.BSP_RunPer1ms)
    Bsp_ComputeCRCAccumulate                 0x08000a45   Thumb Code    18  crc_bsp.o(i.Bsp_ComputeCRCAccumulate)
    Bsp_ComputeCRCDefault                    0x08000a65   Thumb Code    18  crc_bsp.o(i.Bsp_ComputeCRCDefault)
    Bsp_Delay_ms                             0x08000a85   Thumb Code    44  software_timer_bsp.o(i.Bsp_Delay_ms)
    Bsp_Delay_us                             0x08000ab5   Thumb Code    48  software_timer_bsp.o(i.Bsp_Delay_us)
    Bsp_IWDG_Feed                            0x08000ae9   Thumb Code     6  wdg_bsp.o(i.Bsp_IWDG_Feed)
    Bsp_IWDG_Init                            0x08000af5   Thumb Code    78  wdg_bsp.o(i.Bsp_IWDG_Init)
    Bsp_InitDefautCRC                        0x08000b51   Thumb Code    40  crc_bsp.o(i.Bsp_InitDefautCRC)
    Bsp_InitHardTimer_TIM4                   0x08000b81   Thumb Code    72  hardware_timer_bsp.o(i.Bsp_InitHardTimer_TIM4)
    Bsp_InitHardTimer_TIM5                   0x08000bd5   Thumb Code    36  hardware_timer_bsp.o(i.Bsp_InitHardTimer_TIM5)
    Bsp_InitLed                              0x08000c05   Thumb Code   124  led_bsp.o(i.Bsp_InitLed)
    Bsp_InitRNG                              0x08000c95   Thumb Code    52  rng_bsp.o(i.Bsp_InitRNG)
    Bsp_InitSoftTimer                        0x08000cd1   Thumb Code    48  software_timer_bsp.o(i.Bsp_InitSoftTimer)
    Bsp_InitUsart1                           0x08000d09   Thumb Code    52  usart1_bsp.o(i.Bsp_InitUsart1)
    Bsp_InitUserDefineCRC                    0x08000d49   Thumb Code    50  crc_bsp.o(i.Bsp_InitUserDefineCRC)
    Bsp_IsBackupRegReset                     0x08000d85   Thumb Code    34  rtc_bsp.o(i.Bsp_IsBackupRegReset)
    Bsp_LCD_Clear                            0x08000db1   Thumb Code    60  lcd_bsp.o(i.Bsp_LCD_Clear)
    Bsp_LCD_Display_Dir                      0x08000df5   Thumb Code   236  lcd_bsp.o(i.Bsp_LCD_Display_Dir)
    Bsp_LCD_DrawLine                         0x08000ee5   Thumb Code   152  lcd_bsp.o(i.Bsp_LCD_DrawLine)
    Bsp_LCD_DrawPoint                        0x08000f7d   Thumb Code    36  lcd_bsp.o(i.Bsp_LCD_DrawPoint)
    Bsp_LCD_DrawRectangle                    0x08000fad   Thumb Code    56  lcd_bsp.o(i.Bsp_LCD_DrawRectangle)
    Bsp_LCD_Draw_Circle                      0x08000fe5   Thumb Code   176  lcd_bsp.o(i.Bsp_LCD_Draw_Circle)
    Bsp_LCD_Fast_DrawPoint                   0x08001095   Thumb Code   234  lcd_bsp.o(i.Bsp_LCD_Fast_DrawPoint)
    Bsp_LCD_Fill                             0x08001189   Thumb Code    86  lcd_bsp.o(i.Bsp_LCD_Fill)
    Bsp_LCD_ReadPoint                        0x080011e9   Thumb Code   148  lcd_bsp.o(i.Bsp_LCD_ReadPoint)
    Bsp_LCD_Scan_Dir                         0x08001281   Thumb Code   434  lcd_bsp.o(i.Bsp_LCD_Scan_Dir)
    Bsp_LCD_SetCursor                        0x08001439   Thumb Code   254  lcd_bsp.o(i.Bsp_LCD_SetCursor)
    Bsp_LCD_ShowChar                         0x0800153d   Thumb Code   204  lcd_bsp.o(i.Bsp_LCD_ShowChar)
    Bsp_LCD_ShowNum                          0x08001621   Thumb Code   120  lcd_bsp.o(i.Bsp_LCD_ShowNum)
    Bsp_LCD_ShowString                       0x08001699   Thumb Code    84  lcd_bsp.o(i.Bsp_LCD_ShowString)
    Bsp_LCD_ShowxNum                         0x080016ed   Thumb Code   134  lcd_bsp.o(i.Bsp_LCD_ShowxNum)
    Bsp_LCD_WriteRAM_Prepare                 0x08001775   Thumb Code    10  lcd_bsp.o(i.Bsp_LCD_WriteRAM_Prepare)
    Bsp_LCD_WriteReg                         0x08001789   Thumb Code    10  lcd_bsp.o(i.Bsp_LCD_WriteReg)
    Bsp_LED_Off                              0x08001799   Thumb Code    72  led_bsp.o(i.Bsp_LED_Off)
    Bsp_LED_On                               0x080017f1   Thumb Code    72  led_bsp.o(i.Bsp_LED_On)
    Bsp_LED_Toggled                          0x08001849   Thumb Code    66  led_bsp.o(i.Bsp_LED_Toggled)
    Bsp_LTDC_Clear                           0x0800189d   Thumb Code    28  lcd_bsp.o(i.Bsp_LTDC_Clear)
    Bsp_LTDC_Clk_Set                         0x080018bd   Thumb Code    38  lcd_bsp.o(i.Bsp_LTDC_Clk_Set)
    Bsp_LTDC_Display_Dir                     0x080018e5   Thumb Code    32  lcd_bsp.o(i.Bsp_LTDC_Display_Dir)
    Bsp_LTDC_Draw_Point                      0x08001909   Thumb Code    52  lcd_bsp.o(i.Bsp_LTDC_Draw_Point)
    Bsp_LTDC_Fill                            0x08001945   Thumb Code   162  lcd_bsp.o(i.Bsp_LTDC_Fill)
    Bsp_LTDC_Layer_Parameter_Config          0x080019f9   Thumb Code    88  lcd_bsp.o(i.Bsp_LTDC_Layer_Parameter_Config)
    Bsp_LTDC_Layer_Switch                    0x08001a55   Thumb Code    48  lcd_bsp.o(i.Bsp_LTDC_Layer_Switch)
    Bsp_LTDC_Layer_Window_Config             0x08001a89   Thumb Code    32  lcd_bsp.o(i.Bsp_LTDC_Layer_Window_Config)
    Bsp_LTDC_PanelID_Read                    0x08001aad   Thumb Code   176  lcd_bsp.o(i.Bsp_LTDC_PanelID_Read)
    Bsp_LTDC_Read_Point                      0x08001b69   Thumb Code    50  lcd_bsp.o(i.Bsp_LTDC_Read_Point)
    Bsp_LTDC_Select_Layer                    0x08001ba5   Thumb Code     6  lcd_bsp.o(i.Bsp_LTDC_Select_Layer)
    Bsp_LTDC_Switch                          0x08001bb1   Thumb Code    30  lcd_bsp.o(i.Bsp_LTDC_Switch)
    Bsp_Lcd_RD_DATA                          0x08001bd5   Thumb Code    16  lcd_bsp.o(i.Bsp_Lcd_RD_DATA)
    Bsp_Lcd_WR_DATA                          0x08001be9   Thumb Code    20  lcd_bsp.o(i.Bsp_Lcd_WR_DATA)
    Bsp_Lcd_WR_REG                           0x08001c01   Thumb Code    20  lcd_bsp.o(i.Bsp_Lcd_WR_REG)
    Bsp_RGB_LCD_Init                         0x08001c19   Thumb Code   774  lcd_bsp.o(i.Bsp_RGB_LCD_Init)
    Bsp_RTC_GetAlarm                         0x08001f35   Thumb Code    16  rtc_bsp.o(i.Bsp_RTC_GetAlarm)
    Bsp_RTC_GetDate                          0x08001f49   Thumb Code    10  rtc_bsp.o(i.Bsp_RTC_GetDate)
    Bsp_RTC_GetTime                          0x08001f5d   Thumb Code    12  rtc_bsp.o(i.Bsp_RTC_GetTime)
    Bsp_RTC_Init                             0x08001f6d   Thumb Code    92  rtc_bsp.o(i.Bsp_RTC_Init)
    Bsp_RTC_Set_AlarmA                       0x08001fd1   Thumb Code   100  rtc_bsp.o(i.Bsp_RTC_Set_AlarmA)
    Bsp_RTC_Set_BackupRAM                    0x08002039   Thumb Code    36  rtc_bsp.o(i.Bsp_RTC_Set_BackupRAM)
    Bsp_RTC_Set_Date                         0x08002065   Thumb Code    30  rtc_bsp.o(i.Bsp_RTC_Set_Date)
    Bsp_RTC_Set_Tamper                       0x08002089   Thumb Code    84  rtc_bsp.o(i.Bsp_RTC_Set_Tamper)
    Bsp_RTC_Set_Time                         0x080020e1   Thumb Code    44  rtc_bsp.o(i.Bsp_RTC_Set_Time)
    Bsp_RTC_Set_TimeStamp                    0x08002111   Thumb Code    54  rtc_bsp.o(i.Bsp_RTC_Set_TimeStamp)
    Bsp_RTC_Set_WakeUp                       0x0800214d   Thumb Code    52  rtc_bsp.o(i.Bsp_RTC_Set_WakeUp)
    Bsp_SDRAM_Init                           0x08002185   Thumb Code    80  sdram_bsp.o(i.Bsp_SDRAM_Init)
    Bsp_SDRAM_Initialization_Sequence        0x080021dd   Thumb Code    74  sdram_bsp.o(i.Bsp_SDRAM_Initialization_Sequence)
    Bsp_SDRAM_Send_Cmd                       0x0800222d   Thumb Code    50  sdram_bsp.o(i.Bsp_SDRAM_Send_Cmd)
    Bsp_TIM3_PWM_Init                        0x08002265   Thumb Code    78  pwm_bsp.o(i.Bsp_TIM3_PWM_Init)
    Bsp_WWDG_Init                            0x080022bd   Thumb Code    98  wdg_bsp.o(i.Bsp_WWDG_Init)
    BusFault_Handler                         0x0800232d   Thumb Code     2  stm32h7xx_it.o(i.BusFault_Handler)
    Coreboard_BSP_Init                       0x08002451   Thumb Code   522  coreboard_bsp.o(i.Coreboard_BSP_Init)
    DebugMon_Handler                         0x08002675   Thumb Code     2  stm32h7xx_it.o(i.DebugMon_Handler)
    Error_Handler                            0x08002677   Thumb Code    14  coreboard_bsp.o(i.Error_Handler)
    FMC_SDRAM_Init                           0x08002685   Thumb Code    94  stm32h7xx_ll_fmc.o(i.FMC_SDRAM_Init)
    FMC_SDRAM_ProgramRefreshRate             0x080026e3   Thumb Code    12  stm32h7xx_ll_fmc.o(i.FMC_SDRAM_ProgramRefreshRate)
    FMC_SDRAM_SendCommand                    0x080026ef   Thumb Code    32  stm32h7xx_ll_fmc.o(i.FMC_SDRAM_SendCommand)
    FMC_SDRAM_Timing_Init                    0x08002711   Thumb Code   134  stm32h7xx_ll_fmc.o(i.FMC_SDRAM_Timing_Init)
    GetInfo_Calendar                         0x0800279d   Thumb Code    68  rtc_bsp.o(i.GetInfo_Calendar)
    GetInfo_CoreBoard                        0x0800281d   Thumb Code   128  coreboard_bsp.o(i.GetInfo_CoreBoard)
    HAL_CRCEx_Polynomial_Set                 0x08002931   Thumb Code    74  stm32h7xx_hal_crc_ex.o(i.HAL_CRCEx_Polynomial_Set)
    HAL_CRC_Accumulate                       0x0800297d   Thumb Code    94  stm32h7xx_hal_crc.o(i.HAL_CRC_Accumulate)
    HAL_CRC_Calculate                        0x080029db   Thumb Code   102  stm32h7xx_hal_crc.o(i.HAL_CRC_Calculate)
    HAL_CRC_Init                             0x08002a41   Thumb Code   114  stm32h7xx_hal_crc.o(i.HAL_CRC_Init)
    HAL_CRC_MspInit                          0x08002ab9   Thumb Code    22  crc_bsp.o(i.HAL_CRC_MspInit)
    HAL_DMA_Abort_IT                         0x08002ad5   Thumb Code   138  stm32h7xx_hal_dma.o(i.HAL_DMA_Abort_IT)
    HAL_EnableCompensationCell               0x08002b69   Thumb Code    12  stm32h7xx_hal.o(i.HAL_EnableCompensationCell)
    HAL_GPIO_Init                            0x08002b79   Thumb Code   450  stm32h7xx_hal_gpio.o(i.HAL_GPIO_Init)
    HAL_GPIO_ReadPin                         0x08002d6d   Thumb Code    10  stm32h7xx_hal_gpio.o(i.HAL_GPIO_ReadPin)
    HAL_GPIO_TogglePin                       0x08002d77   Thumb Code     8  stm32h7xx_hal_gpio.o(i.HAL_GPIO_TogglePin)
    HAL_GPIO_WritePin                        0x08002d7f   Thumb Code    10  stm32h7xx_hal_gpio.o(i.HAL_GPIO_WritePin)
    HAL_GetTick                              0x08002d89   Thumb Code     6  stm32h7xx_hal.o(i.HAL_GetTick)
    HAL_IWDG_Init                            0x08002d95   Thumb Code    94  stm32h7xx_hal_iwdg.o(i.HAL_IWDG_Init)
    HAL_IWDG_Refresh                         0x08002df3   Thumb Code    12  stm32h7xx_hal_iwdg.o(i.HAL_IWDG_Refresh)
    HAL_Init                                 0x08002dff   Thumb Code    28  stm32h7xx_hal.o(i.HAL_Init)
    HAL_InitTick                             0x08002e1d   Thumb Code    54  stm32h7xx_hal.o(i.HAL_InitTick)
    HAL_LTDC_ConfigLayer                     0x08002e5d   Thumb Code    82  stm32h7xx_hal_ltdc.o(i.HAL_LTDC_ConfigLayer)
    HAL_LTDC_Init                            0x08002eb1   Thumb Code   242  stm32h7xx_hal_ltdc.o(i.HAL_LTDC_Init)
    HAL_LTDC_MspInit                         0x08002fa9   Thumb Code   218  lcd_bsp.o(i.HAL_LTDC_MspInit)
    HAL_LTDC_SetWindowPosition               0x0800309d   Thumb Code    84  stm32h7xx_hal_ltdc.o(i.HAL_LTDC_SetWindowPosition)
    HAL_LTDC_SetWindowSize                   0x080030f1   Thumb Code    84  stm32h7xx_hal_ltdc.o(i.HAL_LTDC_SetWindowSize)
    HAL_MspInit                              0x08003145   Thumb Code     2  stm32h7xx_hal.o(i.HAL_MspInit)
    HAL_NVIC_EnableIRQ                       0x08003147   Thumb Code    26  stm32h7xx_hal_cortex.o(i.HAL_NVIC_EnableIRQ)
    HAL_NVIC_SetPriority                     0x08003161   Thumb Code    60  stm32h7xx_hal_cortex.o(i.HAL_NVIC_SetPriority)
    HAL_NVIC_SetPriorityGrouping             0x080031a1   Thumb Code    28  stm32h7xx_hal_cortex.o(i.HAL_NVIC_SetPriorityGrouping)
    HAL_PWREx_EnableBkUpReg                  0x080031c5   Thumb Code    48  stm32h7xx_hal_pwr_ex.o(i.HAL_PWREx_EnableBkUpReg)
    HAL_PWR_EnableBkUpAccess                 0x080031f9   Thumb Code    12  stm32h7xx_hal_pwr.o(i.HAL_PWR_EnableBkUpAccess)
    HAL_RCCEx_GetD1SysClockFreq              0x08003209   Thumb Code    40  stm32h7xx_hal_rcc_ex.o(i.HAL_RCCEx_GetD1SysClockFreq)
    HAL_RCCEx_GetD3PCLK1Freq                 0x0800323d   Thumb Code    34  stm32h7xx_hal_rcc_ex.o(i.HAL_RCCEx_GetD3PCLK1Freq)
    HAL_RCCEx_GetPLL2ClockFreq               0x08003269   Thumb Code   268  stm32h7xx_hal_rcc_ex.o(i.HAL_RCCEx_GetPLL2ClockFreq)
    HAL_RCCEx_GetPLL3ClockFreq               0x08003389   Thumb Code   268  stm32h7xx_hal_rcc_ex.o(i.HAL_RCCEx_GetPLL3ClockFreq)
    HAL_RCCEx_PeriphCLKConfig                0x080034a9   Thumb Code  2448  stm32h7xx_hal_rcc_ex.o(i.HAL_RCCEx_PeriphCLKConfig)
    HAL_RCCEx_WWDGxSysResetConfig            0x08003e3d   Thumb Code    10  stm32h7xx_hal_rcc_ex.o(i.HAL_RCCEx_WWDGxSysResetConfig)
    HAL_RCC_ClockConfig                      0x08003e4d   Thumb Code   458  stm32h7xx_hal_rcc.o(i.HAL_RCC_ClockConfig)
    HAL_RCC_GetHCLKFreq                      0x08004029   Thumb Code    38  stm32h7xx_hal_rcc.o(i.HAL_RCC_GetHCLKFreq)
    HAL_RCC_GetPCLK1Freq                     0x0800405d   Thumb Code    34  stm32h7xx_hal_rcc.o(i.HAL_RCC_GetPCLK1Freq)
    HAL_RCC_GetPCLK2Freq                     0x08004089   Thumb Code    36  stm32h7xx_hal_rcc.o(i.HAL_RCC_GetPCLK2Freq)
    HAL_RCC_GetSysClockFreq                  0x080040b5   Thumb Code   286  stm32h7xx_hal_rcc.o(i.HAL_RCC_GetSysClockFreq)
    HAL_RCC_OscConfig                        0x080041e5   Thumb Code  1202  stm32h7xx_hal_rcc.o(i.HAL_RCC_OscConfig)
    HAL_RNG_DeInit                           0x0800469d   Thumb Code    44  stm32h7xx_hal_rng.o(i.HAL_RNG_DeInit)
    HAL_RNG_ErrorCallback                    0x080046c9   Thumb Code    12  rng_bsp.o(i.HAL_RNG_ErrorCallback)
    HAL_RNG_GenerateRandomNumber_IT          0x080046d5   Thumb Code    52  stm32h7xx_hal_rng.o(i.HAL_RNG_GenerateRandomNumber_IT)
    HAL_RNG_IRQHandler                       0x08004709   Thumb Code    82  stm32h7xx_hal_rng.o(i.HAL_RNG_IRQHandler)
    HAL_RNG_Init                             0x0800475b   Thumb Code    62  stm32h7xx_hal_rng.o(i.HAL_RNG_Init)
    HAL_RNG_MspDeInit                        0x08004799   Thumb Code    20  rng_bsp.o(i.HAL_RNG_MspDeInit)
    HAL_RNG_MspInit                          0x080047b1   Thumb Code    58  rng_bsp.o(i.HAL_RNG_MspInit)
    HAL_RNG_ReadyDataCallback                0x080047f1   Thumb Code    16  rng_bsp.o(i.HAL_RNG_ReadyDataCallback)
    HAL_RTCEx_AlarmBEventCallback            0x08004805   Thumb Code     2  stm32h7xx_hal_rtc_ex.o(i.HAL_RTCEx_AlarmBEventCallback)
    HAL_RTCEx_BKUPRead                       0x08004807   Thumb Code    10  stm32h7xx_hal_rtc_ex.o(i.HAL_RTCEx_BKUPRead)
    HAL_RTCEx_BKUPWrite                      0x08004811   Thumb Code    10  stm32h7xx_hal_rtc_ex.o(i.HAL_RTCEx_BKUPWrite)
    HAL_RTCEx_GetTimeStamp                   0x0800481d   Thumb Code   176  stm32h7xx_hal_rtc_ex.o(i.HAL_RTCEx_GetTimeStamp)
    HAL_RTCEx_SetTamper_IT                   0x080048d1   Thumb Code   242  stm32h7xx_hal_rtc_ex.o(i.HAL_RTCEx_SetTamper_IT)
    HAL_RTCEx_SetTimeStamp_IT                0x080049c9   Thumb Code   116  stm32h7xx_hal_rtc_ex.o(i.HAL_RTCEx_SetTimeStamp_IT)
    HAL_RTCEx_SetWakeUpTimer_IT              0x08004a3d   Thumb Code   250  stm32h7xx_hal_rtc_ex.o(i.HAL_RTCEx_SetWakeUpTimer_IT)
    HAL_RTCEx_Tamper1EventCallback           0x08004b39   Thumb Code    60  rtc_bsp.o(i.HAL_RTCEx_Tamper1EventCallback)
    HAL_RTCEx_Tamper2EventCallback           0x08004be9   Thumb Code     2  stm32h7xx_hal_rtc_ex.o(i.HAL_RTCEx_Tamper2EventCallback)
    HAL_RTCEx_Tamper3EventCallback           0x08004beb   Thumb Code     2  stm32h7xx_hal_rtc_ex.o(i.HAL_RTCEx_Tamper3EventCallback)
    HAL_RTCEx_TamperTimeStampIRQHandler      0x08004bed   Thumb Code   168  stm32h7xx_hal_rtc_ex.o(i.HAL_RTCEx_TamperTimeStampIRQHandler)
    HAL_RTCEx_TimeStampEventCallback         0x08004ca1   Thumb Code    54  rtc_bsp.o(i.HAL_RTCEx_TimeStampEventCallback)
    HAL_RTCEx_WakeUpTimerEventCallback       0x08004d39   Thumb Code     2  rtc_bsp.o(i.HAL_RTCEx_WakeUpTimerEventCallback)
    HAL_RTCEx_WakeUpTimerIRQHandler          0x08004d3b   Thumb Code    50  stm32h7xx_hal_rtc_ex.o(i.HAL_RTCEx_WakeUpTimerIRQHandler)
    HAL_RTC_AlarmAEventCallback              0x08004d6d   Thumb Code     6  rtc_bsp.o(i.HAL_RTC_AlarmAEventCallback)
    HAL_RTC_AlarmIRQHandler                  0x08004d91   Thumb Code    88  stm32h7xx_hal_rtc.o(i.HAL_RTC_AlarmIRQHandler)
    HAL_RTC_GetAlarm                         0x08004de9   Thumb Code   128  stm32h7xx_hal_rtc.o(i.HAL_RTC_GetAlarm)
    HAL_RTC_GetDate                          0x08004e69   Thumb Code    68  stm32h7xx_hal_rtc.o(i.HAL_RTC_GetDate)
    HAL_RTC_GetTime                          0x08004eb1   Thumb Code    86  stm32h7xx_hal_rtc.o(i.HAL_RTC_GetTime)
    HAL_RTC_Init                             0x08004f0d   Thumb Code   170  stm32h7xx_hal_rtc.o(i.HAL_RTC_Init)
    HAL_RTC_MspInit                          0x08004fbd   Thumb Code    76  rtc_bsp.o(i.HAL_RTC_MspInit)
    HAL_RTC_SetAlarm_IT                      0x0800500d   Thumb Code   450  stm32h7xx_hal_rtc.o(i.HAL_RTC_SetAlarm_IT)
    HAL_RTC_SetDate                          0x080051d1   Thumb Code   216  stm32h7xx_hal_rtc.o(i.HAL_RTC_SetDate)
    HAL_RTC_SetTime                          0x080052ad   Thumb Code   246  stm32h7xx_hal_rtc.o(i.HAL_RTC_SetTime)
    HAL_RTC_WaitForSynchro                   0x080053a9   Thumb Code    54  stm32h7xx_hal_rtc.o(i.HAL_RTC_WaitForSynchro)
    HAL_SDRAM_Init                           0x080053e1   Thumb Code    76  stm32h7xx_hal_sdram.o(i.HAL_SDRAM_Init)
    HAL_SDRAM_MspInit                        0x08005431   Thumb Code   208  sdram_bsp.o(i.HAL_SDRAM_MspInit)
    HAL_SDRAM_ProgramRefreshRate             0x08005519   Thumb Code    34  stm32h7xx_hal_sdram.o(i.HAL_SDRAM_ProgramRefreshRate)
    HAL_SDRAM_SendCommand                    0x0800553d   Thumb Code    48  stm32h7xx_hal_sdram.o(i.HAL_SDRAM_SendCommand)
    HAL_SYSTICK_CLKSourceConfig              0x0800556d   Thumb Code    24  stm32h7xx_hal_cortex.o(i.HAL_SYSTICK_CLKSourceConfig)
    HAL_SYSTICK_Config                       0x08005585   Thumb Code    38  stm32h7xx_hal_cortex.o(i.HAL_SYSTICK_Config)
    HAL_TIMEx_BreakCallback                  0x080055ab   Thumb Code     2  stm32h7xx_hal_tim_ex.o(i.HAL_TIMEx_BreakCallback)
    HAL_TIMEx_CommutationCallback            0x080055ad   Thumb Code     2  stm32h7xx_hal_tim_ex.o(i.HAL_TIMEx_CommutationCallback)
    HAL_TIM_Base_Init                        0x080055af   Thumb Code    54  stm32h7xx_hal_tim.o(i.HAL_TIM_Base_Init)
    HAL_TIM_Base_MspInit                     0x080055e5   Thumb Code    92  hardware_timer_bsp.o(i.HAL_TIM_Base_MspInit)
    HAL_TIM_Base_Start_IT                    0x0800564d   Thumb Code    24  stm32h7xx_hal_tim.o(i.HAL_TIM_Base_Start_IT)
    HAL_TIM_IC_CaptureCallback               0x08005665   Thumb Code    98  hardware_timer_bsp.o(i.HAL_TIM_IC_CaptureCallback)
    HAL_TIM_IRQHandler                       0x080056cd   Thumb Code   382  stm32h7xx_hal_tim.o(i.HAL_TIM_IRQHandler)
    HAL_TIM_OC_DelayElapsedCallback          0x0800584d   Thumb Code    44  hardware_timer_bsp.o(i.HAL_TIM_OC_DelayElapsedCallback)
    HAL_TIM_PWM_ConfigChannel                0x08005881   Thumb Code   296  stm32h7xx_hal_tim.o(i.HAL_TIM_PWM_ConfigChannel)
    HAL_TIM_PWM_Init                         0x080059a9   Thumb Code    54  stm32h7xx_hal_tim.o(i.HAL_TIM_PWM_Init)
    HAL_TIM_PWM_MspInit                      0x080059e1   Thumb Code    74  pwm_bsp.o(i.HAL_TIM_PWM_MspInit)
    HAL_TIM_PWM_PulseFinishedCallback        0x08005a35   Thumb Code     2  stm32h7xx_hal_tim.o(i.HAL_TIM_PWM_PulseFinishedCallback)
    HAL_TIM_PWM_Start                        0x08005a39   Thumb Code    66  stm32h7xx_hal_tim.o(i.HAL_TIM_PWM_Start)
    HAL_TIM_PeriodElapsedCallback            0x08005a91   Thumb Code     2  hardware_timer_bsp.o(i.HAL_TIM_PeriodElapsedCallback)
    HAL_TIM_ReadCapturedValue                0x08005a93   Thumb Code    68  stm32h7xx_hal_tim.o(i.HAL_TIM_ReadCapturedValue)
    HAL_TIM_TriggerCallback                  0x08005ad7   Thumb Code     2  stm32h7xx_hal_tim.o(i.HAL_TIM_TriggerCallback)
    HAL_UARTEx_WakeupCallback                0x08005ad9   Thumb Code     2  stm32h7xx_hal_uart_ex.o(i.HAL_UARTEx_WakeupCallback)
    HAL_UART_ErrorCallback                   0x08005adb   Thumb Code     2  stm32h7xx_hal_uart.o(i.HAL_UART_ErrorCallback)
    HAL_UART_GetState                        0x08005add   Thumb Code    12  stm32h7xx_hal_uart.o(i.HAL_UART_GetState)
    HAL_UART_IRQHandler                      0x08005ae9   Thumb Code   374  stm32h7xx_hal_uart.o(i.HAL_UART_IRQHandler)
    HAL_UART_Init                            0x08005c69   Thumb Code   106  stm32h7xx_hal_uart.o(i.HAL_UART_Init)
    HAL_UART_MspInit                         0x08005cd5   Thumb Code   146  usart1_bsp.o(i.HAL_UART_MspInit)
    HAL_UART_Receive_IT                      0x08005d71   Thumb Code   168  stm32h7xx_hal_uart.o(i.HAL_UART_Receive_IT)
    HAL_UART_RxCpltCallback                  0x08005e19   Thumb Code    76  usart1_bsp.o(i.HAL_UART_RxCpltCallback)
    HAL_UART_TxCpltCallback                  0x08005e71   Thumb Code     2  stm32h7xx_hal_uart.o(i.HAL_UART_TxCpltCallback)
    HAL_WWDG_EarlyWakeupCallback             0x08005e75   Thumb Code     6  wdg_bsp.o(i.HAL_WWDG_EarlyWakeupCallback)
    HAL_WWDG_IRQHandler                      0x08005e81   Thumb Code    30  stm32h7xx_hal_wwdg.o(i.HAL_WWDG_IRQHandler)
    HAL_WWDG_Init                            0x08005e9f   Thumb Code    40  stm32h7xx_hal_wwdg.o(i.HAL_WWDG_Init)
    HAL_WWDG_MspInit                         0x08005ec9   Thumb Code    40  wdg_bsp.o(i.HAL_WWDG_MspInit)
    HAL_WWDG_Refresh                         0x08005ef5   Thumb Code    10  stm32h7xx_hal_wwdg.o(i.HAL_WWDG_Refresh)
    HardFault_Handler                        0x08005f01   Thumb Code    26  stm32h7xx_it.o(i.HardFault_Handler)
    LCD_Pow                                  0x08005f4d   Thumb Code    16  lcd_bsp.o(i.LCD_Pow)
    MemManage_Handler                        0x0800612d   Thumb Code    66  stm32h7xx_it.o(i.MemManage_Handler)
    NMI_Handler                              0x080061a5   Thumb Code     2  stm32h7xx_it.o(i.NMI_Handler)
    PendSV_Handler                           0x080061a7   Thumb Code     2  stm32h7xx_it.o(i.PendSV_Handler)
    RNG_IRQHandler                           0x08006351   Thumb Code     6  rng_bsp.o(i.RNG_IRQHandler)
    RTC_Alarm_IRQHandler                     0x0800635d   Thumb Code     6  rtc_bsp.o(i.RTC_Alarm_IRQHandler)
    RTC_Bcd2ToByte                           0x08006369   Thumb Code    18  stm32h7xx_hal_rtc.o(i.RTC_Bcd2ToByte)
    RTC_ByteToBcd2                           0x0800637b   Thumb Code    22  stm32h7xx_hal_rtc.o(i.RTC_ByteToBcd2)
    RTC_EnterInitMode                        0x08006391   Thumb Code    58  stm32h7xx_hal_rtc.o(i.RTC_EnterInitMode)
    RTC_WKUP_IRQHandler                      0x080063cd   Thumb Code     6  rtc_bsp.o(i.RTC_WKUP_IRQHandler)
    SysTick_Handler                          0x080063d9   Thumb Code   112  software_timer_bsp.o(i.SysTick_Handler)
    SystemInit                               0x08006501   Thumb Code   118  system_stm32h7xx.o(i.SystemInit)
    TAMP_STAMP_IRQHandler                    0x08006589   Thumb Code    16  rtc_bsp.o(i.TAMP_STAMP_IRQHandler)
    TIM1_CC_IRQHandler                       0x080065a1   Thumb Code     6  hardware_timer_bsp.o(i.TIM1_CC_IRQHandler)
    TIM4_IRQHandler                          0x080065ad   Thumb Code    44  hardware_timer_bsp.o(i.TIM4_IRQHandler)
    TIM5_IRQHandler                          0x080065e1   Thumb Code     6  hardware_timer_bsp.o(i.TIM5_IRQHandler)
    TIM_Base_SetConfig                       0x080065ed   Thumb Code   162  stm32h7xx_hal_tim.o(i.TIM_Base_SetConfig)
    TIM_CCxChannelCmd                        0x080066b1   Thumb Code    22  stm32h7xx_hal_tim.o(i.TIM_CCxChannelCmd)
    TIM_OC1_SetConfig                        0x080066c9   Thumb Code   142  stm32h7xx_hal_tim.o(i.TIM_OC1_SetConfig)
    TIM_OC2_SetConfig                        0x08006771   Thumb Code   126  stm32h7xx_hal_tim.o(i.TIM_OC2_SetConfig)
    TIM_OC3_SetConfig                        0x08006809   Thumb Code   118  stm32h7xx_hal_tim.o(i.TIM_OC3_SetConfig)
    TIM_OC4_SetConfig                        0x08006895   Thumb Code    88  stm32h7xx_hal_tim.o(i.TIM_OC4_SetConfig)
    UART_AdvFeatureConfig                    0x08006a3d   Thumb Code   200  stm32h7xx_hal_uart.o(i.UART_AdvFeatureConfig)
    UART_CheckIdleState                      0x08006b05   Thumb Code    92  stm32h7xx_hal_uart.o(i.UART_CheckIdleState)
    UART_SetConfig                           0x08006c09   Thumb Code  1252  stm32h7xx_hal_uart.o(i.UART_SetConfig)
    UART_WaitOnFlagUntilTimeout              0x08007167   Thumb Code   100  stm32h7xx_hal_uart.o(i.UART_WaitOnFlagUntilTimeout)
    USART1_IRQHandler                        0x080071cd   Thumb Code    56  usart1_bsp.o(i.USART1_IRQHandler)
    UsageFault_Handler                       0x08007211   Thumb Code     2  stm32h7xx_it.o(i.UsageFault_Handler)
    WWDG_IRQHandler                          0x08007215   Thumb Code     6  wdg_bsp.o(i.WWDG_IRQHandler)
    _is_digit                                0x08007243   Thumb Code    14  __printf_wp.o(i._is_digit)
    _sys_exit                                0x08007251   Thumb Code     2  usart1_bsp.o(i._sys_exit)
    fputc                                    0x08007255   Thumb Code    14  usart1_bsp.o(i.fputc)
    main                                     0x08007269   Thumb Code    10  main.o(i.main)
    read_addr                                0x08007273   Thumb Code     4  user_dbg.o(i.read_addr)
    usmart_cmd_rec                           0x08007279   Thumb Code   142  user_dbg.o(i.usmart_cmd_rec)
    usmart_exe                               0x0800730d   Thumb Code   514  user_dbg.o(i.usmart_exe)
    usmart_get_aparm                         0x08007571   Thumb Code   166  user_dbg_str.o(i.usmart_get_aparm)
    usmart_get_cmdname                       0x08007617   Thumb Code    46  user_dbg_str.o(i.usmart_get_cmdname)
    usmart_get_fname                         0x08007645   Thumb Code   362  user_dbg_str.o(i.usmart_get_fname)
    usmart_get_fparam                        0x080077b9   Thumb Code   222  user_dbg_str.o(i.usmart_get_fparam)
    usmart_get_parmpos                       0x0800789d   Thumb Code    30  user_dbg_str.o(i.usmart_get_parmpos)
    usmart_get_runtime                       0x080078c1   Thumb Code    42  user_dbg.o(i.usmart_get_runtime)
    usmart_init                              0x080078f5   Thumb Code    22  user_dbg.o(i.usmart_init)
    usmart_pow                               0x08007911   Thumb Code    16  user_dbg_str.o(i.usmart_pow)
    usmart_reset_runtime                     0x08007921   Thumb Code    34  user_dbg.o(i.usmart_reset_runtime)
    usmart_scan                              0x0800794d   Thumb Code    94  user_dbg.o(i.usmart_scan)
    usmart_search_nextc                      0x080079f1   Thumb Code    16  user_dbg_str.o(i.usmart_search_nextc)
    usmart_str2num                           0x08007a01   Thumb Code   216  user_dbg_str.o(i.usmart_str2num)
    usmart_strcmp                            0x08007ad9   Thumb Code    24  user_dbg_str.o(i.usmart_strcmp)
    usmart_strcopy                           0x08007af1   Thumb Code    18  user_dbg_str.o(i.usmart_strcopy)
    usmart_strlen                            0x08007b03   Thumb Code    18  user_dbg_str.o(i.usmart_strlen)
    usmart_sys_cmd_exe                       0x08007b15   Thumb Code   524  user_dbg.o(i.usmart_sys_cmd_exe)
    write_addr                               0x0800802d   Thumb Code     4  user_dbg.o(i.write_addr)
    _fp_init                                 0x08008031   Thumb Code    10  fpinit.o(x$fpl$fpinit)
    __fplib_config_fpu_vfp                   0x08008039   Thumb Code     0  fpinit.o(x$fpl$fpinit)
    __fplib_config_pureend_doubles           0x08008039   Thumb Code     0  fpinit.o(x$fpl$fpinit)
    GPIO_PIN                                 0x0800803c   Data          24  led_bsp.o(.constdata)
    asc2_1206                                0x08008054   Data        1140  lcd_bsp.o(.constdata)
    asc2_1608                                0x080084c8   Data        1520  lcd_bsp.o(.constdata)
    asc2_2412                                0x08008ab8   Data        3420  lcd_bsp.o(.constdata)
    asc2_3216                                0x08009814   Data       12160  lcd_bsp.o(.constdata)
    D1CorePrescTable                         0x0800c95c   Data          16  system_stm32h7xx.o(.constdata)
    Region$$Table$$Base                      0x0800d0a4   Number         0  anon$$obj.o(Region$$Table)
    Region$$Table$$Limit                     0x0800d0c4   Number         0  anon$$obj.o(Region$$Table)
    sys_cmd_tab                              0x24000000   Data          28  user_dbg.o(.data)
    usmart_nametab                           0x2400001c   Data         192  user_dbg_config.o(.data)
    usmart_dev                               0x240000dc   Data         244  user_dbg_config.o(.data)
    POINT_COLOR                              0x240001d0   Data           4  lcd_bsp.o(.data)
    BACK_COLOR                               0x240001d4   Data           4  lcd_bsp.o(.data)
    ltdc_framebuf                            0x240001d8   Data           8  lcd_bsp.o(.data)
    g_iRunTime                               0x240001ec   Data           4  software_timer_bsp.o(.data)
    aRxBuffer                                0x240001f0   Data           1  usart1_bsp.o(.data)
    USART_RX_STA                             0x240001f2   Data           2  usart1_bsp.o(.data)
    __stdout                                 0x240001f4   Data           4  usart1_bsp.o(.data)
    uhCaptureIndex                           0x240001f8   Data           2  hardware_timer_bsp.o(.data)
    uwFrequency                              0x240001fc   Data           4  hardware_timer_bsp.o(.data)
    uwDiffCapture                            0x24000200   Data           4  hardware_timer_bsp.o(.data)
    uwIC2Value1                              0x24000204   Data           4  hardware_timer_bsp.o(.data)
    uwIC2Value2                              0x24000208   Data           4  hardware_timer_bsp.o(.data)
    TamperStatus                             0x2400021c   Data           1  rtc_bsp.o(.data)
    RTC_DateStruct                           0x2400021d   Data           4  rtc_bsp.o(.data)
    aBKPDataReg                              0x24000224   Data         128  rtc_bsp.o(.data)
    uwCRCValue                               0x240002a4   Data           4  crc_bsp.o(.data)
    urandom32bit                             0x240002a8   Data           4  rng_bsp.o(.data)
    SystemCoreClock                          0x240002b0   Data           4  system_stm32h7xx.o(.data)
    SystemD2Clock                            0x240002b4   Data           4  system_stm32h7xx.o(.data)
    LTDC_Handler                             0x240002c4   Data         168  lcd_bsp.o(.bss)
    lcdltdc                                  0x2400036c   Data          32  lcd_bsp.o(.bss)
    SRAM_Handler                             0x2400038c   Data          76  lcd_bsp.o(.bss)
    lcddev                                   0x240003d8   Data          14  lcd_bsp.o(.bss)
    UartHandle                               0x24000418   Data         128  usart1_bsp.o(.bss)
    USART_RX_BUF                             0x24000498   Data         200  usart1_bsp.o(.bss)
    TIM1_Handler                             0x24000560   Data          64  hardware_timer_bsp.o(.bss)
    TIM4_Handler                             0x240005a0   Data          64  hardware_timer_bsp.o(.bss)
    TIM5_Handler                             0x240005e0   Data          64  hardware_timer_bsp.o(.bss)
    sOCConfig                                0x24000620   Data          28  hardware_timer_bsp.o(.bss)
    sICConfig                                0x2400063c   Data          16  hardware_timer_bsp.o(.bss)
    IWDG_Handler                             0x2400064c   Data          16  wdg_bsp.o(.bss)
    WWDG_Handler                             0x2400065c   Data          20  wdg_bsp.o(.bss)
    aShowTime                                0x24000670   Data          40  rtc_bsp.o(.bss)
    aShowDate                                0x24000698   Data          40  rtc_bsp.o(.bss)
    aShowWeek                                0x240006c0   Data          10  rtc_bsp.o(.bss)
    RTC_Handler                              0x240006cc   Data          36  rtc_bsp.o(.bss)
    RTC_TimeStruct                           0x240006f0   Data          20  rtc_bsp.o(.bss)
    RTC_AlarmStruct                          0x24000704   Data          40  rtc_bsp.o(.bss)
    RTC_TamperStruct                         0x2400072c   Data          40  rtc_bsp.o(.bss)
    TIM3_Handler                             0x24000754   Data          64  pwm_bsp.o(.bss)
    TIM3_CH1Handler                          0x24000794   Data          28  pwm_bsp.o(.bss)
    CRC_Handler                              0x240007b0   Data          36  crc_bsp.o(.bss)
    Rng_Handler                              0x240007d4   Data          16  rng_bsp.o(.bss)
    SDRAM_Handler                            0x240007e4   Data          52  sdram_bsp.o(.bss)
    CoreBoard_Infor                          0x24000818   Data         200  coreboard_bsp.o(.bss)
    __libspace_start                         0x240008e0   Data          96  libspace.o(.bss)
    __temporary_stack_top$libspace           0x24000940   Data           0  libspace.o(.bss)
    ltdc_lcd_framebuf                        0xc0000000   Data       2048000  lcd_bsp.o(.ARM.__AT_0xC0000000)



==============================================================================

Memory Map of the image

  Image Entry point : 0x08000299

  Load Region LR_IROM1 (Base: 0x08000000, Size: 0x0000d388, Max: 0x00200000, ABSOLUTE, COMPRESSED[0x0000d1e0])

    Execution Region ER_IROM1 (Base: 0x08000000, Size: 0x0000d0c4, Max: 0x00200000, ABSOLUTE)

    Base Addr    Size         Type   Attr      Idx    E Section Name        Object

    0x08000000   0x00000298   Data   RO        15398    RESET               startup_stm32h743xx.o
    0x08000298   0x00000008   Code   RO        15496  * !!!main             c_w.l(__main.o)
    0x080002a0   0x00000034   Code   RO        15680    !!!scatter          c_w.l(__scatter.o)
    0x080002d4   0x0000005a   Code   RO        15678    !!dczerorl2         c_w.l(__dczerorl2.o)
    0x0800032e   0x00000002   PAD
    0x08000330   0x0000001c   Code   RO        15682    !!handler_zi        c_w.l(__scatter_zi.o)
    0x0800034c   0x00000000   Code   RO        15489    .ARM.Collect$$_printf_percent$$00000000  c_w.l(_printf_percent.o)
    0x0800034c   0x00000006   Code   RO        15487    .ARM.Collect$$_printf_percent$$00000009  c_w.l(_printf_d.o)
    0x08000352   0x00000006   Code   RO        15488    .ARM.Collect$$_printf_percent$$0000000A  c_w.l(_printf_u.o)
    0x08000358   0x00000006   Code   RO        15486    .ARM.Collect$$_printf_percent$$0000000C  c_w.l(_printf_x.o)
    0x0800035e   0x00000006   Code   RO        15484    .ARM.Collect$$_printf_percent$$00000013  c_w.l(_printf_c.o)
    0x08000364   0x00000006   Code   RO        15485    .ARM.Collect$$_printf_percent$$00000014  c_w.l(_printf_s.o)
    0x0800036a   0x00000004   Code   RO        15513    .ARM.Collect$$_printf_percent$$00000017  c_w.l(_printf_percent_end.o)
    0x0800036e   0x00000002   Code   RO        15550    .ARM.Collect$$libinit$$00000000  c_w.l(libinit.o)
    0x08000370   0x00000004   Code   RO        15562    .ARM.Collect$$libinit$$00000001  c_w.l(libinit2.o)
    0x08000374   0x00000000   Code   RO        15565    .ARM.Collect$$libinit$$00000004  c_w.l(libinit2.o)
    0x08000374   0x00000000   Code   RO        15568    .ARM.Collect$$libinit$$0000000A  c_w.l(libinit2.o)
    0x08000374   0x00000000   Code   RO        15570    .ARM.Collect$$libinit$$0000000C  c_w.l(libinit2.o)
    0x08000374   0x00000000   Code   RO        15572    .ARM.Collect$$libinit$$0000000E  c_w.l(libinit2.o)
    0x08000374   0x00000000   Code   RO        15575    .ARM.Collect$$libinit$$00000011  c_w.l(libinit2.o)
    0x08000374   0x00000000   Code   RO        15577    .ARM.Collect$$libinit$$00000013  c_w.l(libinit2.o)
    0x08000374   0x00000000   Code   RO        15579    .ARM.Collect$$libinit$$00000015  c_w.l(libinit2.o)
    0x08000374   0x00000000   Code   RO        15581    .ARM.Collect$$libinit$$00000017  c_w.l(libinit2.o)
    0x08000374   0x00000000   Code   RO        15583    .ARM.Collect$$libinit$$00000019  c_w.l(libinit2.o)
    0x08000374   0x00000000   Code   RO        15585    .ARM.Collect$$libinit$$0000001B  c_w.l(libinit2.o)
    0x08000374   0x00000000   Code   RO        15587    .ARM.Collect$$libinit$$0000001D  c_w.l(libinit2.o)
    0x08000374   0x00000000   Code   RO        15589    .ARM.Collect$$libinit$$0000001F  c_w.l(libinit2.o)
    0x08000374   0x00000000   Code   RO        15591    .ARM.Collect$$libinit$$00000021  c_w.l(libinit2.o)
    0x08000374   0x00000000   Code   RO        15593    .ARM.Collect$$libinit$$00000023  c_w.l(libinit2.o)
    0x08000374   0x00000000   Code   RO        15595    .ARM.Collect$$libinit$$00000025  c_w.l(libinit2.o)
    0x08000374   0x00000000   Code   RO        15599    .ARM.Collect$$libinit$$0000002C  c_w.l(libinit2.o)
    0x08000374   0x00000000   Code   RO        15601    .ARM.Collect$$libinit$$0000002E  c_w.l(libinit2.o)
    0x08000374   0x00000000   Code   RO        15603    .ARM.Collect$$libinit$$00000030  c_w.l(libinit2.o)
    0x08000374   0x00000000   Code   RO        15605    .ARM.Collect$$libinit$$00000032  c_w.l(libinit2.o)
    0x08000374   0x00000002   Code   RO        15606    .ARM.Collect$$libinit$$00000033  c_w.l(libinit2.o)
    0x08000376   0x00000002   Code   RO        15632    .ARM.Collect$$libshutdown$$00000000  c_w.l(libshutdown.o)
    0x08000378   0x00000000   Code   RO        15661    .ARM.Collect$$libshutdown$$00000002  c_w.l(libshutdown2.o)
    0x08000378   0x00000000   Code   RO        15663    .ARM.Collect$$libshutdown$$00000004  c_w.l(libshutdown2.o)
    0x08000378   0x00000000   Code   RO        15666    .ARM.Collect$$libshutdown$$00000007  c_w.l(libshutdown2.o)
    0x08000378   0x00000000   Code   RO        15669    .ARM.Collect$$libshutdown$$0000000A  c_w.l(libshutdown2.o)
    0x08000378   0x00000000   Code   RO        15671    .ARM.Collect$$libshutdown$$0000000C  c_w.l(libshutdown2.o)
    0x08000378   0x00000000   Code   RO        15674    .ARM.Collect$$libshutdown$$0000000F  c_w.l(libshutdown2.o)
    0x08000378   0x00000002   Code   RO        15675    .ARM.Collect$$libshutdown$$00000010  c_w.l(libshutdown2.o)
    0x0800037a   0x00000000   Code   RO        15498    .ARM.Collect$$rtentry$$00000000  c_w.l(__rtentry.o)
    0x0800037a   0x00000000   Code   RO        15515    .ARM.Collect$$rtentry$$00000002  c_w.l(__rtentry2.o)
    0x0800037a   0x00000006   Code   RO        15527    .ARM.Collect$$rtentry$$00000004  c_w.l(__rtentry4.o)
    0x08000380   0x00000000   Code   RO        15517    .ARM.Collect$$rtentry$$00000009  c_w.l(__rtentry2.o)
    0x08000380   0x00000004   Code   RO        15518    .ARM.Collect$$rtentry$$0000000A  c_w.l(__rtentry2.o)
    0x08000384   0x00000000   Code   RO        15520    .ARM.Collect$$rtentry$$0000000C  c_w.l(__rtentry2.o)
    0x08000384   0x00000008   Code   RO        15521    .ARM.Collect$$rtentry$$0000000D  c_w.l(__rtentry2.o)
    0x0800038c   0x00000002   Code   RO        15554    .ARM.Collect$$rtexit$$00000000  c_w.l(rtexit.o)
    0x0800038e   0x00000000   Code   RO        15608    .ARM.Collect$$rtexit$$00000002  c_w.l(rtexit2.o)
    0x0800038e   0x00000004   Code   RO        15609    .ARM.Collect$$rtexit$$00000003  c_w.l(rtexit2.o)
    0x08000392   0x00000006   Code   RO        15610    .ARM.Collect$$rtexit$$00000004  c_w.l(rtexit2.o)
    0x08000398   0x00000040   Code   RO        15399    .text               startup_stm32h743xx.o
    0x080003d8   0x000000ee   Code   RO        15423    .text               c_w.l(lludivv7m.o)
    0x080004c6   0x00000002   PAD
    0x080004c8   0x00000018   Code   RO        15431    .text               c_w.l(noretval__2printf.o)
    0x080004e0   0x00000028   Code   RO        15433    .text               c_w.l(noretval__2sprintf.o)
    0x08000508   0x0000004e   Code   RO        15437    .text               c_w.l(_printf_pad.o)
    0x08000556   0x00000052   Code   RO        15439    .text               c_w.l(_printf_str.o)
    0x080005a8   0x00000078   Code   RO        15441    .text               c_w.l(_printf_dec.o)
    0x08000620   0x00000058   Code   RO        15446    .text               c_w.l(_printf_hex_int.o)
    0x08000678   0x00000188   Code   RO        15481    .text               c_w.l(__printf_flags_ss_wp.o)
    0x08000800   0x00000064   Code   RO        15490    .text               c_w.l(rt_memcpy_w.o)
    0x08000864   0x00000006   Code   RO        15494    .text               c_w.l(heapauxi.o)
    0x0800086a   0x000000b2   Code   RO        15503    .text               c_w.l(_printf_intcommon.o)
    0x0800091c   0x00000030   Code   RO        15505    .text               c_w.l(_printf_char_common.o)
    0x0800094c   0x0000000a   Code   RO        15507    .text               c_w.l(_sputc.o)
    0x08000956   0x0000002c   Code   RO        15509    .text               c_w.l(_printf_char.o)
    0x08000982   0x00000002   PAD
    0x08000984   0x00000024   Code   RO        15511    .text               c_w.l(_printf_char_file.o)
    0x080009a8   0x00000008   Code   RO        15533    .text               c_w.l(ferror.o)
    0x080009b0   0x0000004a   Code   RO        15537    .text               c_w.l(sys_stackheap_outer.o)
    0x080009fa   0x00000012   Code   RO        15539    .text               c_w.l(exit.o)
    0x08000a0c   0x00000008   Code   RO        15551    .text               c_w.l(libspace.o)
    0x08000a14   0x00000004   Code   RO         1814    i.BSP_Idle          coreboard_bsp.o
    0x08000a18   0x00000028   Code   RO         1815    i.BSP_RunPer10ms    coreboard_bsp.o
    0x08000a40   0x00000002   Code   RO         1816    i.BSP_RunPer1ms     coreboard_bsp.o
    0x08000a42   0x00000002   PAD
    0x08000a44   0x00000020   Code   RO         1630    i.Bsp_ComputeCRCAccumulate  crc_bsp.o
    0x08000a64   0x00000020   Code   RO         1631    i.Bsp_ComputeCRCDefault  crc_bsp.o
    0x08000a84   0x00000030   Code   RO         1094    i.Bsp_Delay_ms      software_timer_bsp.o
    0x08000ab4   0x00000034   Code   RO         1095    i.Bsp_Delay_us      software_timer_bsp.o
    0x08000ae8   0x0000000c   Code   RO         1356    i.Bsp_IWDG_Feed     wdg_bsp.o
    0x08000af4   0x0000005c   Code   RO         1357    i.Bsp_IWDG_Init     wdg_bsp.o
    0x08000b50   0x00000030   Code   RO         1632    i.Bsp_InitDefautCRC  crc_bsp.o
    0x08000b80   0x00000054   Code   RO         1247    i.Bsp_InitHardTimer_TIM4  hardware_timer_bsp.o
    0x08000bd4   0x00000030   Code   RO         1248    i.Bsp_InitHardTimer_TIM5  hardware_timer_bsp.o
    0x08000c04   0x00000090   Code   RO          701    i.Bsp_InitLed       led_bsp.o
    0x08000c94   0x0000003c   Code   RO         1693    i.Bsp_InitRNG       rng_bsp.o
    0x08000cd0   0x00000038   Code   RO         1097    i.Bsp_InitSoftTimer  software_timer_bsp.o
    0x08000d08   0x00000040   Code   RO         1174    i.Bsp_InitUsart1    usart1_bsp.o
    0x08000d48   0x0000003c   Code   RO         1633    i.Bsp_InitUserDefineCRC  crc_bsp.o
    0x08000d84   0x0000002c   Code   RO         1422    i.Bsp_IsBackupRegReset  rtc_bsp.o
    0x08000db0   0x00000044   Code   RO          784    i.Bsp_LCD_Clear     lcd_bsp.o
    0x08000df4   0x000000f0   Code   RO          788    i.Bsp_LCD_Display_Dir  lcd_bsp.o
    0x08000ee4   0x00000098   Code   RO          789    i.Bsp_LCD_DrawLine  lcd_bsp.o
    0x08000f7c   0x00000030   Code   RO          790    i.Bsp_LCD_DrawPoint  lcd_bsp.o
    0x08000fac   0x00000038   Code   RO          791    i.Bsp_LCD_DrawRectangle  lcd_bsp.o
    0x08000fe4   0x000000b0   Code   RO          792    i.Bsp_LCD_Draw_Circle  lcd_bsp.o
    0x08001094   0x000000f4   Code   RO          793    i.Bsp_LCD_Fast_DrawPoint  lcd_bsp.o
    0x08001188   0x00000060   Code   RO          794    i.Bsp_LCD_Fill      lcd_bsp.o
    0x080011e8   0x00000098   Code   RO          796    i.Bsp_LCD_ReadPoint  lcd_bsp.o
    0x08001280   0x000001b8   Code   RO          799    i.Bsp_LCD_Scan_Dir  lcd_bsp.o
    0x08001438   0x00000104   Code   RO          800    i.Bsp_LCD_SetCursor  lcd_bsp.o
    0x0800153c   0x000000e4   Code   RO          802    i.Bsp_LCD_ShowChar  lcd_bsp.o
    0x08001620   0x00000078   Code   RO          803    i.Bsp_LCD_ShowNum   lcd_bsp.o
    0x08001698   0x00000054   Code   RO          804    i.Bsp_LCD_ShowString  lcd_bsp.o
    0x080016ec   0x00000086   Code   RO          805    i.Bsp_LCD_ShowxNum  lcd_bsp.o
    0x08001772   0x00000002   PAD
    0x08001774   0x00000014   Code   RO          807    i.Bsp_LCD_WriteRAM_Prepare  lcd_bsp.o
    0x08001788   0x00000010   Code   RO          808    i.Bsp_LCD_WriteReg  lcd_bsp.o
    0x08001798   0x00000058   Code   RO          702    i.Bsp_LED_Off       led_bsp.o
    0x080017f0   0x00000058   Code   RO          703    i.Bsp_LED_On        led_bsp.o
    0x08001848   0x00000054   Code   RO          704    i.Bsp_LED_Toggled   led_bsp.o
    0x0800189c   0x00000020   Code   RO          809    i.Bsp_LTDC_Clear    lcd_bsp.o
    0x080018bc   0x00000026   Code   RO          810    i.Bsp_LTDC_Clk_Set  lcd_bsp.o
    0x080018e2   0x00000002   PAD
    0x080018e4   0x00000024   Code   RO          812    i.Bsp_LTDC_Display_Dir  lcd_bsp.o
    0x08001908   0x0000003c   Code   RO          813    i.Bsp_LTDC_Draw_Point  lcd_bsp.o
    0x08001944   0x000000b4   Code   RO          814    i.Bsp_LTDC_Fill     lcd_bsp.o
    0x080019f8   0x0000005c   Code   RO          815    i.Bsp_LTDC_Layer_Parameter_Config  lcd_bsp.o
    0x08001a54   0x00000034   Code   RO          816    i.Bsp_LTDC_Layer_Switch  lcd_bsp.o
    0x08001a88   0x00000024   Code   RO          817    i.Bsp_LTDC_Layer_Window_Config  lcd_bsp.o
    0x08001aac   0x000000bc   Code   RO          818    i.Bsp_LTDC_PanelID_Read  lcd_bsp.o
    0x08001b68   0x0000003c   Code   RO          819    i.Bsp_LTDC_Read_Point  lcd_bsp.o
    0x08001ba4   0x0000000c   Code   RO          820    i.Bsp_LTDC_Select_Layer  lcd_bsp.o
    0x08001bb0   0x00000024   Code   RO          821    i.Bsp_LTDC_Switch   lcd_bsp.o
    0x08001bd4   0x00000014   Code   RO          823    i.Bsp_Lcd_RD_DATA   lcd_bsp.o
    0x08001be8   0x00000018   Code   RO          824    i.Bsp_Lcd_WR_DATA   lcd_bsp.o
    0x08001c00   0x00000018   Code   RO          825    i.Bsp_Lcd_WR_REG    lcd_bsp.o
    0x08001c18   0x0000031c   Code   RO          826    i.Bsp_RGB_LCD_Init  lcd_bsp.o
    0x08001f34   0x00000014   Code   RO         1423    i.Bsp_RTC_GetAlarm  rtc_bsp.o
    0x08001f48   0x00000014   Code   RO         1424    i.Bsp_RTC_GetDate   rtc_bsp.o
    0x08001f5c   0x00000010   Code   RO         1425    i.Bsp_RTC_GetTime   rtc_bsp.o
    0x08001f6c   0x00000064   Code   RO         1426    i.Bsp_RTC_Init      rtc_bsp.o
    0x08001fd0   0x00000068   Code   RO         1427    i.Bsp_RTC_Set_AlarmA  rtc_bsp.o
    0x08002038   0x0000002c   Code   RO         1428    i.Bsp_RTC_Set_BackupRAM  rtc_bsp.o
    0x08002064   0x00000024   Code   RO         1429    i.Bsp_RTC_Set_Date  rtc_bsp.o
    0x08002088   0x00000058   Code   RO         1430    i.Bsp_RTC_Set_Tamper  rtc_bsp.o
    0x080020e0   0x00000030   Code   RO         1431    i.Bsp_RTC_Set_Time  rtc_bsp.o
    0x08002110   0x0000003c   Code   RO         1432    i.Bsp_RTC_Set_TimeStamp  rtc_bsp.o
    0x0800214c   0x00000038   Code   RO         1433    i.Bsp_RTC_Set_WakeUp  rtc_bsp.o
    0x08002184   0x00000058   Code   RO         1756    i.Bsp_SDRAM_Init    sdram_bsp.o
    0x080021dc   0x00000050   Code   RO         1757    i.Bsp_SDRAM_Initialization_Sequence  sdram_bsp.o
    0x0800222c   0x00000038   Code   RO         1758    i.Bsp_SDRAM_Send_Cmd  sdram_bsp.o
    0x08002264   0x00000058   Code   RO         1589    i.Bsp_TIM3_PWM_Init  pwm_bsp.o
    0x080022bc   0x00000070   Code   RO         1358    i.Bsp_WWDG_Init     wdg_bsp.o
    0x0800232c   0x00000002   Code   RO          372    i.BusFault_Handler  stm32h7xx_it.o
    0x0800232e   0x00000002   PAD
    0x08002330   0x00000088   Code   RO         1819    i.CPU_CACHE_Enable  coreboard_bsp.o
    0x080023b8   0x00000030   Code   RO         2959    i.CRC_Handle_16     stm32h7xx_hal_crc.o
    0x080023e8   0x00000066   Code   RO         2960    i.CRC_Handle_8      stm32h7xx_hal_crc.o
    0x0800244e   0x00000002   PAD
    0x08002450   0x00000224   Code   RO         1820    i.Coreboard_BSP_Init  coreboard_bsp.o
    0x08002674   0x00000002   Code   RO          373    i.DebugMon_Handler  stm32h7xx_it.o
    0x08002676   0x0000000e   Code   RO         1821    i.Error_Handler     coreboard_bsp.o
    0x08002684   0x0000005e   Code   RO        14702    i.FMC_SDRAM_Init    stm32h7xx_ll_fmc.o
    0x080026e2   0x0000000c   Code   RO        14703    i.FMC_SDRAM_ProgramRefreshRate  stm32h7xx_ll_fmc.o
    0x080026ee   0x00000020   Code   RO        14704    i.FMC_SDRAM_SendCommand  stm32h7xx_ll_fmc.o
    0x0800270e   0x00000002   PAD
    0x08002710   0x0000008c   Code   RO        14706    i.FMC_SDRAM_Timing_Init  stm32h7xx_ll_fmc.o
    0x0800279c   0x00000080   Code   RO         1436    i.GetInfo_Calendar  rtc_bsp.o
    0x0800281c   0x00000114   Code   RO         1822    i.GetInfo_CoreBoard  coreboard_bsp.o
    0x08002930   0x0000004a   Code   RO         3031    i.HAL_CRCEx_Polynomial_Set  stm32h7xx_hal_crc_ex.o
    0x0800297a   0x00000002   PAD
    0x0800297c   0x0000005e   Code   RO         2961    i.HAL_CRC_Accumulate  stm32h7xx_hal_crc.o
    0x080029da   0x00000066   Code   RO         2962    i.HAL_CRC_Calculate  stm32h7xx_hal_crc.o
    0x08002a40   0x00000078   Code   RO         2965    i.HAL_CRC_Init      stm32h7xx_hal_crc.o
    0x08002ab8   0x0000001c   Code   RO         1635    i.HAL_CRC_MspInit   crc_bsp.o
    0x08002ad4   0x00000094   Code   RO         3912    i.HAL_DMA_Abort_IT  stm32h7xx_hal_dma.o
    0x08002b68   0x00000010   Code   RO         1956    i.HAL_EnableCompensationCell  stm32h7xx_hal.o
    0x08002b78   0x000001f4   Code   RO         5522    i.HAL_GPIO_Init     stm32h7xx_hal_gpio.o
    0x08002d6c   0x0000000a   Code   RO         5524    i.HAL_GPIO_ReadPin  stm32h7xx_hal_gpio.o
    0x08002d76   0x00000008   Code   RO         5525    i.HAL_GPIO_TogglePin  stm32h7xx_hal_gpio.o
    0x08002d7e   0x0000000a   Code   RO         5526    i.HAL_GPIO_WritePin  stm32h7xx_hal_gpio.o
    0x08002d88   0x0000000c   Code   RO         1963    i.HAL_GetTick       stm32h7xx_hal.o
    0x08002d94   0x0000005e   Code   RO         7628    i.HAL_IWDG_Init     stm32h7xx_hal_iwdg.o
    0x08002df2   0x0000000c   Code   RO         7629    i.HAL_IWDG_Refresh  stm32h7xx_hal_iwdg.o
    0x08002dfe   0x0000001c   Code   RO         1967    i.HAL_Init          stm32h7xx_hal.o
    0x08002e1a   0x00000002   PAD
    0x08002e1c   0x00000040   Code   RO         1968    i.HAL_InitTick      stm32h7xx_hal.o
    0x08002e5c   0x00000052   Code   RO         8218    i.HAL_LTDC_ConfigLayer  stm32h7xx_hal_ltdc.o
    0x08002eae   0x00000002   PAD
    0x08002eb0   0x000000f8   Code   RO         8235    i.HAL_LTDC_Init     stm32h7xx_hal_ltdc.o
    0x08002fa8   0x000000f4   Code   RO          827    i.HAL_LTDC_MspInit  lcd_bsp.o
    0x0800309c   0x00000054   Code   RO         8250    i.HAL_LTDC_SetWindowPosition  stm32h7xx_hal_ltdc.o
    0x080030f0   0x00000054   Code   RO         8252    i.HAL_LTDC_SetWindowSize  stm32h7xx_hal_ltdc.o
    0x08003144   0x00000002   Code   RO         1970    i.HAL_MspInit       stm32h7xx_hal.o
    0x08003146   0x0000001a   Code   RO         2834    i.HAL_NVIC_EnableIRQ  stm32h7xx_hal_cortex.o
    0x08003160   0x00000040   Code   RO         2840    i.HAL_NVIC_SetPriority  stm32h7xx_hal_cortex.o
    0x080031a0   0x00000024   Code   RO         2841    i.HAL_NVIC_SetPriorityGrouping  stm32h7xx_hal_cortex.o
    0x080031c4   0x00000034   Code   RO         9809    i.HAL_PWREx_EnableBkUpReg  stm32h7xx_hal_pwr_ex.o
    0x080031f8   0x00000010   Code   RO         9679    i.HAL_PWR_EnableBkUpAccess  stm32h7xx_hal_pwr.o
    0x08003208   0x00000034   Code   RO        10398    i.HAL_RCCEx_GetD1SysClockFreq  stm32h7xx_hal_rcc_ex.o
    0x0800323c   0x0000002c   Code   RO        10399    i.HAL_RCCEx_GetD3PCLK1Freq  stm32h7xx_hal_rcc_ex.o
    0x08003268   0x00000120   Code   RO        10401    i.HAL_RCCEx_GetPLL2ClockFreq  stm32h7xx_hal_rcc_ex.o
    0x08003388   0x00000120   Code   RO        10402    i.HAL_RCCEx_GetPLL3ClockFreq  stm32h7xx_hal_rcc_ex.o
    0x080034a8   0x00000994   Code   RO        10406    i.HAL_RCCEx_PeriphCLKConfig  stm32h7xx_hal_rcc_ex.o
    0x08003e3c   0x00000010   Code   RO        10407    i.HAL_RCCEx_WWDGxSysResetConfig  stm32h7xx_hal_rcc_ex.o
    0x08003e4c   0x000001dc   Code   RO        10291    i.HAL_RCC_ClockConfig  stm32h7xx_hal_rcc.o
    0x08004028   0x00000034   Code   RO        10295    i.HAL_RCC_GetHCLKFreq  stm32h7xx_hal_rcc.o
    0x0800405c   0x0000002c   Code   RO        10297    i.HAL_RCC_GetPCLK1Freq  stm32h7xx_hal_rcc.o
    0x08004088   0x0000002c   Code   RO        10298    i.HAL_RCC_GetPCLK2Freq  stm32h7xx_hal_rcc.o
    0x080040b4   0x00000130   Code   RO        10299    i.HAL_RCC_GetSysClockFreq  stm32h7xx_hal_rcc.o
    0x080041e4   0x000004b8   Code   RO        10302    i.HAL_RCC_OscConfig  stm32h7xx_hal_rcc.o
    0x0800469c   0x0000002c   Code   RO        10552    i.HAL_RNG_DeInit    stm32h7xx_hal_rng.o
    0x080046c8   0x0000000c   Code   RO         1694    i.HAL_RNG_ErrorCallback  rng_bsp.o
    0x080046d4   0x00000034   Code   RO        10555    i.HAL_RNG_GenerateRandomNumber_IT  stm32h7xx_hal_rng.o
    0x08004708   0x00000052   Code   RO        10557    i.HAL_RNG_IRQHandler  stm32h7xx_hal_rng.o
    0x0800475a   0x0000003e   Code   RO        10558    i.HAL_RNG_Init      stm32h7xx_hal_rng.o
    0x08004798   0x00000018   Code   RO         1695    i.HAL_RNG_MspDeInit  rng_bsp.o
    0x080047b0   0x00000040   Code   RO         1696    i.HAL_RNG_MspInit   rng_bsp.o
    0x080047f0   0x00000014   Code   RO         1697    i.HAL_RNG_ReadyDataCallback  rng_bsp.o
    0x08004804   0x00000002   Code   RO        10773    i.HAL_RTCEx_AlarmBEventCallback  stm32h7xx_hal_rtc_ex.o
    0x08004806   0x0000000a   Code   RO        10774    i.HAL_RTCEx_BKUPRead  stm32h7xx_hal_rtc_ex.o
    0x08004810   0x0000000a   Code   RO        10775    i.HAL_RTCEx_BKUPWrite  stm32h7xx_hal_rtc_ex.o
    0x0800481a   0x00000002   PAD
    0x0800481c   0x000000b4   Code   RO        10784    i.HAL_RTCEx_GetTimeStamp  stm32h7xx_hal_rtc_ex.o
    0x080048d0   0x000000f8   Code   RO        10798    i.HAL_RTCEx_SetTamper_IT  stm32h7xx_hal_rtc_ex.o
    0x080049c8   0x00000074   Code   RO        10800    i.HAL_RTCEx_SetTimeStamp_IT  stm32h7xx_hal_rtc_ex.o
    0x08004a3c   0x000000fa   Code   RO        10802    i.HAL_RTCEx_SetWakeUpTimer_IT  stm32h7xx_hal_rtc_ex.o
    0x08004b36   0x00000002   PAD
    0x08004b38   0x000000b0   Code   RO         1437    i.HAL_RTCEx_Tamper1EventCallback  rtc_bsp.o
    0x08004be8   0x00000002   Code   RO        10804    i.HAL_RTCEx_Tamper2EventCallback  stm32h7xx_hal_rtc_ex.o
    0x08004bea   0x00000002   Code   RO        10805    i.HAL_RTCEx_Tamper3EventCallback  stm32h7xx_hal_rtc_ex.o
    0x08004bec   0x000000b4   Code   RO        10806    i.HAL_RTCEx_TamperTimeStampIRQHandler  stm32h7xx_hal_rtc_ex.o
    0x08004ca0   0x00000098   Code   RO         1438    i.HAL_RTCEx_TimeStampEventCallback  rtc_bsp.o
    0x08004d38   0x00000002   Code   RO         1439    i.HAL_RTCEx_WakeUpTimerEventCallback  rtc_bsp.o
    0x08004d3a   0x00000032   Code   RO        10809    i.HAL_RTCEx_WakeUpTimerIRQHandler  stm32h7xx_hal_rtc_ex.o
    0x08004d6c   0x00000024   Code   RO         1440    i.HAL_RTC_AlarmAEventCallback  rtc_bsp.o
    0x08004d90   0x00000058   Code   RO        10637    i.HAL_RTC_AlarmIRQHandler  stm32h7xx_hal_rtc.o
    0x08004de8   0x00000080   Code   RO        10640    i.HAL_RTC_GetAlarm  stm32h7xx_hal_rtc.o
    0x08004e68   0x00000048   Code   RO        10641    i.HAL_RTC_GetDate   stm32h7xx_hal_rtc.o
    0x08004eb0   0x0000005c   Code   RO        10643    i.HAL_RTC_GetTime   stm32h7xx_hal_rtc.o
    0x08004f0c   0x000000b0   Code   RO        10644    i.HAL_RTC_Init      stm32h7xx_hal_rtc.o
    0x08004fbc   0x00000050   Code   RO         1441    i.HAL_RTC_MspInit   rtc_bsp.o
    0x0800500c   0x000001c2   Code   RO        10649    i.HAL_RTC_SetAlarm_IT  stm32h7xx_hal_rtc.o
    0x080051ce   0x00000002   PAD
    0x080051d0   0x000000dc   Code   RO        10650    i.HAL_RTC_SetDate   stm32h7xx_hal_rtc.o
    0x080052ac   0x000000fc   Code   RO        10651    i.HAL_RTC_SetTime   stm32h7xx_hal_rtc.o
    0x080053a8   0x00000036   Code   RO        10652    i.HAL_RTC_WaitForSynchro  stm32h7xx_hal_rtc.o
    0x080053de   0x00000002   PAD
    0x080053e0   0x00000050   Code   RO        11579    i.HAL_SDRAM_Init    stm32h7xx_hal_sdram.o
    0x08005430   0x000000e8   Code   RO         1759    i.HAL_SDRAM_MspInit  sdram_bsp.o
    0x08005518   0x00000022   Code   RO        11582    i.HAL_SDRAM_ProgramRefreshRate  stm32h7xx_hal_sdram.o
    0x0800553a   0x00000002   PAD
    0x0800553c   0x00000030   Code   RO        11588    i.HAL_SDRAM_SendCommand  stm32h7xx_hal_sdram.o
    0x0800556c   0x00000018   Code   RO         2843    i.HAL_SYSTICK_CLKSourceConfig  stm32h7xx_hal_cortex.o
    0x08005584   0x00000026   Code   RO         2845    i.HAL_SYSTICK_Config  stm32h7xx_hal_cortex.o
    0x080055aa   0x00000002   Code   RO        13686    i.HAL_TIMEx_BreakCallback  stm32h7xx_hal_tim_ex.o
    0x080055ac   0x00000002   Code   RO        13687    i.HAL_TIMEx_CommutationCallback  stm32h7xx_hal_tim_ex.o
    0x080055ae   0x00000036   Code   RO        13044    i.HAL_TIM_Base_Init  stm32h7xx_hal_tim.o
    0x080055e4   0x00000068   Code   RO         1250    i.HAL_TIM_Base_MspInit  hardware_timer_bsp.o
    0x0800564c   0x00000018   Code   RO        13049    i.HAL_TIM_Base_Start_IT  stm32h7xx_hal_tim.o
    0x08005664   0x00000068   Code   RO         1251    i.HAL_TIM_IC_CaptureCallback  hardware_timer_bsp.o
    0x080056cc   0x0000017e   Code   RO        13086    i.HAL_TIM_IRQHandler  stm32h7xx_hal_tim.o
    0x0800584a   0x00000002   PAD
    0x0800584c   0x00000034   Code   RO         1253    i.HAL_TIM_OC_DelayElapsedCallback  hardware_timer_bsp.o
    0x08005880   0x00000128   Code   RO        13110    i.HAL_TIM_PWM_ConfigChannel  stm32h7xx_hal_tim.o
    0x080059a8   0x00000036   Code   RO        13113    i.HAL_TIM_PWM_Init  stm32h7xx_hal_tim.o
    0x080059de   0x00000002   PAD
    0x080059e0   0x00000054   Code   RO         1590    i.HAL_TIM_PWM_MspInit  pwm_bsp.o
    0x08005a34   0x00000002   Code   RO        13116    i.HAL_TIM_PWM_PulseFinishedCallback  stm32h7xx_hal_tim.o
    0x08005a36   0x00000002   PAD
    0x08005a38   0x00000058   Code   RO        13117    i.HAL_TIM_PWM_Start  stm32h7xx_hal_tim.o
    0x08005a90   0x00000002   Code   RO         1254    i.HAL_TIM_PeriodElapsedCallback  hardware_timer_bsp.o
    0x08005a92   0x00000044   Code   RO        13124    i.HAL_TIM_ReadCapturedValue  stm32h7xx_hal_tim.o
    0x08005ad6   0x00000002   Code   RO        13127    i.HAL_TIM_TriggerCallback  stm32h7xx_hal_tim.o
    0x08005ad8   0x00000002   Code   RO        14299    i.HAL_UARTEx_WakeupCallback  stm32h7xx_hal_uart_ex.o
    0x08005ada   0x00000002   Code   RO        13965    i.HAL_UART_ErrorCallback  stm32h7xx_hal_uart.o
    0x08005adc   0x0000000c   Code   RO        13967    i.HAL_UART_GetState  stm32h7xx_hal_uart.o
    0x08005ae8   0x00000180   Code   RO        13968    i.HAL_UART_IRQHandler  stm32h7xx_hal_uart.o
    0x08005c68   0x0000006a   Code   RO        13969    i.HAL_UART_Init     stm32h7xx_hal_uart.o
    0x08005cd2   0x00000002   PAD
    0x08005cd4   0x0000009c   Code   RO         1176    i.HAL_UART_MspInit  usart1_bsp.o
    0x08005d70   0x000000a8   Code   RO        13974    i.HAL_UART_Receive_IT  stm32h7xx_hal_uart.o
    0x08005e18   0x00000058   Code   RO         1177    i.HAL_UART_RxCpltCallback  usart1_bsp.o
    0x08005e70   0x00000002   Code   RO        13980    i.HAL_UART_TxCpltCallback  stm32h7xx_hal_uart.o
    0x08005e72   0x00000002   PAD
    0x08005e74   0x0000000c   Code   RO         1359    i.HAL_WWDG_EarlyWakeupCallback  wdg_bsp.o
    0x08005e80   0x0000001e   Code   RO        14610    i.HAL_WWDG_IRQHandler  stm32h7xx_hal_wwdg.o
    0x08005e9e   0x00000028   Code   RO        14611    i.HAL_WWDG_Init     stm32h7xx_hal_wwdg.o
    0x08005ec6   0x00000002   PAD
    0x08005ec8   0x0000002c   Code   RO         1360    i.HAL_WWDG_MspInit  wdg_bsp.o
    0x08005ef4   0x0000000a   Code   RO        14613    i.HAL_WWDG_Refresh  stm32h7xx_hal_wwdg.o
    0x08005efe   0x00000002   PAD
    0x08005f00   0x0000004c   Code   RO          374    i.HardFault_Handler  stm32h7xx_it.o
    0x08005f4c   0x00000010   Code   RO          830    i.LCD_Pow           lcd_bsp.o
    0x08005f5c   0x000001d0   Code   RO         8254    i.LTDC_SetConfig    stm32h7xx_hal_ltdc.o
    0x0800612c   0x00000078   Code   RO          375    i.MemManage_Handler  stm32h7xx_it.o
    0x080061a4   0x00000002   Code   RO          376    i.NMI_Handler       stm32h7xx_it.o
    0x080061a6   0x00000002   Code   RO          377    i.PendSV_Handler    stm32h7xx_it.o
    0x080061a8   0x000000d4   Code   RO        10409    i.RCCEx_PLL2_Config  stm32h7xx_hal_rcc_ex.o
    0x0800627c   0x000000d4   Code   RO        10410    i.RCCEx_PLL3_Config  stm32h7xx_hal_rcc_ex.o
    0x08006350   0x0000000c   Code   RO         1698    i.RNG_IRQHandler    rng_bsp.o
    0x0800635c   0x0000000c   Code   RO         1442    i.RTC_Alarm_IRQHandler  rtc_bsp.o
    0x08006368   0x00000012   Code   RO        10653    i.RTC_Bcd2ToByte    stm32h7xx_hal_rtc.o
    0x0800637a   0x00000016   Code   RO        10654    i.RTC_ByteToBcd2    stm32h7xx_hal_rtc.o
    0x08006390   0x0000003a   Code   RO        10655    i.RTC_EnterInitMode  stm32h7xx_hal_rtc.o
    0x080063ca   0x00000002   PAD
    0x080063cc   0x0000000c   Code   RO         1443    i.RTC_WKUP_IRQHandler  rtc_bsp.o
    0x080063d8   0x00000078   Code   RO         1101    i.SysTick_Handler   software_timer_bsp.o
    0x08006450   0x000000b0   Code   RO         1823    i.SystemClock_Config  coreboard_bsp.o
    0x08006500   0x00000088   Code   RO         1903    i.SystemInit        system_stm32h7xx.o
    0x08006588   0x00000018   Code   RO         1444    i.TAMP_STAMP_IRQHandler  rtc_bsp.o
    0x080065a0   0x0000000c   Code   RO         1255    i.TIM1_CC_IRQHandler  hardware_timer_bsp.o
    0x080065ac   0x00000034   Code   RO         1257    i.TIM4_IRQHandler   hardware_timer_bsp.o
    0x080065e0   0x0000000c   Code   RO         1258    i.TIM5_IRQHandler   hardware_timer_bsp.o
    0x080065ec   0x000000c4   Code   RO        13128    i.TIM_Base_SetConfig  stm32h7xx_hal_tim.o
    0x080066b0   0x00000016   Code   RO        13129    i.TIM_CCxChannelCmd  stm32h7xx_hal_tim.o
    0x080066c6   0x00000002   PAD
    0x080066c8   0x000000a8   Code   RO        13137    i.TIM_OC1_SetConfig  stm32h7xx_hal_tim.o
    0x08006770   0x00000098   Code   RO        13138    i.TIM_OC2_SetConfig  stm32h7xx_hal_tim.o
    0x08006808   0x0000008c   Code   RO        13139    i.TIM_OC3_SetConfig  stm32h7xx_hal_tim.o
    0x08006894   0x0000006c   Code   RO        13140    i.TIM_OC4_SetConfig  stm32h7xx_hal_tim.o
    0x08006900   0x0000006c   Code   RO        13141    i.TIM_OC5_SetConfig  stm32h7xx_hal_tim.o
    0x0800696c   0x0000006c   Code   RO        13142    i.TIM_OC6_SetConfig  stm32h7xx_hal_tim.o
    0x080069d8   0x00000064   Code   RO         1361    i.TimeoutCalculation  wdg_bsp.o
    0x08006a3c   0x000000c8   Code   RO        13982    i.UART_AdvFeatureConfig  stm32h7xx_hal_uart.o
    0x08006b04   0x0000005c   Code   RO        13983    i.UART_CheckIdleState  stm32h7xx_hal_uart.o
    0x08006b60   0x00000014   Code   RO        13984    i.UART_DMAAbortOnError  stm32h7xx_hal_uart.o
    0x08006b74   0x0000001c   Code   RO        13994    i.UART_EndRxTransfer  stm32h7xx_hal_uart.o
    0x08006b90   0x00000076   Code   RO        13996    i.UART_Receive_IT   stm32h7xx_hal_uart.o
    0x08006c06   0x00000002   PAD
    0x08006c08   0x000004e8   Code   RO        13997    i.UART_SetConfig    stm32h7xx_hal_uart.o
    0x080070f0   0x00000076   Code   RO        13998    i.UART_Transmit_IT  stm32h7xx_hal_uart.o
    0x08007166   0x00000064   Code   RO        13999    i.UART_WaitOnFlagUntilTimeout  stm32h7xx_hal_uart.o
    0x080071ca   0x00000002   PAD
    0x080071cc   0x00000044   Code   RO         1178    i.USART1_IRQHandler  usart1_bsp.o
    0x08007210   0x00000002   Code   RO          378    i.UsageFault_Handler  stm32h7xx_it.o
    0x08007212   0x00000002   PAD
    0x08007214   0x0000000c   Code   RO         1362    i.WWDG_IRQHandler   wdg_bsp.o
    0x08007220   0x00000022   Code   RO         2847    i.__NVIC_SetPriority  stm32h7xx_hal_cortex.o
    0x08007242   0x0000000e   Code   RO        15474    i._is_digit         c_w.l(__printf_wp.o)
    0x08007250   0x00000002   Code   RO         1179    i._sys_exit         usart1_bsp.o
    0x08007252   0x00000002   PAD
    0x08007254   0x00000014   Code   RO         1180    i.fputc             usart1_bsp.o
    0x08007268   0x0000000a   Code   RO            4    i.main              main.o
    0x08007272   0x00000004   Code   RO          511    i.read_addr         user_dbg.o
    0x08007276   0x00000002   PAD
    0x08007278   0x00000094   Code   RO          512    i.usmart_cmd_rec    user_dbg.o
    0x0800730c   0x00000264   Code   RO          513    i.usmart_exe        user_dbg.o
    0x08007570   0x000000a6   Code   RO          591    i.usmart_get_aparm  user_dbg_str.o
    0x08007616   0x0000002e   Code   RO          592    i.usmart_get_cmdname  user_dbg_str.o
    0x08007644   0x00000174   Code   RO          593    i.usmart_get_fname  user_dbg_str.o
    0x080077b8   0x000000e4   Code   RO          594    i.usmart_get_fparam  user_dbg_str.o
    0x0800789c   0x00000024   Code   RO          595    i.usmart_get_parmpos  user_dbg_str.o
    0x080078c0   0x00000034   Code   RO          514    i.usmart_get_runtime  user_dbg.o
    0x080078f4   0x0000001c   Code   RO          515    i.usmart_init       user_dbg.o
    0x08007910   0x00000010   Code   RO          596    i.usmart_pow        user_dbg_str.o
    0x08007920   0x0000002c   Code   RO          516    i.usmart_reset_runtime  user_dbg.o
    0x0800794c   0x000000a4   Code   RO          517    i.usmart_scan       user_dbg.o
    0x080079f0   0x00000010   Code   RO          597    i.usmart_search_nextc  user_dbg_str.o
    0x08007a00   0x000000d8   Code   RO          598    i.usmart_str2num    user_dbg_str.o
    0x08007ad8   0x00000018   Code   RO          599    i.usmart_strcmp     user_dbg_str.o
    0x08007af0   0x00000012   Code   RO          600    i.usmart_strcopy    user_dbg_str.o
    0x08007b02   0x00000012   Code   RO          601    i.usmart_strlen     user_dbg_str.o
    0x08007b14   0x00000518   Code   RO          518    i.usmart_sys_cmd_exe  user_dbg.o
    0x0800802c   0x00000004   Code   RO          519    i.write_addr        user_dbg.o
    0x08008030   0x0000000a   Code   RO        15620    x$fpl$fpinit        fz_wv.l(fpinit.o)
    0x0800803a   0x00000002   PAD
    0x0800803c   0x00000018   Data   RO          705    .constdata          led_bsp.o
    0x08008054   0x00004740   Data   RO          835    .constdata          lcd_bsp.o
    0x0800c794   0x000001c8   Data   RO         1637    .constdata          crc_bsp.o
    0x0800c95c   0x00000010   Data   RO         1904    .constdata          system_stm32h7xx.o
    0x0800c96c   0x00000018   Data   RO        14000    .constdata          stm32h7xx_hal_uart.o
    0x0800c984   0x00000028   Data   RO        15447    .constdata          c_w.l(_printf_hex_int.o)
    0x0800c9ac   0x00000011   Data   RO        15482    .constdata          c_w.l(__printf_flags_ss_wp.o)
    0x0800c9bd   0x00000003   PAD
    0x0800c9c0   0x0000013c   Data   RO          520    .conststring        user_dbg.o
    0x0800cafc   0x000005a6   Data   RO          670    .conststring        user_dbg_config.o
    0x0800d0a2   0x00000002   PAD
    0x0800d0a4   0x00000020   Data   RO        15676    Region$$Table       anon$$obj.o


    Execution Region RW_IRAM1 (Base: 0x20000000, Size: 0x00000000, Max: 0x00020000, ABSOLUTE)

    **** No section assigned to this execution region ****


    Execution Region RW_IRAM2 (Base: 0x24000000, Size: 0x0000a940, Max: 0x00080000, ABSOLUTE, COMPRESSED[0x0000011c])

    Base Addr    Size         Type   Attr      Idx    E Section Name        Object

    0x24000000   0x0000001c   Data   RW          521    .data               user_dbg.o
    0x2400001c   0x000000c0   Data   RW          671    .data               user_dbg_config.o
    0x240000dc   0x000000f4   Data   RW          672    .data               user_dbg_config.o
    0x240001d0   0x00000010   Data   RW          836    .data               lcd_bsp.o
    0x240001e0   0x00000010   Data   RW         1105    .data               software_timer_bsp.o
    0x240001f0   0x00000004   Data   RW         1182    .data               usart1_bsp.o
    0x240001f4   0x00000004   Data   RW         1183    .data               usart1_bsp.o
    0x240001f8   0x00000024   Data   RW         1261    .data               hardware_timer_bsp.o
    0x2400021c   0x00000088   Data   RW         1448    .data               rtc_bsp.o
    0x240002a4   0x00000004   Data   RW         1638    .data               crc_bsp.o
    0x240002a8   0x00000004   Data   RW         1700    .data               rng_bsp.o
    0x240002ac   0x00000001   Data   RW         1825    .data               coreboard_bsp.o
    0x240002ad   0x00000003   PAD
    0x240002b0   0x00000004   Data   RW         1905    .data               system_stm32h7xx.o
    0x240002b4   0x00000004   Data   RW         1906    .data               system_stm32h7xx.o
    0x240002b8   0x0000000c   Data   RW         1989    .data               stm32h7xx_hal.o
    0x240002c4   0x00000122   Zero   RW          833    .bss                lcd_bsp.o
    0x240003e6   0x00000002   PAD
    0x240003e8   0x00000030   Zero   RW         1102    .bss                software_timer_bsp.o
    0x24000418   0x00000148   Zero   RW         1181    .bss                usart1_bsp.o
    0x24000560   0x000000ec   Zero   RW         1260    .bss                hardware_timer_bsp.o
    0x2400064c   0x00000024   Zero   RW         1363    .bss                wdg_bsp.o
    0x24000670   0x000000e4   Zero   RW         1445    .bss                rtc_bsp.o
    0x24000754   0x0000005c   Zero   RW         1591    .bss                pwm_bsp.o
    0x240007b0   0x00000024   Zero   RW         1636    .bss                crc_bsp.o
    0x240007d4   0x00000010   Zero   RW         1699    .bss                rng_bsp.o
    0x240007e4   0x00000034   Zero   RW         1760    .bss                sdram_bsp.o
    0x24000818   0x000000c8   Zero   RW         1824    .bss                coreboard_bsp.o
    0x240008e0   0x00000060   Zero   RW        15552    .bss                c_w.l(libspace.o)
    0x24000940   0x00007000   Zero   RW        15397    HEAP                startup_stm32h743xx.o
    0x24007940   0x00003000   Zero   RW        15396    STACK               startup_stm32h743xx.o



  Load Region LR$$.ARM.__AT_0xC0000000 (Base: 0xc0000000, Size: 0x00000000, Max: 0x001f4000, ABSOLUTE)

    Execution Region ER$$.ARM.__AT_0xC0000000 (Base: 0xc0000000, Size: 0x001f4000, Max: 0x001f4000, ABSOLUTE, UNINIT)

    Base Addr    Size         Type   Attr      Idx    E Section Name        Object

    0xc0000000   0x001f4000   Zero   RW          832    .ARM.__AT_0xC0000000  lcd_bsp.o


==============================================================================

Image component sizes


      Code (inc. data)   RO Data    RW Data    ZI Data      Debug   Object Name

      1196        208          0          1        200      43349   coreboard_bsp.o
       200         52        456          4         36       3817   crc_bsp.o
       470         70          0         36        236       7219   hardware_timer_bsp.o
      4480        256      18240         16    2048290      33748   lcd_bsp.o
       404         94         24          0          0       3726   led_bsp.o
        10          0          0          0          0    1288183   main.o
       172         20          0          0         92       2371   pwm_bsp.o
       192         28          0          4         16       4308   rng_bsp.o
      1258        400          0        136        228      14563   rtc_bsp.o
       456         44          0          0         52       3798   sdram_bsp.o
       276         24          0         16         48       8697   software_timer_bsp.o
        64         26        664          0      40960        816   startup_stm32h743xx.o
       122         20          0         12          0       3911   stm32h7xx_hal.o
       222         12          0          0          0      39077   stm32h7xx_hal_cortex.o
       466          6          0          0          0       4524   stm32h7xx_hal_crc.o
        74          0          0          0          0       1223   stm32h7xx_hal_crc_ex.o
       148         10          0          0          0       2115   stm32h7xx_hal_dma.o
       528         50          0          0          0       3916   stm32h7xx_hal_gpio.o
       106          0          0          0          0       1783   stm32h7xx_hal_iwdg.o
       962          6          0          0          0       4917   stm32h7xx_hal_ltdc.o
        16          4          0          0          0        547   stm32h7xx_hal_pwr.o
        52          4          0          0          0        714   stm32h7xx_hal_pwr_ex.o
      2128         82          0          0          0       6432   stm32h7xx_hal_rcc.o
      3564        120          0          0          0       8807   stm32h7xx_hal_rcc_ex.o
       240          0          0          0          0       3187   stm32h7xx_hal_rng.o
      1630         26          0          0          0      10475   stm32h7xx_hal_rtc.o
      1050         22          0          0          0       8785   stm32h7xx_hal_rtc_ex.o
       162          4          0          0          0       2736   stm32h7xx_hal_sdram.o
      1972        190          0          0          0      13961   stm32h7xx_hal_tim.o
         4          0          0          0          0       1746   stm32h7xx_hal_tim_ex.o
      2606        124         24          0          0      33444   stm32h7xx_hal_uart.o
         2          0          0          0          0       1008   stm32h7xx_hal_uart_ex.o
        80          0          0          0          0       2261   stm32h7xx_hal_wwdg.o
       206        104          0          0          0      38121   stm32h7xx_it.o
       278          6          0          0          0       3392   stm32h7xx_ll_fmc.o
       136         18         16          8          0       1546   system_stm32h7xx.o
       398         52          0          8        328       6159   usart1_bsp.o
      2360       1000        316         28          0       7154   user_dbg.o
         0          0       1446        436          0       1680   user_dbg_config.o
      1156         22          0          0          0       9943   user_dbg_str.o
       384         64          0          0         36       5392   wdg_bsp.o

    ----------------------------------------------------------------------
     30286       3168      21220        708    2090524    1643551   Object Totals
         0          0         32          0          0          0   (incl. Generated)
        56          0          2          3          2          0   (incl. Padding)

    ----------------------------------------------------------------------

      Code (inc. data)   RO Data    RW Data    ZI Data      Debug   Library Member Name

        90          0          0          0          0          0   __dczerorl2.o
         8          0          0          0          0         68   __main.o
       392          4         17          0          0         92   __printf_flags_ss_wp.o
        14          0          0          0          0         68   __printf_wp.o
         0          0          0          0          0          0   __rtentry.o
        12          0          0          0          0          0   __rtentry2.o
         6          0          0          0          0          0   __rtentry4.o
        52          8          0          0          0          0   __scatter.o
        28          0          0          0          0          0   __scatter_zi.o
         6          0          0          0          0          0   _printf_c.o
        44          0          0          0          0        108   _printf_char.o
        48          6          0          0          0         96   _printf_char_common.o
        36          4          0          0          0         80   _printf_char_file.o
         6          0          0          0          0          0   _printf_d.o
       120         16          0          0          0         92   _printf_dec.o
        88          4         40          0          0         88   _printf_hex_int.o
       178          0          0          0          0         88   _printf_intcommon.o
        78          0          0          0          0        108   _printf_pad.o
         0          0          0          0          0          0   _printf_percent.o
         4          0          0          0          0          0   _printf_percent_end.o
         6          0          0          0          0          0   _printf_s.o
        82          0          0          0          0         80   _printf_str.o
         6          0          0          0          0          0   _printf_u.o
         6          0          0          0          0          0   _printf_x.o
        10          0          0          0          0         68   _sputc.o
        18          0          0          0          0         80   exit.o
         8          0          0          0          0         68   ferror.o
         6          0          0          0          0        152   heapauxi.o
         2          0          0          0          0          0   libinit.o
         6          0          0          0          0          0   libinit2.o
         2          0          0          0          0          0   libshutdown.o
         2          0          0          0          0          0   libshutdown2.o
         8          4          0          0         96         68   libspace.o
       238          0          0          0          0        100   lludivv7m.o
        24          4          0          0          0         84   noretval__2printf.o
        40          6          0          0          0         84   noretval__2sprintf.o
       100          0          0          0          0         80   rt_memcpy_w.o
         2          0          0          0          0          0   rtexit.o
        10          0          0          0          0          0   rtexit2.o
        74          0          0          0          0         80   sys_stackheap_outer.o
        10          0          0          0          0        116   fpinit.o

    ----------------------------------------------------------------------
      1878         56         60          0         96       1948   Library Totals
         8          0          3          0          0          0   (incl. Padding)

    ----------------------------------------------------------------------

      Code (inc. data)   RO Data    RW Data    ZI Data      Debug   Library Name

      1860         56         57          0         96       1832   c_w.l
        10          0          0          0          0        116   fz_wv.l

    ----------------------------------------------------------------------
      1878         56         60          0         96       1948   Library Totals

    ----------------------------------------------------------------------

==============================================================================


      Code (inc. data)   RO Data    RW Data    ZI Data      Debug   

     32164       3224      21280        708    2090620    1620115   Grand Totals
     32164       3224      21280        284    2090620    1620115   ELF Image Totals (compressed)
     32164       3224      21280        284          0          0   ROM Totals

==============================================================================

    Total RO  Size (Code + RO Data)                53444 (  52.19kB)
    Total RW  Size (RW Data + ZI Data)           2091328 (2042.31kB)
    Total ROM Size (Code + RO Data + RW Data)      53728 (  52.47kB)

==============================================================================

