<html>
<body>
<pre>
<h1>µVision Build Log</h1>
<h2>Tool Versions:</h2>
IDE-Version: µVision V5.23.0.0
Copyright (C) 2017 ARM Ltd and ARM Germany GmbH. All rights reserved.
License Information: 111 AutoBVT, Microsoft, LIC=UJWAR-KCPSR-7RHX3-ADK95-58IHS-AJFY4
 
Tool Versions:
Toolchain:       MDK-ARM Plus  Version: 5.23
Toolchain Path:  C:\Keil_v5\ARM\ARMCC\Bin
C Compiler:      Armcc.exe V5.06 update 4 (build 422)
Assembler:       Armasm.exe V5.06 update 4 (build 422)
Linker/Locator:  ArmLink.exe V5.06 update 4 (build 422)
Library Manager: ArmAr.exe V5.06 update 4 (build 422)
Hex Converter:   FromElf.exe V5.06 update 4 (build 422)
CPU DLL:         SARMCM3.DLL V5.23
Dialog DLL:      DCM.DLL V1.15.0.0
Target DLL:      STLink\ST-LINKIII-KEIL_SWO.dll V2.0.18.0
Dialog DLL:      TCM.DLL V1.27.0.0
 
<h2>Project:</h2>
C:\Users\cme\Desktop\STM32H7_CoreBoard\Projects\STM32H7_CoreBoard.uvprojx
Project File Date:  09/02/2018

<h2>Output:</h2>
*** Using Compiler 'V5.06 update 4 (build 422)', folder: 'C:\Keil_v5\ARM\ARMCC\Bin'
Build target 'STM32H7_CoreBoard'
compiling main.c...
compiling stm32h7xx_it.c...
compiling user_dbg.c...
compiling user_dbg_config.c...
compiling Led_Bsp.c...
compiling user_dbg_str.c...
compiling Mpu_Bsp.c...
compiling Usart1_Bsp.c...
compiling Lcd_Bsp.c...
compiling Software_Timer_Bsp.c...
compiling Hardware_Timer_Bsp.c...
compiling Wdg_Bsp.c...
compiling Rtc_Bsp.c...
compiling Pwm_Bsp.c...
compiling Crc_Bsp.c...
compiling Sdram_Bsp.c...
compiling Coreboard_Bsp.c...
compiling Rng_Bsp.c...
compiling Template.c...
linking...
Program Size: Code=32164 RO-data=21280 RW-data=708 ZI-data=2090620  
FromELF: creating hex file...
".\Objects\STM32H7_CoreBoard_Exe.axf" - 0 Error(s), 0 Warning(s).

<h2>Collection of Component include folders:</h2>
  .\RTE\_STM32H7_CoreBoard
  C:\Keil_v5\ARM\PACK\Keil\STM32H7xx_DFP\2.1.0\Drivers\CMSIS\Device\ST\STM32H7xx\Include

<h2>Collection of Component Files used:</h2>
Build Time Elapsed:  00:00:13
</pre>
</body>
</html>
